04-22 13:28:10.830 12529 12619 D dalvikvm: GC_EXPLICIT freed 309K, 41% free 12333K/20624K, paused 7ms+3ms, total 54ms
04-22 13:28:15.184 12529 12533 D dalvikvm: GC_CONCURRENT freed 1049K, 41% free 12334K/20624K, paused 4ms+1ms, total 34ms
04-22 13:28:16.876 12529 12619 D dalvikvm: GC_EXPLICIT freed 310K, 41% free 12333K/20624K, paused 6ms+10ms, total 72ms
04-22 13:28:21.341 12529 12533 D dalvikvm: GC_CONCURRENT freed 1048K, 41% free 12334K/20624K, paused 3ms+2ms, total 23ms
04-22 13:28:23.033 12529 12619 D dalvikvm: GC_EXPLICIT freed 311K, 41% free 12333K/20624K, paused 6ms+12ms, total 71ms
04-22 13:28:27.478 12529 12533 D dalvikvm: GC_CONCURRENT freed 1056K, 41% free 12336K/20624K, paused 5ms+6ms, total 62ms
04-22 13:28:29.129 12529 12619 D dalvikvm: GC_EXPLICIT freed 303K, 41% free 12333K/20624K, paused 5ms+12ms, total 80ms
04-22 13:28:33.584 12529 12533 D dalvikvm: GC_CONCURRENT freed 1050K, 41% free 12333K/20624K, paused 3ms+3ms, total 25ms
04-22 13:28:35.266 12529 12619 D dalvikvm: GC_EXPLICIT freed 309K, 41% free 12333K/20624K, paused 4ms+7ms, total 58ms
04-22 13:28:39.961 12529 12533 D dalvikvm: GC_CONCURRENT freed 1055K, 41% free 12334K/20624K, paused 5ms+7ms, total 59ms
04-22 13:28:41.633 12529 12535 I dalvikvm: hprof: dumping heap strings to "[DDMS]".
04-22 13:28:44.986 12529 12535 I dalvikvm: hprof: heap dump completed (13120KB)
04-22 13:28:45.297 12529 12619 D dalvikvm: GC_EXPLICIT freed 306K, 41% free 12333K/20624K, paused 2ms+4ms, total 32ms
04-22 13:28:49.781 12529 12533 D dalvikvm: GC_CONCURRENT freed 1054K, 41% free 12334K/20624K, paused 5ms+6ms, total 49ms
04-22 13:28:51.393 12529 12619 D dalvikvm: GC_EXPLICIT freed 304K, 41% free 12333K/20624K, paused 9ms+4ms, total 38ms
04-22 13:28:55.728 12529 12533 D dalvikvm: GC_CONCURRENT freed 1048K, 41% free 12339K/20624K, paused 4ms+8ms, total 40ms
04-22 13:28:57.380 12529 12619 D dalvikvm: GC_EXPLICIT freed 311K, 41% free 12333K/20624K, paused 6ms+2ms, total 49ms
04-22 13:29:00.002   589   679 W SystemClock: time going backwards: prev 16555966179430(ioctl) vs now 16555961845538(ioctl), tid=679
04-22 13:29:01.784 12529 12533 D dalvikvm: GC_CONCURRENT freed 1054K, 41% free 12334K/20624K, paused 5ms+1ms, total 51ms
04-22 13:29:03.476 12529 12619 D dalvikvm: GC_EXPLICIT freed 304K, 41% free 12333K/20624K, paused 5ms+7ms, total 59ms
04-22 13:29:07.851 12529 12533 D dalvikvm: GC_CONCURRENT freed 1046K, 41% free 12334K/20624K, paused 3ms+2ms, total 23ms
04-22 13:29:09.532 12529 12619 D dalvikvm: GC_EXPLICIT freed 314K, 41% free 12333K/20624K, paused 5ms+3ms, total 57ms
04-22 13:29:13.947 12529 12533 D dalvikvm: GC_CONCURRENT freed 1054K, 41% free 12333K/20624K, paused 6ms+6ms, total 52ms
04-22 13:29:15.619 12529 12619 D dalvikvm: GC_EXPLICIT freed 305K, 41% free 12333K/20624K, paused 9ms+10ms, total 78ms
04-22 13:29:20.014 12529 12533 D dalvikvm: GC_CONCURRENT freed 1055K, 41% free 12334K/20624K, paused 6ms+8ms, total 63ms
04-22 13:29:21.635 12529 12619 D dalvikvm: GC_EXPLICIT freed 305K, 41% free 12333K/20624K, paused 4ms+3ms, total 52ms
04-22 13:29:26.000 12529 12533 D dalvikvm: GC_CONCURRENT freed 1046K, 41% free 12337K/20624K, paused 3ms+3ms, total 27ms
04-22 13:29:27.682 12529 12619 D dalvikvm: GC_EXPLICIT freed 313K, 41% free 12333K/20624K, paused 6ms+3ms, total 54ms
04-22 13:29:32.026 12529 12533 D dalvikvm: GC_CONCURRENT freed 1051K, 41% free 12338K/20624K, paused 5ms+5ms, total 50ms
04-22 13:29:33.668 12529 12619 D dalvikvm: GC_EXPLICIT freed 309K, 41% free 12333K/20624K, paused 6ms+9ms, total 69ms
04-22 13:29:38.083 12529 12533 D dalvikvm: GC_CONCURRENT freed 1050K, 41% free 12341K/20624K, paused 5ms+6ms, total 58ms
04-22 13:29:39.735 12529 12619 D dalvikvm: GC_EXPLICIT freed 309K, 41% free 12333K/20624K, paused 4ms+4ms, total 37ms
04-22 13:29:44.119 12529 12533 D dalvikvm: GC_CONCURRENT freed 1049K, 41% free 12337K/20624K, paused 4ms+3ms, total 38ms
04-22 13:29:45.801 12529 12619 D dalvikvm: GC_EXPLICIT freed 310K, 41% free 12333K/20624K, paused 6ms+9ms, total 66ms
04-22 13:29:50.266 12529 12533 D dalvikvm: GC_CONCURRENT freed 1048K, 41% free 12335K/20624K, paused 4ms+4ms, total 34ms
04-22 13:29:52.118 12529 12619 D dalvikvm: GC_EXPLICIT freed 311K, 41% free 12333K/20624K, paused 9ms+10ms, total 79ms
04-22 13:29:56.533 12529 12533 D dalvikvm: GC_CONCURRENT freed 1054K, 41% free 12338K/20624K, paused 6ms+3ms, total 54ms
04-22 13:29:58.274 12529 12619 D dalvikvm: GC_EXPLICIT freed 305K, 41% free 12333K/20624K, paused 6ms+4ms, total 50ms
04-22 13:30:02.639 12529 12533 D dalvikvm: GC_CONCURRENT freed 1046K, 41% free 12336K/20624K, paused 3ms+2ms, total 25ms
04-22 13:30:04.361 12529 12619 D dalvikvm: GC_EXPLICIT freed 313K, 41% free 12333K/20624K, paused 6ms+9ms, total 70ms
04-22 13:30:08.986 12529 12533 D dalvikvm: GC_CONCURRENT freed 1054K, 41% free 12335K/20624K, paused 6ms+6ms, total 52ms
04-22 13:30:10.648 12529 12619 D dalvikvm: GC_EXPLICIT freed 306K, 41% free 12333K/20624K, paused 5ms+8ms, total 57ms
04-22 13:30:15.132 12529 12533 D dalvikvm: GC_CONCURRENT freed 1052K, 41% free 12335K/20624K, paused 5ms+9ms, total 60ms
04-22 13:30:16.774 12529 12619 D dalvikvm: GC_EXPLICIT freed 307K, 41% free 12333K/20624K, paused 6ms+2ms, total 50ms
04-22 13:30:21.229 12529 12533 D dalvikvm: GC_CONCURRENT freed 1055K, 41% free 12337K/20624K, paused 8ms+10ms, total 78ms
04-22 13:30:22.801 12529 12619 D dalvikvm: GC_EXPLICIT freed 304K, 41% free 12333K/20624K, paused 2ms+3ms, total 27ms
04-22 13:30:27.205 12529 12533 D dalvikvm: GC_CONCURRENT freed 1055K, 41% free 12337K/20624K, paused 4ms+8ms, total 61ms
04-22 13:30:28.827 12529 12619 D dalvikvm: GC_EXPLICIT freed 305K, 41% free 12333K/20624K, paused 4ms+3ms, total 41ms
04-22 13:30:33.252 12529 12533 D dalvikvm: GC_CONCURRENT freed 1053K, 41% free 12334K/20624K, paused 6ms+9ms, total 55ms
04-22 13:30:34.924 12529 12619 D dalvikvm: GC_EXPLICIT freed 306K, 41% free 12333K/20624K, paused 10ms+9ms, total 75ms
04-22 13:30:39.368 12529 12533 D dalvikvm: GC_CONCURRENT freed 1049K, 41% free 12334K/20624K, paused 4ms+6ms, total 49ms
04-22 13:30:41.080 12529 12619 D dalvikvm: GC_EXPLICIT freed 310K, 41% free 12333K/20624K, paused 6ms+3ms, total 56ms
04-22 13:30:45.505 12529 12533 D dalvikvm: GC_CONCURRENT freed 1048K, 41% free 12339K/20624K, paused 2ms+2ms, total 36ms
04-22 13:30:47.157 12529 12619 D dalvikvm: GC_EXPLICIT freed 311K, 41% free 12333K/20624K, paused 3ms+6ms, total 46ms
04-22 13:30:51.531 12529 12533 D dalvikvm: GC_CONCURRENT freed 1046K, 41% free 12335K/20624K, paused 4ms+2ms, total 28ms
04-22 13:30:53.203 12529 12619 D dalvikvm: GC_EXPLICIT freed 312K, 41% free 12333K/20624K, paused 7ms+8ms, total 63ms
04-22 13:30:57.558 12529 12533 D dalvikvm: GC_CONCURRENT freed 1047K, 41% free 12334K/20624K, paused 3ms+3ms, total 25ms
04-22 13:30:59.330 12529 12619 D dalvikvm: GC_EXPLICIT freed 313K, 41% free 12333K/20624K, paused 5ms+8ms, total 58ms
04-22 13:31:03.764 12529 12533 D dalvikvm: GC_CONCURRENT freed 1050K, 41% free 12340K/20624K, paused 5ms+11ms, total 72ms
04-22 13:31:05.356 12529 12619 D dalvikvm: GC_EXPLICIT freed 309K, 41% free 12333K/20624K, paused 6ms+7ms, total 53ms
04-22 13:31:09.781 12529 12533 D dalvikvm: GC_CONCURRENT freed 1058K, 41% free 12334K/20624K, paused 7ms+7ms, total 76ms
04-22 13:31:11.483 12529 12619 D dalvikvm: GC_EXPLICIT freed 301K, 41% free 12333K/20624K, paused 5ms+7ms, total 59ms
04-22 13:31:15.917 12529 12533 D dalvikvm: GC_CONCURRENT freed 1055K, 41% free 12339K/20624K, paused 6ms+5ms, total 81ms
04-22 13:31:16.458  1816  1816 I com.appcelerator.cloud.push.PushService: PushService status changed. ACTION=CF.KEEP_ALIVE
04-22 13:31:17.679 12529 12619 D dalvikvm: GC_EXPLICIT freed 305K, 41% free 12333K/20624K, paused 6ms+3ms, total 60ms
04-22 13:31:22.084 12529 12533 D dalvikvm: GC_CONCURRENT freed 1049K, 41% free 12334K/20624K, paused 5ms+5ms, total 47ms
04-22 13:31:23.776 12529 12619 D dalvikvm: GC_EXPLICIT freed 311K, 41% free 12333K/20624K, paused 8ms+10ms, total 62ms
04-22 13:31:28.190 12529 12533 D dalvikvm: GC_CONCURRENT freed 1049K, 41% free 12336K/20624K, paused 4ms+4ms, total 46ms
04-22 13:31:29.892 12529 12619 D dalvikvm: GC_EXPLICIT freed 310K, 41% free 12333K/20624K, paused 6ms+3ms, total 50ms
04-22 13:31:33.917   747   752 D dalvikvm: GC_CONCURRENT freed 1635K, 13% free 12125K/13784K, paused 5ms+9ms, total 68ms
04-22 13:31:34.297 12529 12533 D dalvikvm: GC_CONCURRENT freed 1046K, 41% free 12336K/20624K, paused 4ms+4ms, total 31ms
04-22 13:31:35.989 12529 12619 D dalvikvm: GC_EXPLICIT freed 313K, 41% free 12333K/20624K, paused 6ms+3ms, total 56ms
04-22 13:31:38.121   173   225 E ThermalDaemon: Sensor 'batt_therm' - alarm raised 1 at 36.0 degC
04-22 13:31:38.121   173   225 E ThermalDaemon: ACTION: LCD - Setting max LCD brightness to 240
04-22 13:31:40.423 12529 12533 D dalvikvm: GC_CONCURRENT freed 1054K, 41% free 12337K/20624K, paused 5ms+8ms, total 64ms
04-22 13:31:42.075 12529 12619 D dalvikvm: GC_EXPLICIT freed 305K, 41% free 12333K/20624K, paused 6ms+12ms, total 67ms
04-22 13:31:46.510 12529 12533 D dalvikvm: GC_CONCURRENT freed 1054K, 41% free 12336K/20624K, paused 3ms+7ms, total 68ms
04-22 13:31:48.182 12529 12619 D dalvikvm: GC_EXPLICIT freed 304K, 41% free 12333K/20624K, paused 6ms+3ms, total 54ms
04-22 13:31:52.566 12529 12533 D dalvikvm: GC_CONCURRENT freed 1050K, 41% free 12335K/20624K, paused 3ms+4ms, total 47ms
04-22 13:31:54.268 12529 12619 D dalvikvm: GC_EXPLICIT freed 310K, 41% free 12333K/20624K, paused 4ms+6ms, total 51ms
04-22 13:31:58.673 12529 12533 D dalvikvm: GC_CONCURRENT freed 1050K, 41% free 12338K/20624K, paused 5ms+6ms, total 56ms
04-22 13:31:59.994   589   610 I ActivityManager: No longer want jp.co.omronsoft.iwnnime.ml (pid 12365): empty #17
04-22 13:32:00.335 12529 12619 D dalvikvm: GC_EXPLICIT freed 309K, 41% free 12333K/20624K, paused 6ms+2ms, total 50ms
04-22 13:32:04.729 12529 12533 D dalvikvm: GC_CONCURRENT freed 1054K, 41% free 12333K/20624K, paused 5ms+2ms, total 43ms
04-22 13:32:06.361 12529 12619 D dalvikvm: GC_EXPLICIT freed 305K, 41% free 12333K/20624K, paused 4ms+6ms, total 52ms
04-22 13:32:10.786 12529 12533 D dalvikvm: GC_CONCURRENT freed 1054K, 41% free 12337K/20624K, paused 5ms+2ms, total 56ms
04-22 13:32:13.068 12529 12619 D dalvikvm: GC_EXPLICIT freed 306K, 41% free 12333K/20624K, paused 2ms+3ms, total 26ms
04-22 13:32:17.433 12529 12533 D dalvikvm: GC_CONCURRENT freed 1049K, 41% free 12334K/20624K, paused 4ms+3ms, total 38ms
04-22 13:32:19.185 12529 12619 D dalvikvm: GC_EXPLICIT freed 310K, 41% free 12333K/20624K, paused 6ms+9ms, total 71ms
04-22 13:32:23.630 12529 12533 D dalvikvm: GC_CONCURRENT freed 1050K, 41% free 12342K/20624K, paused 4ms+3ms, total 63ms
04-22 13:32:25.321 12529 12619 D dalvikvm: GC_EXPLICIT freed 309K, 41% free 12333K/20624K, paused 5ms+10ms, total 68ms
04-22 13:32:29.766 12529 12533 D dalvikvm: GC_CONCURRENT freed 1055K, 41% free 12338K/20624K, paused 6ms+12ms, total 81ms
04-22 13:32:31.468 12529 12619 D dalvikvm: GC_EXPLICIT freed 304K, 41% free 12333K/20624K, paused 4ms+9ms, total 67ms
04-22 13:32:35.873 12529 12533 D dalvikvm: GC_CONCURRENT freed 1049K, 41% free 12334K/20624K, paused 5ms+4ms, total 51ms
04-22 13:32:37.544 12529 12619 D dalvikvm: GC_EXPLICIT freed 311K, 41% free 12333K/20624K, paused 6ms+6ms, total 54ms
04-22 13:32:42.009 12529 12533 D dalvikvm: GC_CONCURRENT freed 1050K, 41% free 12346K/20624K, paused 4ms+11ms, total 72ms
04-22 13:32:43.631 12529 12619 D dalvikvm: GC_EXPLICIT freed 309K, 41% free 12333K/20624K, paused 6ms+10ms, total 80ms
04-22 13:32:44.722 11852 11854 D dalvikvm: GC_CONCURRENT freed 474K, 6% free 10236K/10844K, paused 12ms+4ms, total 96ms
04-22 13:32:48.046 12529 12533 D dalvikvm: GC_CONCURRENT freed 1053K, 41% free 12334K/20624K, paused 6ms+6ms, total 58ms
04-22 13:32:49.687 12529 12619 D dalvikvm: GC_EXPLICIT freed 306K, 41% free 12333K/20624K, paused 8ms+2ms, total 45ms
04-22 13:32:54.142 12529 12533 D dalvikvm: GC_CONCURRENT freed 1054K, 41% free 12344K/20624K, paused 5ms+3ms, total 81ms
04-22 13:32:55.774 12529 12619 D dalvikvm: GC_EXPLICIT freed 305K, 41% free 12333K/20624K, paused 6ms+13ms, total 70ms
04-22 13:33:00.209 12529 12533 D dalvikvm: GC_CONCURRENT freed 1050K, 41% free 12335K/20624K, paused 3ms+5ms, total 45ms
04-22 13:33:01.920 12529 12619 D dalvikvm: GC_EXPLICIT freed 309K, 41% free 12333K/20624K, paused 4ms+6ms, total 49ms
04-22 13:33:06.325 12529 12533 D dalvikvm: GC_CONCURRENT freed 1049K, 41% free 12338K/20624K, paused 3ms+8ms, total 58ms
04-22 13:33:07.947 12529 12619 D dalvikvm: GC_EXPLICIT freed 310K, 41% free 12333K/20624K, paused 4ms+6ms, total 47ms
04-22 13:33:12.342 12529 12533 D dalvikvm: GC_CONCURRENT freed 1050K, 41% free 12334K/20624K, paused 2ms+3ms, total 33ms
04-22 13:33:14.174 12529 12619 D dalvikvm: GC_EXPLICIT freed 309K, 41% free 12333K/20624K, paused 5ms+9ms, total 61ms
04-22 13:33:18.628 12529 12533 D dalvikvm: GC_CONCURRENT freed 1047K, 41% free 12334K/20624K, paused 6ms+5ms, total 38ms
04-22 13:33:20.340 12529 12619 D dalvikvm: GC_EXPLICIT freed 312K, 41% free 12333K/20624K, paused 6ms+3ms, total 48ms
04-22 13:33:24.735 12529 12533 D dalvikvm: GC_CONCURRENT freed 1050K, 41% free 12333K/20624K, paused 3ms+2ms, total 35ms
04-22 13:33:26.457 12529 12619 D dalvikvm: GC_EXPLICIT freed 309K, 41% free 12333K/20624K, paused 5ms+6ms, total 48ms
04-22 13:33:30.931 12529 12533 D dalvikvm: GC_CONCURRENT freed 1054K, 41% free 12338K/20624K, paused 6ms+6ms, total 59ms
04-22 13:33:32.603 12529 12619 D dalvikvm: GC_EXPLICIT freed 304K, 41% free 12333K/20624K, paused 6ms+8ms, total 74ms
04-22 13:33:36.988 12529 12533 D dalvikvm: GC_CONCURRENT freed 1054K, 41% free 12334K/20624K, paused 5ms+6ms, total 52ms
04-22 13:33:38.680 12529 12619 D dalvikvm: GC_EXPLICIT freed 305K, 41% free 12333K/20624K, paused 6ms+9ms, total 63ms
04-22 13:33:42.884  1908  1913 D dalvikvm: GC_CONCURRENT freed 1540K, 11% free 13601K/15240K, paused 5ms+6ms, total 109ms
04-22 13:33:42.884  1908 13116 D dalvikvm: WAIT_FOR_CONCURRENT_GC blocked 79ms
04-22 13:33:43.034 12529 12533 D dalvikvm: GC_CONCURRENT freed 1050K, 41% free 12335K/20624K, paused 3ms+5ms, total 42ms
04-22 13:33:44.726 12529 12619 D dalvikvm: GC_EXPLICIT freed 309K, 41% free 12333K/20624K, paused 6ms+7ms, total 54ms
04-22 13:33:49.131 12529 12533 D dalvikvm: GC_CONCURRENT freed 1050K, 41% free 12338K/20624K, paused 3ms+3ms, total 43ms
04-22 13:33:50.773 12529 12619 D dalvikvm: GC_EXPLICIT freed 310K, 41% free 12333K/20624K, paused 3ms+3ms, total 26ms
04-22 13:33:55.147 12529 12533 D dalvikvm: GC_CONCURRENT freed 1049K, 41% free 12333K/20624K, paused 2ms+2ms, total 23ms
04-22 13:33:56.829 12529 12619 D dalvikvm: GC_EXPLICIT freed 309K, 41% free 12333K/20624K, paused 5ms+3ms, total 64ms
04-22 13:34:01.274 12529 12533 D dalvikvm: GC_CONCURRENT freed 1049K, 41% free 12342K/20624K, paused 7ms+6ms, total 68ms
04-22 13:34:02.906 12529 12619 D dalvikvm: GC_EXPLICIT freed 310K, 41% free 12333K/20624K, paused 3ms+9ms, total 64ms
04-22 13:34:07.390 12529 12533 D dalvikvm: GC_CONCURRENT freed 1063K, 41% free 12333K/20624K, paused 6ms+2ms, total 74ms
04-22 13:34:08.942 12529 12619 D dalvikvm: GC_EXPLICIT freed 296K, 41% free 12333K/20624K, paused 6ms+3ms, total 40ms
04-22 13:34:13.377 12529 12533 D dalvikvm: GC_CONCURRENT freed 1054K, 41% free 12334K/20624K, paused 5ms+5ms, total 53ms
04-22 13:34:14.988 12529 12619 D dalvikvm: GC_EXPLICIT freed 305K, 41% free 12333K/20624K, paused 13ms+8ms, total 68ms
04-22 13:34:19.473 12529 12533 D dalvikvm: GC_CONCURRENT freed 1054K, 41% free 12336K/20624K, paused 6ms+5ms, total 52ms
04-22 13:34:21.065 12529 12619 D dalvikvm: GC_EXPLICIT freed 305K, 41% free 12333K/20624K, paused 3ms+5ms, total 46ms
04-22 13:34:25.440 12529 12533 D dalvikvm: GC_CONCURRENT freed 1046K, 41% free 12338K/20624K, paused 3ms+3ms, total 24ms
04-22 13:34:27.101 12529 12619 D dalvikvm: GC_EXPLICIT freed 314K, 41% free 12333K/20624K, paused 6ms+8ms, total 63ms
04-22 13:34:31.516 12529 12533 D dalvikvm: GC_CONCURRENT freed 1049K, 41% free 12333K/20624K, paused 3ms+2ms, total 24ms
04-22 13:34:33.208 12529 12619 D dalvikvm: GC_EXPLICIT freed 308K, 41% free 12333K/20624K, paused 9ms+7ms, total 55ms
04-22 13:34:37.643 12529 12533 D dalvikvm: GC_CONCURRENT freed 1048K, 41% free 12340K/20624K, paused 8ms+9ms, total 60ms
04-22 13:34:39.304 12529 12619 D dalvikvm: GC_EXPLICIT freed 310K, 41% free 12333K/20624K, paused 7ms+8ms, total 64ms
04-22 13:34:43.689 12529 12533 D dalvikvm: GC_CONCURRENT freed 1046K, 41% free 12336K/20624K, paused 3ms+3ms, total 28ms
04-22 13:34:45.371 12529 12619 D dalvikvm: GC_EXPLICIT freed 313K, 41% free 12333K/20624K, paused 6ms+7ms, total 62ms
04-22 13:34:49.735 12529 12533 D dalvikvm: GC_CONCURRENT freed 1056K, 41% free 12333K/20624K, paused 7ms+2ms, total 45ms
04-22 13:34:51.387 12529 12619 D dalvikvm: GC_EXPLICIT freed 303K, 41% free 12333K/20624K, paused 6ms+8ms, total 64ms
04-22 13:34:55.792 12529 12533 D dalvikvm: GC_CONCURRENT freed 1047K, 41% free 12336K/20624K, paused 3ms+3ms, total 26ms
04-22 13:34:57.484 12529 12619 D dalvikvm: GC_EXPLICIT freed 312K, 41% free 12333K/20624K, paused 5ms+3ms, total 52ms
04-22 13:35:01.858 12529 12533 D dalvikvm: GC_CONCURRENT freed 1055K, 41% free 12338K/20624K, paused 6ms+6ms, total 58ms
04-22 13:35:03.510 12529 12619 D dalvikvm: GC_EXPLICIT freed 305K, 41% free 12333K/20624K, paused 4ms+6ms, total 52ms
04-22 13:35:07.925 12529 12533 D dalvikvm: GC_CONCURRENT freed 1054K, 41% free 12333K/20624K, paused 4ms+3ms, total 46ms
04-22 13:35:09.617 12529 12619 D dalvikvm: GC_EXPLICIT freed 305K, 41% free 12333K/20624K, paused 5ms+9ms, total 69ms
04-22 13:35:14.031 12529 12533 D dalvikvm: GC_CONCURRENT freed 1049K, 41% free 12343K/20624K, paused 3ms+2ms, total 52ms
04-22 13:35:15.653 12529 12619 D dalvikvm: GC_EXPLICIT freed 310K, 41% free 12333K/20624K, paused 4ms+6ms, total 52ms
04-22 13:35:20.048 12529 12533 D dalvikvm: GC_CONCURRENT freed 1049K, 41% free 12334K/20624K, paused 5ms+3ms, total 51ms
04-22 13:35:21.750 12529 12619 D dalvikvm: GC_EXPLICIT freed 310K, 41% free 12333K/20624K, paused 4ms+8ms, total 59ms
04-22 13:35:26.174 12529 12533 D dalvikvm: GC_CONCURRENT freed 1050K, 41% free 12336K/20624K, paused 4ms+3ms, total 41ms
04-22 13:35:27.826 12529 12619 D dalvikvm: GC_EXPLICIT freed 309K, 41% free 12333K/20624K, paused 4ms+3ms, total 52ms
04-22 13:35:32.251 12529 12533 D dalvikvm: GC_CONCURRENT freed 1054K, 41% free 12334K/20624K, paused 6ms+1ms, total 46ms
04-22 13:35:33.933 12529 12619 D dalvikvm: GC_EXPLICIT freed 305K, 41% free 12333K/20624K, paused 8ms+10ms, total 75ms
04-22 13:35:38.337 12529 12533 D dalvikvm: GC_CONCURRENT freed 1054K, 41% free 12338K/20624K, paused 7ms+2ms, total 63ms
04-22 13:35:40.009 12529 12619 D dalvikvm: GC_EXPLICIT freed 304K, 41% free 12333K/20624K, paused 11ms+9ms, total 82ms
04-22 13:35:44.414 12529 12533 D dalvikvm: GC_CONCURRENT freed 1050K, 41% free 12337K/20624K, paused 5ms+4ms, total 36ms
04-22 13:35:46.096 12529 12619 D dalvikvm: GC_EXPLICIT freed 309K, 41% free 12333K/20624K, paused 12ms+8ms, total 67ms
04-22 13:35:50.490 12529 12533 D dalvikvm: GC_CONCURRENT freed 1046K, 41% free 12336K/20624K, paused 3ms+7ms, total 31ms
04-22 13:35:52.182 12529 12619 D dalvikvm: GC_EXPLICIT freed 313K, 41% free 12333K/20624K, paused 6ms+7ms, total 58ms
04-22 13:35:56.527 12529 12533 D dalvikvm: GC_CONCURRENT freed 1050K, 41% free 12341K/20624K, paused 5ms+4ms, total 57ms
04-22 13:35:58.189 12529 12619 D dalvikvm: GC_EXPLICIT freed 309K, 41% free 12333K/20624K, paused 6ms+3ms, total 44ms
04-22 13:36:02.573 12529 12533 D dalvikvm: GC_CONCURRENT freed 1054K, 41% free 12334K/20624K, paused 6ms+7ms, total 56ms
04-22 13:36:04.225 12529 12619 D dalvikvm: GC_EXPLICIT freed 305K, 41% free 12333K/20624K, paused 7ms+9ms, total 70ms
04-22 13:36:08.680 12529 12533 D dalvikvm: GC_CONCURRENT freed 1054K, 41% free 12337K/20624K, paused 3ms+3ms, total 71ms
04-22 13:36:10.342 12529 12619 D dalvikvm: GC_EXPLICIT freed 304K, 41% free 12333K/20624K, paused 6ms+3ms, total 46ms
04-22 13:36:13.155   589   889 W ThrottleService: unable to find stats for iface rmnet_usb0
04-22 13:36:14.716 12529 12533 D dalvikvm: GC_CONCURRENT freed 1047K, 41% free 12336K/20624K, paused 5ms+5ms, total 38ms
04-22 13:36:16.388 12529 12619 D dalvikvm: GC_EXPLICIT freed 312K, 41% free 12333K/20624K, paused 6ms+3ms, total 56ms
04-22 13:36:20.793 12529 12533 D dalvikvm: GC_CONCURRENT freed 1050K, 41% free 12337K/20624K, paused 4ms+3ms, total 39ms
04-22 13:36:22.404 12529 12619 D dalvikvm: GC_EXPLICIT freed 310K, 41% free 12333K/20624K, paused 6ms+9ms, total 73ms
04-22 13:36:23.195   173   225 E ThermalDaemon: Sensor 'batt_therm' - alarm raised 2 at 37.0 degC
04-22 13:36:23.195   173   225 E ThermalDaemon: ACTION: CPU - Setting CPU[0] to 1296000
04-22 13:36:23.195   173   225 E ThermalDaemon: ACTION: CPU - Setting CPU[1] to 1296000
04-22 13:36:23.195   173   225 E ThermalDaemon: ACTION: CPU - Setting CPU[2] to 1296000
04-22 13:36:23.195   173   225 E ThermalDaemon: ACTION: CPU - Setting CPU[3] to 1296000
04-22 13:36:23.195   173   225 E ThermalDaemon: ACTION: GPU - Setting GPU[0] to 325000000
04-22 13:36:23.195   173   225 E ThermalDaemon: ACTION: LCD - Setting max LCD brightness to 215
04-22 13:36:26.789 12529 12533 D dalvikvm: GC_CONCURRENT freed 1050K, 41% free 12337K/20624K, paused 3ms+3ms, total 36ms
04-22 13:36:28.561 12529 12619 D dalvikvm: GC_EXPLICIT freed 309K, 41% free 12333K/20624K, paused 6ms+9ms, total 73ms
04-22 13:36:28.881   589   593 D dalvikvm: GC_CONCURRENT freed 5828K, 34% free 19860K/29648K, paused 3ms+7ms, total 119ms
04-22 13:36:32.986 12529 12533 D dalvikvm: GC_CONCURRENT freed 1050K, 41% free 12333K/20624K, paused 2ms+3ms, total 26ms
04-22 13:36:34.728 12529 12619 D dalvikvm: GC_EXPLICIT freed 309K, 41% free 12333K/20624K, paused 7ms+3ms, total 59ms
04-22 13:36:39.162 12529 12533 D dalvikvm: GC_CONCURRENT freed 1054K, 41% free 12334K/20624K, paused 6ms+5ms, total 53ms
04-22 13:36:40.844 12529 12619 D dalvikvm: GC_EXPLICIT freed 304K, 41% free 12333K/20624K, paused 3ms+5ms, total 44ms
04-22 13:36:45.339 12529 12533 D dalvikvm: GC_CONCURRENT freed 1054K, 41% free 12333K/20624K, paused 6ms+10ms, total 52ms
04-22 13:36:47.031 12529 12619 D dalvikvm: GC_EXPLICIT freed 305K, 41% free 12333K/20624K, paused 2ms+9ms, total 67ms
04-22 13:36:51.505 12529 12533 D dalvikvm: GC_CONCURRENT freed 1049K, 41% free 12337K/20624K, paused 2ms+2ms, total 34ms
04-22 13:36:53.237 12529 12619 D dalvikvm: GC_EXPLICIT freed 309K, 41% free 12333K/20624K, paused 5ms+3ms, total 46ms
04-22 13:36:57.752 12529 12533 D dalvikvm: GC_CONCURRENT freed 1044K, 41% free 12339K/20624K, paused 3ms+5ms, total 27ms
04-22 13:36:59.464 12529 12619 D dalvikvm: GC_EXPLICIT freed 315K, 41% free 12333K/20624K, paused 5ms+4ms, total 37ms
04-22 13:37:03.979 12529 12533 D dalvikvm: GC_CONCURRENT freed 1054K, 41% free 12335K/20624K, paused 5ms+8ms, total 65ms
04-22 13:37:05.641 12529 12619 D dalvikvm: GC_EXPLICIT freed 305K, 41% free 12333K/20624K, paused 4ms+3ms, total 43ms
04-22 13:37:10.075 12529 12533 D dalvikvm: GC_CONCURRENT freed 1047K, 41% free 12341K/20624K, paused 5ms+7ms, total 41ms
04-22 13:37:11.927 12529 12619 D dalvikvm: GC_EXPLICIT freed 312K, 41% free 12333K/20624K, paused 5ms+9ms, total 66ms
04-22 13:37:16.382 12529 12533 D dalvikvm: GC_CONCURRENT freed 1054K, 41% free 12334K/20624K, paused 6ms+8ms, total 52ms
04-22 13:37:18.084 12529 12619 D dalvikvm: GC_EXPLICIT freed 305K, 41% free 12333K/20624K, paused 6ms+3ms, total 67ms
04-22 13:37:22.629 12529 12533 D dalvikvm: GC_CONCURRENT freed 1049K, 41% free 12333K/20624K, paused 4ms+3ms, total 41ms
04-22 13:37:24.391 12529 12619 D dalvikvm: GC_EXPLICIT freed 310K, 41% free 12333K/20624K, paused 6ms+10ms, total 67ms
04-22 13:37:28.905 12529 12533 D dalvikvm: GC_CONCURRENT freed 1054K, 41% free 12338K/20624K, paused 6ms+6ms, total 63ms
04-22 13:37:30.567 12529 12619 D dalvikvm: GC_EXPLICIT freed 305K, 41% free 12333K/20624K, paused 2ms+3ms, total 26ms
04-22 13:37:35.082 12529 12533 D dalvikvm: GC_CONCURRENT freed 1053K, 41% free 12335K/20624K, paused 5ms+6ms, total 61ms
04-22 13:37:36.764 12529 12619 D dalvikvm: GC_EXPLICIT freed 305K, 41% free 12333K/20624K, paused 10ms+10ms, total 79ms
04-22 13:37:41.249 12529 12533 D dalvikvm: GC_CONCURRENT freed 1050K, 41% free 12335K/20624K, paused 4ms+3ms, total 41ms
04-22 13:37:43.030 12529 12619 D dalvikvm: GC_EXPLICIT freed 309K, 41% free 12333K/20624K, paused 9ms+11ms, total 83ms
04-22 13:37:47.475 12529 12533 D dalvikvm: GC_CONCURRENT freed 1050K, 41% free 12337K/20624K, paused 5ms+2ms, total 35ms
04-22 13:37:49.267 12529 12619 D dalvikvm: GC_EXPLICIT freed 309K, 41% free 12333K/20624K, paused 4ms+9ms, total 71ms
04-22 13:37:53.802 12529 12533 D dalvikvm: GC_CONCURRENT freed 1050K, 41% free 12338K/20624K, paused 3ms+5ms, total 46ms
04-22 13:37:55.544 12529 12619 D dalvikvm: GC_EXPLICIT freed 310K, 41% free 12333K/20624K, paused 6ms+9ms, total 74ms
04-22 13:38:00.069 12529 12533 D dalvikvm: GC_CONCURRENT freed 1052K, 41% free 12343K/20624K, paused 5ms+3ms, total 70ms
04-22 13:38:01.810 12529 12619 D dalvikvm: GC_EXPLICIT freed 307K, 41% free 12333K/20624K, paused 7ms+8ms, total 74ms
04-22 13:38:04.473 12794 12796 D dalvikvm: GC_CONCURRENT freed 335K, 4% free 9670K/10036K, paused 3ms+2ms, total 23ms
04-22 13:38:04.483 12794 13203 W Gmail   : Successful index run, cancel next scheduled index run
04-22 13:38:06.305 12529 12533 D dalvikvm: GC_CONCURRENT freed 1055K, 41% free 12337K/20624K, paused 6ms+5ms, total 69ms
04-22 13:38:08.037 12529 12619 D dalvikvm: GC_EXPLICIT freed 304K, 41% free 12333K/20624K, paused 7ms+3ms, total 68ms
04-22 13:38:12.502 12529 12533 D dalvikvm: GC_CONCURRENT freed 1053K, 41% free 12334K/20624K, paused 5ms+6ms, total 56ms
04-22 13:38:14.234 12529 12619 D dalvikvm: GC_EXPLICIT freed 307K, 41% free 12333K/20624K, paused 7ms+3ms, total 61ms
04-22 13:38:18.739 12529 12533 D dalvikvm: GC_CONCURRENT freed 1054K, 41% free 12338K/20624K, paused 5ms+5ms, total 57ms
04-22 13:38:20.420 12529 12619 D dalvikvm: GC_EXPLICIT freed 305K, 41% free 12333K/20624K, paused 7ms+10ms, total 73ms
04-22 13:38:24.845 12529 12533 D dalvikvm: GC_CONCURRENT freed 1049K, 41% free 12335K/20624K, paused 5ms+3ms, total 36ms
04-22 13:38:26.637 12529 12619 D dalvikvm: GC_EXPLICIT freed 310K, 41% free 12333K/20624K, paused 10ms+3ms, total 67ms
04-22 13:38:31.132 12529 12533 D dalvikvm: GC_CONCURRENT freed 1055K, 41% free 12337K/20624K, paused 6ms+3ms, total 52ms
04-22 13:38:32.844 12529 12619 D dalvikvm: GC_EXPLICIT freed 304K, 41% free 12333K/20624K, paused 7ms+11ms, total 81ms
04-22 13:38:37.368 12529 12533 D dalvikvm: GC_CONCURRENT freed 1046K, 41% free 12338K/20624K, paused 2ms+4ms, total 37ms
04-22 13:38:39.120 12529 12619 D dalvikvm: GC_EXPLICIT freed 313K, 41% free 12333K/20624K, paused 6ms+9ms, total 75ms
04-22 13:38:44.636 12529 12533 D dalvikvm: GC_CONCURRENT freed 1050K, 41% free 12337K/20624K, paused 3ms+4ms, total 53ms
04-22 13:38:46.468 12529 12619 D dalvikvm: GC_EXPLICIT freed 309K, 41% free 12333K/20624K, paused 5ms+8ms, total 71ms
04-22 13:38:50.933 12529 12533 D dalvikvm: GC_CONCURRENT freed 1053K, 41% free 12338K/20624K, paused 6ms+6ms, total 69ms
04-22 13:38:52.685 12529 12619 D dalvikvm: GC_EXPLICIT freed 305K, 41% free 12333K/20624K, paused 8ms+4ms, total 58ms
04-22 13:38:57.160 12529 12533 D dalvikvm: GC_CONCURRENT freed 1053K, 41% free 12335K/20624K, paused 6ms+5ms, total 58ms
04-22 13:38:58.931 12529 12619 D dalvikvm: GC_EXPLICIT freed 306K, 41% free 12333K/20624K, paused 6ms+8ms, total 75ms
04-22 13:39:03.396 12529 12533 D dalvikvm: GC_CONCURRENT freed 1049K, 41% free 12335K/20624K, paused 3ms+5ms, total 38ms
04-22 13:39:05.138 12529 12619 D dalvikvm: GC_EXPLICIT freed 310K, 41% free 12333K/20624K, paused 2ms+5ms, total 33ms
04-22 13:39:09.673 12529 12533 D dalvikvm: GC_CONCURRENT freed 1054K, 41% free 12334K/20624K, paused 5ms+7ms, total 57ms
04-22 13:39:11.415 12529 12619 D dalvikvm: GC_EXPLICIT freed 305K, 41% free 12333K/20624K, paused 8ms+8ms, total 69ms
04-22 13:39:15.879 12529 12533 D dalvikvm: GC_CONCURRENT freed 1052K, 41% free 12334K/20624K, paused 6ms+7ms, total 60ms
04-22 13:39:17.601 12529 12619 D dalvikvm: GC_EXPLICIT freed 306K, 41% free 12333K/20624K, paused 11ms+3ms, total 36ms
04-22 13:39:22.096 12529 12533 D dalvikvm: GC_CONCURRENT freed 1053K, 41% free 12335K/20624K, paused 6ms+8ms, total 56ms
04-22 13:39:23.818 12529 12619 D dalvikvm: GC_EXPLICIT freed 307K, 41% free 12333K/20624K, paused 2ms+4ms, total 27ms
04-22 13:39:28.293 12529 12533 D dalvikvm: GC_CONCURRENT freed 1053K, 41% free 12335K/20624K, paused 7ms+5ms, total 61ms
04-22 13:39:30.005 12529 12619 D dalvikvm: GC_EXPLICIT freed 307K, 41% free 12333K/20624K, paused 4ms+3ms, total 29ms
04-22 13:39:34.549 12529 12533 D dalvikvm: GC_CONCURRENT freed 1058K, 41% free 12342K/20624K, paused 5ms+6ms, total 98ms
04-22 13:39:36.261 12529 12619 D dalvikvm: GC_EXPLICIT freed 301K, 41% free 12333K/20624K, paused 5ms+9ms, total 67ms
04-22 13:39:40.786 12529 12533 D dalvikvm: GC_CONCURRENT freed 1045K, 41% free 12342K/20624K, paused 2ms+10ms, total 39ms
04-22 13:39:42.478 12529 12619 D dalvikvm: GC_EXPLICIT freed 313K, 41% free 12333K/20624K, paused 3ms+7ms, total 50ms
04-22 13:39:47.293 12529 12533 D dalvikvm: GC_CONCURRENT freed 1051K, 41% free 12334K/20624K, paused 7ms+7ms, total 81ms
04-22 13:39:49.015 12529 12619 D dalvikvm: GC_EXPLICIT freed 309K, 41% free 12333K/20624K, paused 4ms+4ms, total 37ms
04-22 13:39:53.540 12529 12533 D dalvikvm: GC_CONCURRENT freed 1058K, 41% free 12335K/20624K, paused 8ms+3ms, total 77ms
04-22 13:39:55.221 12529 12619 D dalvikvm: GC_EXPLICIT freed 301K, 41% free 12333K/20624K, paused 4ms+3ms, total 30ms
04-22 13:39:59.766 12529 12533 D dalvikvm: GC_CONCURRENT freed 1051K, 41% free 12334K/20624K, paused 7ms+5ms, total 65ms
04-22 13:40:01.458 12529 12619 D dalvikvm: GC_EXPLICIT freed 309K, 41% free 12333K/20624K, paused 2ms+3ms, total 32ms
04-22 13:40:05.943 12529 12533 D dalvikvm: GC_CONCURRENT freed 1052K, 41% free 12339K/20624K, paused 6ms+6ms, total 69ms
04-22 13:40:07.655 12529 12619 D dalvikvm: GC_EXPLICIT freed 307K, 41% free 12333K/20624K, paused 2ms+3ms, total 27ms
04-22 13:40:12.190 12529 12533 D dalvikvm: GC_CONCURRENT freed 1055K, 41% free 12334K/20624K, paused 8ms+6ms, total 70ms
04-22 13:40:13.931 12529 12619 D dalvikvm: GC_EXPLICIT freed 304K, 41% free 12333K/20624K, paused 6ms+13ms, total 75ms
04-22 13:40:18.416 12529 12533 D dalvikvm: GC_CONCURRENT freed 1055K, 41% free 12337K/20624K, paused 6ms+5ms, total 82ms
04-22 13:40:20.128 12529 12619 D dalvikvm: GC_EXPLICIT freed 304K, 41% free 12333K/20624K, paused 5ms+5ms, total 59ms
04-22 13:40:24.663 12529 12533 D dalvikvm: GC_CONCURRENT freed 1059K, 41% free 12338K/20624K, paused 6ms+2ms, total 82ms
04-22 13:40:26.345 12529 12619 D dalvikvm: GC_EXPLICIT freed 300K, 41% free 12333K/20624K, paused 2ms+3ms, total 27ms
04-22 13:40:30.849 12529 12533 D dalvikvm: GC_CONCURRENT freed 1057K, 41% free 12335K/20624K, paused 6ms+5ms, total 67ms
04-22 13:40:32.501 12529 12619 D dalvikvm: GC_EXPLICIT freed 302K, 41% free 12333K/20624K, paused 4ms+4ms, total 41ms
04-22 13:40:36.996 12529 12533 D dalvikvm: GC_CONCURRENT freed 1058K, 41% free 12333K/20624K, paused 6ms+5ms, total 70ms
04-22 13:40:38.708 12529 12619 D dalvikvm: GC_EXPLICIT freed 300K, 41% free 12333K/20624K, paused 5ms+9ms, total 66ms
04-22 13:40:43.263 12529 12533 D dalvikvm: GC_CONCURRENT freed 1059K, 41% free 12342K/20624K, paused 4ms+8ms, total 111ms
04-22 13:40:44.985 12529 12619 D dalvikvm: GC_EXPLICIT freed 300K, 41% free 12333K/20624K, paused 5ms+3ms, total 44ms
04-22 13:40:45.615   747   752 D dalvikvm: GC_CONCURRENT freed 990K, 13% free 12110K/13784K, paused 7ms+3ms, total 44ms
04-22 13:40:49.469 12529 12533 D dalvikvm: GC_CONCURRENT freed 1052K, 41% free 12340K/20624K, paused 7ms+8ms, total 84ms
04-22 13:40:51.261 12529 12619 D dalvikvm: GC_EXPLICIT freed 308K, 41% free 12333K/20624K, paused 3ms+4ms, total 29ms
04-22 13:40:55.786 12529 12533 D dalvikvm: GC_CONCURRENT freed 1060K, 41% free 12340K/20624K, paused 9ms+15ms, total 90ms
04-22 13:40:58.089 12529 12619 D dalvikvm: GC_EXPLICIT freed 299K, 41% free 12333K/20624K, paused 5ms+3ms, total 59ms
04-22 13:41:00.001   589   610 I ActivityManager: No longer want com.google.android.apps.maps:GoogleLocationService (pid 11852): empty for 1837s
04-22 13:41:00.051   589   870 W ActivityManager: Scheduling restart of crashed service com.google.android.apps.maps/com.google.android.location.internal.server.GoogleLocationService in 5000ms
04-22 13:41:02.673 12529 12533 D dalvikvm: GC_CONCURRENT freed 1060K, 41% free 12335K/20624K, paused 8ms+10ms, total 96ms
04-22 13:41:04.415 12529 12619 D dalvikvm: GC_EXPLICIT freed 299K, 41% free 12333K/20624K, paused 5ms+9ms, total 68ms
04-22 13:41:05.056   589   610 I ActivityManager: Start proc com.google.android.apps.maps:GoogleLocationService for service com.google.android.apps.maps/com.google.android.location.internal.server.GoogleLocationService: pid=13314 uid=10039 gids={50039, 3003, 1015, 1028}
04-22 13:41:05.256 13314 13318 D dalvikvm: GC_CONCURRENT freed 178K, 3% free 9160K/9364K, paused 5ms+2ms, total 66ms
04-22 13:41:05.256 13314 13314 D dalvikvm: WAIT_FOR_CONCURRENT_GC blocked 33ms
04-22 13:41:05.386 13314 13318 D dalvikvm: GC_CONCURRENT freed 144K, 2% free 9518K/9700K, paused 3ms+2ms, total 33ms
04-22 13:41:05.386 13314 13314 D dalvikvm: WAIT_FOR_CONCURRENT_GC blocked 10ms
04-22 13:41:05.757 13314 13318 D dalvikvm: GC_CONCURRENT freed 186K, 3% free 9808K/10036K, paused 3ms+2ms, total 19ms
04-22 13:41:05.757 13314 13331 D dalvikvm: WAIT_FOR_CONCURRENT_GC blocked 9ms
04-22 13:41:05.777 13314 13331 D dalvikvm: GC_FOR_ALLOC freed 116K, 4% free 9884K/10240K, paused 15ms, total 15ms
04-22 13:41:05.827 13314 13318 D dalvikvm: GC_CONCURRENT freed 419K, 6% free 9869K/10424K, paused 2ms+1ms, total 19ms
04-22 13:41:05.947 13314 13318 D dalvikvm: GC_CONCURRENT freed 120K, 3% free 10188K/10424K, paused 3ms+3ms, total 23ms
04-22 13:41:06.117   589   610 I ActivityManager: Start proc com.google.android.apps.maps:FriendService for broadcast com.google.android.apps.maps/com.google.googlenav.friend.android.ServiceReceiver: pid=13344 uid=10039 gids={50039, 3003, 1015, 1028}
04-22 13:41:06.127 13314 13318 D dalvikvm: GC_CONCURRENT freed 712K, 8% free 9919K/10668K, paused 4ms+7ms, total 50ms
04-22 13:41:06.187 13314 13320 I dalvikvm: Total arena pages for JIT: 11
04-22 13:41:06.187 13314 13320 I dalvikvm: Total arena pages for JIT: 12
04-22 13:41:06.187 13314 13320 I dalvikvm: Total arena pages for JIT: 13
04-22 13:41:06.187 13314 13320 I dalvikvm: Total arena pages for JIT: 14
04-22 13:41:06.187 13314 13320 I dalvikvm: Total arena pages for JIT: 15
04-22 13:41:06.187 13314 13320 I dalvikvm: Total arena pages for JIT: 16
04-22 13:41:06.187 13314 13320 I dalvikvm: Total arena pages for JIT: 17
04-22 13:41:06.217 13344 13348 D dalvikvm: GC_CONCURRENT freed 178K, 2% free 9176K/9360K, paused 2ms+3ms, total 28ms
04-22 13:41:06.287 13344 13348 D dalvikvm: GC_CONCURRENT freed 138K, 2% free 9494K/9672K, paused 3ms+3ms, total 19ms
04-22 13:41:06.357   589  1014 I ActivityManager: Start proc com.google.android.apps.maps:LocationFriendService for broadcast com.google.android.apps.maps/com.google.googlenav.friend.reporting.LocationReportingIntentReceiver: pid=13360 uid=10039 gids={50039, 3003, 1015, 1028}
04-22 13:41:06.357   589  1014 I ActivityManager: No longer want com.google.android.gms (pid 12412): empty #17
04-22 13:41:06.367 13314 13320 I dalvikvm: Total arena pages for JIT: 18
04-22 13:41:06.377   163   163 D dalvikvm: GC_EXPLICIT freed 40K, 1% free 8825K/8892K, paused 2ms+2ms, total 23ms
04-22 13:41:06.397   163   163 D dalvikvm: GC_EXPLICIT freed <1K, 1% free 8825K/8892K, paused 1ms+3ms, total 19ms
04-22 13:41:06.417   163   163 D dalvikvm: GC_EXPLICIT freed <1K, 1% free 8825K/8892K, paused 2ms+3ms, total 19ms
04-22 13:41:06.427 13314 13318 D dalvikvm: GC_CONCURRENT freed 238K, 6% free 10070K/10668K, paused 13ms+2ms, total 45ms
04-22 13:41:06.457 13360 13364 D dalvikvm: GC_CONCURRENT freed 163K, 3% free 9103K/9296K, paused 3ms+2ms, total 22ms
04-22 13:41:06.498 13314 13343 W Settings: Setting airplane_mode_on has moved from android.provider.Settings.System to android.provider.Settings.Global, returning read-only value.
04-22 13:41:06.538 13360 13364 D dalvikvm: GC_CONCURRENT freed 145K, 2% free 9463K/9644K, paused 1ms+5ms, total 27ms
04-22 13:41:06.538 13360 13360 D dalvikvm: WAIT_FOR_CONCURRENT_GC blocked 11ms
04-22 13:41:06.738 13360 13364 D dalvikvm: GC_CONCURRENT freed 276K, 4% free 9654K/9964K, paused 5ms+4ms, total 43ms
04-22 13:41:06.748   589  9074 I ActivityManager: No longer want android.process.acore (pid 11520): empty #17
04-22 13:41:06.868 13314 13318 D dalvikvm: GC_CONCURRENT freed 331K, 5% free 10153K/10668K, paused 1ms+2ms, total 21ms
04-22 13:41:07.419 13314 13318 D dalvikvm: GC_CONCURRENT freed 285K, 4% free 10274K/10668K, paused 2ms+3ms, total 24ms
04-22 13:41:07.819 13314 13318 D dalvikvm: GC_CONCURRENT freed 461K, 5% free 10324K/10812K, paused 9ms+2ms, total 72ms
04-22 13:41:07.819 13314 13343 D dalvikvm: WAIT_FOR_CONCURRENT_GC blocked 22ms
04-22 13:41:09.030 12529 12533 D dalvikvm: GC_CONCURRENT freed 1054K, 41% free 12337K/20624K, paused 14ms+2ms, total 57ms
04-22 13:41:10.692 12529 12619 D dalvikvm: GC_EXPLICIT freed 305K, 41% free 12333K/20624K, paused 2ms+4ms, total 35ms
04-22 13:41:15.187 12529 12533 D dalvikvm: GC_CONCURRENT freed 1058K, 41% free 12335K/20624K, paused 10ms+2ms, total 63ms
04-22 13:41:16.909 12529 12619 D dalvikvm: GC_EXPLICIT freed 301K, 41% free 12333K/20624K, paused 5ms+9ms, total 67ms
04-22 13:41:21.463 12529 12533 D dalvikvm: GC_CONCURRENT freed 1053K, 41% free 12334K/20624K, paused 6ms+8ms, total 70ms
04-22 13:41:23.185 12529 12619 D dalvikvm: GC_EXPLICIT freed 305K, 41% free 12333K/20624K, paused 6ms+4ms, total 59ms
04-22 13:41:27.750 12529 12533 D dalvikvm: GC_CONCURRENT freed 1052K, 41% free 12338K/20624K, paused 8ms+9ms, total 79ms
04-22 13:41:29.472 12529 12619 D dalvikvm: GC_EXPLICIT freed 307K, 41% free 12333K/20624K, paused 4ms+4ms, total 31ms
04-22 13:41:33.987 12529 12533 D dalvikvm: GC_CONCURRENT freed 1053K, 41% free 12339K/20624K, paused 7ms+7ms, total 72ms
04-22 13:41:35.679 12529 12619 D dalvikvm: GC_EXPLICIT freed 306K, 41% free 12333K/20624K, paused 5ms+12ms, total 67ms
04-22 13:41:40.193 12529 12533 D dalvikvm: GC_CONCURRENT freed 1052K, 41% free 12335K/20624K, paused 8ms+6ms, total 52ms
04-22 13:41:41.925 12529 12619 D dalvikvm: GC_EXPLICIT freed 307K, 41% free 12333K/20624K, paused 5ms+11ms, total 68ms
04-22 13:41:46.440 12529 12533 D dalvikvm: GC_CONCURRENT freed 1053K, 41% free 12338K/20624K, paused 6ms+5ms, total 63ms
04-22 13:41:48.152 12529 12619 D dalvikvm: GC_EXPLICIT freed 306K, 41% free 12333K/20624K, paused 2ms+3ms, total 27ms
04-22 13:41:52.647 12529 12533 D dalvikvm: GC_CONCURRENT freed 1056K, 41% free 12340K/20624K, paused 5ms+10ms, total 84ms
04-22 13:41:54.329 12529 12619 D dalvikvm: GC_EXPLICIT freed 302K, 41% free 12333K/20624K, paused 6ms+14ms, total 79ms
04-22 13:41:58.833 12529 12533 D dalvikvm: GC_CONCURRENT freed 1050K, 41% free 12335K/20624K, paused 6ms+2ms, total 50ms
04-22 13:42:00.095  8842  8846 D dalvikvm: GC_CONCURRENT freed 386K, 5% free 8948K/9364K, paused 17ms+4ms, total 31ms
04-22 13:42:00.555 12529 12619 D dalvikvm: GC_EXPLICIT freed 309K, 41% free 12333K/20624K, paused 4ms+3ms, total 28ms
04-22 13:42:05.080 12529 12533 D dalvikvm: GC_CONCURRENT freed 1058K, 41% free 12336K/20624K, paused 13ms+4ms, total 62ms
04-22 13:42:06.742 12529 12619 D dalvikvm: GC_EXPLICIT freed 301K, 41% free 12333K/20624K, paused 6ms+3ms, total 66ms
04-22 13:42:11.237 12529 12533 D dalvikvm: GC_CONCURRENT freed 1052K, 41% free 12344K/20624K, paused 6ms+8ms, total 64ms
04-22 13:42:12.928 12529 12619 D dalvikvm: GC_EXPLICIT freed 307K, 41% free 12333K/20624K, paused 6ms+8ms, total 64ms
04-22 13:42:17.323 12529 12533 D dalvikvm: GC_CONCURRENT freed 1050K, 41% free 12333K/20624K, paused 5ms+2ms, total 26ms
04-22 13:42:19.045 12529 12619 D dalvikvm: GC_EXPLICIT freed 309K, 41% free 12333K/20624K, paused 5ms+3ms, total 35ms
04-22 13:42:24.401 12529 12533 D dalvikvm: GC_CONCURRENT freed 1047K, 41% free 12335K/20624K, paused 7ms+3ms, total 35ms
04-22 13:42:26.223 12529 12619 D dalvikvm: GC_EXPLICIT freed 312K, 41% free 12333K/20624K, paused 6ms+9ms, total 70ms
04-22 13:42:30.727 12529 12533 D dalvikvm: GC_CONCURRENT freed 1055K, 41% free 12334K/20624K, paused 5ms+5ms, total 45ms
04-22 13:42:32.429 12529 12619 D dalvikvm: GC_EXPLICIT freed 306K, 41% free 12333K/20624K, paused 6ms+8ms, total 63ms
04-22 13:42:36.924 12529 12533 D dalvikvm: GC_CONCURRENT freed 1054K, 41% free 12338K/20624K, paused 5ms+5ms, total 55ms
04-22 13:42:38.626 12529 12619 D dalvikvm: GC_EXPLICIT freed 305K, 41% free 12333K/20624K, paused 5ms+5ms, total 49ms
04-22 13:42:43.121 12529 12533 D dalvikvm: GC_CONCURRENT freed 1045K, 41% free 12335K/20624K, paused 2ms+2ms, total 24ms
04-22 13:42:44.883 12529 12619 D dalvikvm: GC_EXPLICIT freed 314K, 41% free 12333K/20624K, paused 5ms+4ms, total 61ms
04-22 13:42:49.347 12529 12533 D dalvikvm: GC_CONCURRENT freed 1054K, 41% free 12334K/20624K, paused 7ms+5ms, total 60ms
04-22 13:42:51.059 12529 12619 D dalvikvm: GC_EXPLICIT freed 304K, 41% free 12333K/20624K, paused 6ms+9ms, total 69ms
04-22 13:42:55.654 12529 12533 D dalvikvm: GC_CONCURRENT freed 1052K, 41% free 12335K/20624K, paused 3ms+3ms, total 49ms
04-22 13:42:57.346 12529 12619 D dalvikvm: GC_EXPLICIT freed 307K, 41% free 12333K/20624K, paused 2ms+4ms, total 31ms
04-22 13:43:01.851 12529 12533 D dalvikvm: GC_CONCURRENT freed 1047K, 41% free 12336K/20624K, paused 3ms+4ms, total 29ms
04-22 13:43:03.623 12529 12619 D dalvikvm: GC_EXPLICIT freed 312K, 41% free 12333K/20624K, paused 6ms+9ms, total 68ms
04-22 13:43:08.117 12529 12533 D dalvikvm: GC_CONCURRENT freed 1050K, 41% free 12338K/20624K, paused 4ms+3ms, total 45ms
04-22 13:43:09.839 12529 12619 D dalvikvm: GC_EXPLICIT freed 310K, 41% free 12333K/20624K, paused 5ms+4ms, total 49ms
04-22 13:43:14.494 12529 12533 D dalvikvm: GC_CONCURRENT freed 1050K, 41% free 12337K/20624K, paused 3ms+2ms, total 34ms
04-22 13:43:16.256 12529 12619 D dalvikvm: GC_EXPLICIT freed 309K, 41% free 12333K/20624K, paused 5ms+4ms, total 39ms
04-22 13:43:20.711 12529 12533 D dalvikvm: GC_CONCURRENT freed 1048K, 41% free 12337K/20624K, paused 5ms+6ms, total 43ms
04-22 13:43:22.493 12529 12619 D dalvikvm: GC_EXPLICIT freed 312K, 41% free 12333K/20624K, paused 6ms+9ms, total 70ms
04-22 13:43:27.158 12529 12533 D dalvikvm: GC_CONCURRENT freed 1052K, 41% free 12336K/20624K, paused 6ms+5ms, total 51ms
04-22 13:43:28.849 12529 12619 D dalvikvm: GC_EXPLICIT freed 307K, 41% free 12333K/20624K, paused 4ms+5ms, total 45ms
04-22 13:43:33.344 12529 12533 D dalvikvm: GC_CONCURRENT freed 1047K, 41% free 12334K/20624K, paused 8ms+3ms, total 29ms
04-22 13:43:35.106 12529 12619 D dalvikvm: GC_EXPLICIT freed 312K, 41% free 12333K/20624K, paused 5ms+8ms, total 67ms
04-22 13:43:37.118   744   744 I wpa_supplicant: wlan0: CTRL-EVENT-DISCONNECTED bssid=c0:62:6b:66:cf:f2 reason=1
04-22 13:43:37.128   589   715 D Tethering: InitialState.processMessage what=4
04-22 13:43:37.128   159   515 D CommandListener: Clearing all IP addresses on wlan0
04-22 13:43:37.138   589   715 D Tethering: sendTetherStateChangedBroadcast 0, 0, 0
04-22 13:43:37.138   589   713 D ConnectivityService: ConnectivityChange for WIFI: DISCONNECTED/DISCONNECTED
04-22 13:43:37.138   589   713 D ConnectivityService: Attempting to switch to mobile
04-22 13:43:37.138   589   713 D ConnectivityService: Attempting to switch to BLUETOOTH_TETHER
04-22 13:43:37.148   589   713 D NetUtils: android_net_utils_resetConnections in env=0x721450f8 clazz=0x90100001 iface=wlan0 mask=0x3
04-22 13:43:37.148   589   713 D ConnectivityService: resetConnections(wlan0, 3)
04-22 13:43:37.198  1071 11452 W Smack/Packet: notify conn break (IOEx), close connection
04-22 13:43:37.288   589   713 D NetUtils: android_net_utils_resetConnections in env=0x721450f8 clazz=0x92e00001 iface=wlan0 mask=0x3
04-22 13:43:37.288   589   713 D ConnectivityService: ConnectivityChange for WIFI: DISCONNECTED/DISCONNECTED
04-22 13:43:37.288   589   713 D ConnectivityService: Attempting to switch to mobile
04-22 13:43:37.288   589   713 D ConnectivityService: Attempting to switch to BLUETOOTH_TETHER
04-22 13:43:37.288   589   713 D ConnectivityService: resetConnections(wlan0, 3)
04-22 13:43:37.348  1071 11452 I qtaguid : Failed write_ctrl(u 39) res=-1 errno=22
04-22 13:43:37.348  1071 11452 I qtaguid : Untagging socket 39 failed errno=-22
04-22 13:43:37.348  1071 11452 W NetworkManagementSocketTagger: untagSocket(39) failed with errno -22
04-22 13:43:37.469   589   870 I ActivityManager: Start proc android.process.acore for content provider com.android.providers.contacts/.ContactsProvider2: pid=13438 uid=10000 gids={50000, 3003, 1015, 1028}
04-22 13:43:37.489   589   713 D ConnectivityService: handleInetConditionChange: no active default network - ignore
04-22 13:43:37.529 13438 13438 I ActivityThread: Pub call_log: com.android.providers.contacts.CallLogProvider
04-22 13:43:37.539 13438 13438 I ActivityThread: Pub com.android.voicemail: com.android.providers.contacts.VoicemailContentProvider
04-22 13:43:37.539 13438 13438 I ActivityThread: Pub com.android.contacts.dumpfile: com.android.providers.contacts.debug.DumpFileProvider
04-22 13:43:37.539 13438 13438 I ActivityThread: Pub user_dictionary: com.android.providers.userdictionary.UserDictionaryProvider
04-22 13:43:37.549 13438 13438 I ActivityThread: Pub applications: com.android.providers.applications.ApplicationsProvider
04-22 13:43:37.589 13438 13438 I ActivityThread: Pub contacts;com.android.contacts: com.android.providers.contacts.ContactsProvider2
04-22 13:43:37.639   744   744 I wpa_supplicant: wlan0: Trying to associate with c0:62:6b:66:ce:a2 (SSID='Appcelerator Guests' freq=2412 MHz)
04-22 13:43:37.639 13438 13444 D dalvikvm: GC_CONCURRENT freed 167K, 3% free 9076K/9272K, paused 7ms+2ms, total 28ms
04-22 13:43:37.709  1816 11515 I System.out: WMQtt client:Lost connection...
04-22 13:43:37.709  1816 13456 I com.appcelerator.cloud.push.PushService: MQTT Disonnected
04-22 13:43:37.719  1816 13456 W com.appcelerator.cloud.push.PushService: MQTT Service status:true
04-22 13:43:37.719  1816 13456 E com.appcelerator.cloud.push.PushService: Failed to connect to MQTT Server. Exception Type: com.ibm.mqtt.MqttException; Exception Message: null
04-22 13:43:37.729   744   744 I wpa_supplicant: wlan0: Associated with c0:62:6b:66:ce:a2
04-22 13:43:37.739   589   715 D Tethering: sendTetherStateChangedBroadcast 1, 0, 0
04-22 13:43:37.739   744   744 I wpa_supplicant: wlan0: WPA: Key negotiation completed with c0:62:6b:66:ce:a2 [PTK=CCMP GTK=CCMP]
04-22 13:43:37.739   744   744 I wpa_supplicant: wlan0: CTRL-EVENT-CONNECTED - Connection to c0:62:6b:66:ce:a2 completed (reauth) [id=0 id_str=]
04-22 13:43:37.849   589   872 I ActivityManager: No longer want com.google.android.gallery3d (pid 12253): empty #17
04-22 13:43:38.169   589   713 D ConnectivityService: Captive portal check NetworkInfo: type: WIFI[], state: CONNECTING/CAPTIVE_PORTAL_CHECK, reason: (unspecified), extra: "Appcelerator Guests", roaming: false, failover: false, isAvailable: true
04-22 13:43:38.179   589   713 D ConnectivityService: Captive portal check NetworkInfo: type: WIFI[], state: CONNECTING/CAPTIVE_PORTAL_CHECK, reason: (unspecified), extra: "Appcelerator Guests", roaming: false, failover: false, isAvailable: true
04-22 13:43:38.189   589   713 D ConnectivityService: ConnectivityChange for WIFI: CONNECTED/CONNECTED
04-22 13:43:38.199   589   711 E WifiStateMachine: Error! unhandled message{ what=131092 when=-24ms }
04-22 13:43:38.209   589   713 D ConnectivityService: ConnectivityChange for WIFI: CONNECTED/CONNECTED
04-22 13:43:38.219   589   713 D ConnectivityService: handleConnectivityChange: address are the same reset per doReset linkProperty[1]: resetMask=0
04-22 13:43:38.350   589   593 D dalvikvm: GC_CONCURRENT freed 2764K, 34% free 19809K/29648K, paused 4ms+8ms, total 102ms
04-22 13:43:38.790 13438 13444 D dalvikvm: GC_CONCURRENT freed 222K, 3% free 9246K/9496K, paused 2ms+2ms, total 21ms
04-22 13:43:39.190   589   713 D ConnectivityService: NetTransition Wakelock for WifiStateMachine released by timeout
04-22 13:43:39.651 12529 12533 D dalvikvm: GC_CONCURRENT freed 1051K, 41% free 12336K/20624K, paused 3ms+7ms, total 55ms
04-22 13:43:40.292   589   715 D Tethering: MasterInitialState.processMessage what=3
04-22 13:43:40.322   589   872 I ActivityManager: Start proc com.google.android.gallery3d for broadcast com.google.android.gallery3d/com.google.android.picasasync.ConnectivityReceiver: pid=13487 uid=10020 gids={50020, 1006, 3003, 1015, 1028}
04-22 13:43:40.332  1816  1816 D com.appcelerator.cloud.push.PushService: Connectivity changed. Network availability:true; Has connectivity:false; type:WIFI; reason:null
04-22 13:43:40.352   589  1088 E         : W/virtual loc_api_adapter_err LocApiAdapter::enableData(int): default implementation invoked
04-22 13:43:40.352   589  1088 E         : W/virtual loc_api_adapter_err LocApiAdapter::setAPN(char*, int): default implementation invoked
04-22 13:43:40.352  1071  1071 I GTalkService/c: [AndroidEndpoint@1114248488] connect: acct=1000000, state=CONNECTING
04-22 13:43:40.362  1816  1816 D com.appcelerator.cloud.push.PushService: MQTT Status:Problematic
04-22 13:43:40.362  1816  1816 I com.appcelerator.cloud.push.PushService: Reconnecting...
04-22 13:43:40.362  1071  1071 I GTalkService/c: [GTalkConnection@1114352600] connect: acct=1, state=CONNECTING
04-22 13:43:40.422 13487 13487 I ActivityThread: Pub com.google.android.gallery3d.provider: com.android.gallery3d.provider.GalleryProvider
04-22 13:43:40.442  1071  1077 I dalvikvm: Jit: resizing JitTable from 4096 to 8192
