04-22 13:20:45.184   931   931 W IInputConnectionWrapper: showStatusIcon on inactive InputConnection
04-22 13:20:45.415   162   272 D overlay : FROM_STATE = OV_CLOSED TO_STATE = OV_BYPASS_3_LAYER
04-22 13:20:45.775   162   272 D overlay : FROM_STATE = OV_BYPASS_3_LAYER TO_STATE = OV_CLOSED
04-22 13:20:46.155   589   607 I ActivityManager: No longer want com.android.keychain (pid 12282): empty #17
04-22 13:20:46.336   589   609 D dalvikvm: GC_EXPLICIT freed 1939K, 30% free 22857K/32316K, paused 3ms+12ms, total 103ms
04-22 13:20:46.666   589   679 I ActivityManager: START u0 {act=android.intent.action.MAIN cat=[android.intent.category.LAUNCHER] flg=0x4 cmp=com.got.clockscene/.ClocksceneActivity (has extras)} from pid -1
04-22 13:20:46.666   589   679 W ActivityManager: startActivity called from non-Activity context; forcing Intent.FLAG_ACTIVITY_NEW_TASK for: Intent { act=android.intent.action.MAIN cat=[android.intent.category.LAUNCHER] flg=0x4 cmp=com.got.clockscene/.ClocksceneActivity (has extras) }
04-22 13:20:46.716 12529 12529 I TiRootActivity: (main) [0,0] checkpoint, on root activity create, savedInstanceState: null
04-22 13:20:46.776 12529 12529 I TiAnalyticsDb: (main) [60,60] Upgrading Database from 1 to 4
04-22 13:20:46.816   589   609 D dalvikvm: GC_FOR_ALLOC freed 3566K, 29% free 21208K/29648K, paused 58ms, total 58ms
04-22 13:20:46.816   589   609 I dalvikvm-heap: Grow heap (frag case) to 23.346MB for 2731536-byte allocation
04-22 13:20:46.866   589  9073 D dalvikvm: GC_FOR_ALLOC freed <1K, 27% free 23876K/32316K, paused 50ms, total 50ms
04-22 13:20:47.066 12529 12563 D Module  : Loading module: ClockScene -> Resources/ClockScene.js
04-22 13:20:47.136 12529 12563 D Module  : Loading module: TextManagerStatsView -> Resources/TextManagerStatsView.js
04-22 13:20:47.146 12529 12563 D Module  : Loading module: TextManager -> Resources/TextManager.js
04-22 13:20:47.156 12529 12563 D Module  : Loading module: XMLStats -> Resources/XMLStats.js
04-22 13:20:47.166 12529 12563 D Module  : Loading module: TextManagerDecorations -> Resources/TextManagerDecorations.js
04-22 13:20:47.186 12529 12563 D Module  : Loading module: TextManagerItemsAncientGizaRiverfront -> Resources/TextManagerItemsAncientGizaRiverfront.js
04-22 13:20:47.196 12529 12563 D Module  : Loading module: TextManagerMissions -> Resources/TextManagerMissions.js
04-22 13:20:47.206 12529 12563 D Module  : Loading module: TextManagerQuests -> Resources/TextManagerQuests.js
04-22 13:20:47.216 12529 12563 D Module  : Loading module: TextManagerStories -> Resources/TextManagerStories.js
04-22 13:20:47.297   162   272 D overlay : FROM_STATE = OV_CLOSED TO_STATE = OV_BYPASS_3_LAYER
04-22 13:20:47.557 12529 12529 I TiRootActivity: (main) [0,0] checkpoint, on root activity resume. activity = com.got.clockscene.ClocksceneActivity@4261c2d8
04-22 13:20:47.657   747   747 V PhoneStatusBar: setLightsOn(true)
04-22 13:20:47.697 12529 12619 D libEGL  : loaded /system/lib/egl/libEGL_adreno200.so
04-22 13:20:47.697 12529 12619 D libEGL  : loaded /system/lib/egl/libGLESv1_CM_adreno200.so
04-22 13:20:47.707 12529 12619 D libEGL  : loaded /system/lib/egl/libGLESv2_adreno200.so
04-22 13:20:47.707 12529 12619 I Adreno200-EGL: <eglInitialize:269>: EGL 1.4 QUALCOMM build: Nondeterministic AU_full_mako_PARTNER-ANDROID/JB-MR1-DEV_CL2946718_release_AU (CL2946718)
04-22 13:20:47.707 12529 12619 I Adreno200-EGL: Build Date: 11/04/12 Sun
04-22 13:20:47.707 12529 12619 I Adreno200-EGL: Local Branch: 
04-22 13:20:47.707 12529 12619 I Adreno200-EGL: Remote Branch: m/partner-android/jb-mr1-dev
04-22 13:20:47.707 12529 12619 I Adreno200-EGL: Local Patches: NONE
04-22 13:20:47.707 12529 12619 I Adreno200-EGL: Reconstruct Branch: NOTHING
04-22 13:20:47.897   589   609 I ActivityManager: Displayed com.got.clockscene/.ClocksceneActivity: +1s205ms
04-22 13:20:47.927   162   272 D overlay : FROM_STATE = OV_BYPASS_3_LAYER TO_STATE = OV_CLOSED
04-22 13:20:48.238 12529 12563 I TiAPI   :  clock scene is activated
04-22 13:20:48.308   165   623 D alsa_ucm: snd_use_case_set(): uc_mgr 0x40ff72a0 identifier _verb value Inactive
04-22 13:20:48.308   165   623 D alsa_ucm: Set mixer controls for HiFi Lowlatency enable 0
04-22 13:20:48.308   165   623 D alsa_ucm: snd_use_case_set(): uc_mgr 0x40ff72a0 identifier _disdev value Speaker
04-22 13:20:48.308   165   623 D alsa_ucm: Set mixer controls for Speaker enable 0
04-22 13:20:48.458 12529 12619 D dalvikvm: GC_FOR_ALLOC freed 4607K, 30% free 12696K/17960K, paused 13ms, total 13ms
04-22 13:20:48.468 12529 12619 I dalvikvm-heap: Grow heap (frag case) to 15.422MB for 3145744-byte allocation
04-22 13:20:48.498 12529 12533 D dalvikvm: GC_CONCURRENT freed 403K, 15% free 15365K/17960K, paused 10ms+2ms, total 34ms
04-22 13:20:48.498 12529 12538 D dalvikvm: WAIT_FOR_CONCURRENT_GC blocked 4ms
04-22 13:20:48.498 12529 12619 D dalvikvm: WAIT_FOR_CONCURRENT_GC blocked 17ms
04-22 13:20:48.518 12529 12619 D dalvikvm: GC_FOR_ALLOC freed 14K, 15% free 15350K/17960K, paused 14ms, total 15ms
04-22 13:20:48.528 12529 12619 I dalvikvm-heap: Grow heap (frag case) to 19.015MB for 4194320-byte allocation
04-22 13:20:48.538 12529 12538 D dalvikvm: GC_FOR_ALLOC freed <1K, 12% free 19446K/22060K, paused 13ms, total 13ms
04-22 13:20:48.568 12529 12533 D dalvikvm: GC_CONCURRENT freed 3073K, 26% free 16373K/22060K, paused 3ms+3ms, total 26ms
04-22 13:20:48.618 12529 12619 D dalvikvm: GC_FOR_ALLOC freed 4109K, 32% free 12266K/17956K, paused 15ms, total 15ms
04-22 13:20:48.628 12529 12619 I dalvikvm-heap: Grow heap (frag case) to 15.794MB for 3976052-byte allocation
04-22 13:20:48.648 12529 12538 D dalvikvm: GC_FOR_ALLOC freed 0K, 27% free 16149K/21840K, paused 24ms, total 24ms
04-22 13:20:48.688 12529 12533 D dalvikvm: GC_CONCURRENT freed 0K, 27% free 16149K/21840K, paused 4ms+4ms, total 32ms
04-22 13:20:48.688 12529 12619 D dalvikvm: WAIT_FOR_CONCURRENT_GC blocked 27ms
04-22 13:20:48.688 12529 12619 I dalvikvm-heap: Grow heap (frag case) to 19.794MB for 4194320-byte allocation
04-22 13:20:48.708 12529 12619 D dalvikvm: GC_FOR_ALLOC freed <1K, 22% free 20245K/25940K, paused 13ms, total 13ms
04-22 13:20:48.718 12529 12533 D dalvikvm: GC_CONCURRENT freed <1K, 22% free 20245K/25940K, paused 3ms+1ms, total 16ms
04-22 13:20:48.798 12529 12619 D dalvikvm: GC_FOR_ALLOC freed 7981K, 21% free 14336K/17956K, paused 36ms, total 36ms
04-22 13:20:48.808 12529 12619 I dalvikvm-heap: Grow heap (frag case) to 18.025MB for 4194320-byte allocation
04-22 13:20:48.838 12529 12619 D dalvikvm: GC_FOR_ALLOC freed <1K, 17% free 18432K/22056K, paused 23ms, total 23ms
04-22 13:20:48.848 12529 12533 D dalvikvm: GC_CONCURRENT freed 0K, 17% free 18432K/22056K, paused 2ms+2ms, total 15ms
04-22 13:20:59.780 12529 12619 D dalvikvm: GC_EXPLICIT freed 8658K, 32% free 12260K/17956K, paused 2ms+3ms, total 30ms
04-22 13:21:08.219 12529 12533 D dalvikvm: GC_CONCURRENT freed 1022K, 32% free 12260K/17956K, paused 3ms+3ms, total 23ms
04-22 13:21:11.252 12529 12619 D dalvikvm: GC_EXPLICIT freed 334K, 32% free 12257K/17956K, paused 2ms+2ms, total 24ms
04-22 13:21:17.088 12529 12633 I TiAnalyticsSvc: (Thread-628) [29522,29522] Analytics Service Started
04-22 13:21:19.491 12529 12533 D dalvikvm: GC_CONCURRENT freed 984K, 32% free 12294K/17956K, paused 3ms+3ms, total 22ms
04-22 13:21:23.265 12529 12619 D dalvikvm: GC_EXPLICIT freed 442K, 32% free 12286K/17956K, paused 1ms+3ms, total 23ms
04-22 13:21:25.147 12529 12535 I dalvikvm: dvmDdmHandleHpsgChunk(when 1, what 0, heap 0)
04-22 13:21:29.061 12529 12633 I TiAnalyticsSvc: (Thread-628) [11971,41493] Stopping Analytics Service
04-22 13:21:30.272 12529 12533 D dalvikvm: GC_CONCURRENT freed 926K, 31% free 12391K/17956K, paused 2ms+3ms, total 21ms
04-22 13:21:36.239 12529 12619 D dalvikvm: GC_EXPLICIT freed 663K, 32% free 12355K/17956K, paused 2ms+3ms, total 27ms
04-22 13:21:38.681 12529 12535 D dalvikvm: GC_EXPLICIT freed 213K, 32% free 12356K/17956K, paused 3ms+4ms, total 28ms
04-22 13:21:48.312 12529 12533 D dalvikvm: GC_CONCURRENT freed 1054K, 32% free 12356K/17956K, paused 3ms+3ms, total 22ms
04-22 13:21:49.633 12529 12619 D dalvikvm: GC_EXPLICIT freed 93K, 32% free 12355K/17956K, paused 2ms+4ms, total 29ms
04-22 13:21:59.223 12529 12533 D dalvikvm: GC_CONCURRENT freed 1054K, 32% free 12356K/17956K, paused 3ms+3ms, total 25ms
04-22 13:22:02.337 12529 12619 D dalvikvm: GC_EXPLICIT freed 307K, 32% free 12355K/17956K, paused 3ms+3ms, total 37ms
04-22 13:22:12.287 12529 12533 D dalvikvm: GC_CONCURRENT freed 1052K, 32% free 12357K/17956K, paused 2ms+3ms, total 22ms
04-22 13:22:15.230 12529 12619 D dalvikvm: GC_EXPLICIT freed 306K, 32% free 12355K/17956K, paused 2ms+3ms, total 23ms
04-22 13:22:20.676   589   685 I InputReader: Reconfiguring input devices.  changes=0x00000004
04-22 13:22:20.676   589   685 I InputReader: Device reconfigured: id=6, name='touch_dev', size 768x1280, orientation 3, mode 1, display id 0
04-22 13:22:20.676   589   607 I ActivityManager: Config changed: {1.0 ?mcc?mnc en_US ldltr sw384dp w598dp h359dp 320dpi nrml land finger -keyb/v/h -nav/h s.13}
04-22 13:22:20.756 12529 12529 D dalvikvm: GC_FOR_ALLOC freed 554K, 32% free 12357K/17956K, paused 34ms, total 37ms
04-22 13:22:21.307 12529 12529 I dalvikvm-heap: Grow heap (frag case) to 13.558MB for 1536016-byte allocation
04-22 13:22:21.337 12529 12576 D dalvikvm: GC_FOR_ALLOC freed 2K, 23% free 13855K/17956K, paused 29ms, total 29ms
04-22 13:22:21.928 12529 12533 D dalvikvm: GC_CONCURRENT freed 1K, 23% free 13856K/17956K, paused 3ms+3ms, total 26ms
04-22 13:22:22.448 12529 12529 D dalvikvm: WAIT_FOR_CONCURRENT_GC blocked 536ms
04-22 13:22:22.448 12529 12529 I dalvikvm-heap: Grow heap (frag case) to 16.163MB for 2731536-byte allocation
04-22 13:22:22.468 12529 12538 D dalvikvm: GC_FOR_ALLOC freed <1K, 20% free 16523K/20624K, paused 14ms, total 14ms
04-22 13:22:22.668   589   609 W WindowManager: Window freeze timeout expired.
04-22 13:22:22.668   589   609 W WindowManager: Force clearing orientation change: Window{42fe5e08 u0 com.got.clockscene/com.got.clockscene.ClocksceneActivity}
04-22 13:22:22.668   589   609 W WindowManager: Force clearing orientation change: Window{4300e180 u0 SurfaceView}
04-22 13:22:22.668   589   609 W WindowManager: Force clearing orientation change: Window{4302c900 u0 com.android.phasebeam.PhaseBeamWallpaper}
04-22 13:22:23.199 12529 12533 D dalvikvm: GC_CONCURRENT freed <1K, 20% free 16524K/20624K, paused 7ms+3ms, total 26ms
04-22 13:22:23.769 12529 12529 I Choreographer: Skipped 34 frames!  The application may be doing too much work on its main thread.
04-22 13:22:24.771   589   609 D dalvikvm: GC_EXPLICIT freed 1884K, 31% free 22411K/32316K, paused 3ms+7ms, total 68ms
04-22 13:22:30.587 12529 12619 D dalvikvm: GC_EXPLICIT freed 2320K, 28% free 15023K/20624K, paused 2ms+3ms, total 26ms
04-22 13:22:42.890 12529 12619 D dalvikvm: GC_EXPLICIT freed 1357K, 28% free 15022K/20624K, paused 2ms+3ms, total 28ms
04-22 13:22:43.010 12529 12619 E jdwp    : Failed sending b-req to debugger: Connection reset by peer (-1 of 38)
04-22 13:22:43.010 12529 12619 E jdwp    : Failed sending b-req to debugger: Broken pipe (-1 of 38)
04-22 13:22:43.010 12529 12619 E jdwp    : Failed sending b-req to debugger: Broken pipe (-1 of 38)
04-22 13:22:43.010 12529 12619 E jdwp    : Failed sending b-req to debugger: Broken pipe (-1 of 38)
04-22 13:22:43.010 12529 12619 E jdwp    : Failed sending b-req to debugger: Broken pipe (-1 of 38)
04-22 13:22:43.010 12529 12619 E jdwp    : Failed sending b-req to debugger: Broken pipe (-1 of 38)
04-22 13:22:43.010 12529 12619 E jdwp    : Failed sending b-req to debugger: Broken pipe (-1 of 38)
04-22 13:22:43.010 12529 12619 E jdwp    : Failed sending b-req to debugger: Broken pipe (-1 of 38)
04-22 13:22:43.010 12529 12619 E jdwp    : Failed sending b-req to debugger: Broken pipe (-1 of 38)
04-22 13:22:43.010 12529 12619 E jdwp    : Failed sending b-req to debugger: Broken pipe (-1 of 38)
04-22 13:22:43.010 12529 12619 E jdwp    : Failed sending b-req to debugger: Broken pipe (-1 of 38)
04-22 13:22:43.010 12529 12619 E jdwp    : Failed sending b-req to debugger: Broken pipe (-1 of 38)
04-22 13:22:43.010 12529 12619 E jdwp    : Failed sending b-req to debugger: Broken pipe (-1 of 38)
04-22 13:22:43.010 12529 12619 E jdwp    : Failed sending b-req to debugger: Broken pipe (-1 of 38)
04-22 13:22:43.010 12529 12619 E jdwp    : Failed sending b-req to debugger: Broken pipe (-1 of 38)
04-22 13:22:43.010 12529 12619 E jdwp    : Failed sending b-req to debugger: Broken pipe (-1 of 38)
04-22 13:22:43.010 12529 12619 E jdwp    : Failed sending b-req to debugger: Broken pipe (-1 of 38)
04-22 13:22:43.010 12529 12619 E jdwp    : Failed sending b-req to debugger: Broken pipe (-1 of 38)
04-22 13:22:43.010 12529 12619 E jdwp    : Failed sending b-req to debugger: Broken pipe (-1 of 38)
04-22 13:22:43.010 12529 12619 E jdwp    : Failed sending b-req to debugger: Broken pipe (-1 of 38)
04-22 13:22:43.010 12529 12619 E jdwp    : Failed sending b-req to debugger: Broken pipe (-1 of 38)
04-22 13:22:43.010 12529 12619 E jdwp    : Failed sending b-req to debugger: Broken pipe (-1 of 38)
04-22 13:22:43.010 12529 12619 E jdwp    : Failed sending b-req to debugger: Broken pipe (-1 of 38)
04-22 13:22:43.010 12529 12619 E jdwp    : Failed sending b-req to debugger: Broken pipe (-1 of 38)
04-22 13:22:43.010 12529 12619 E jdwp    : Failed sending b-req to debugger: Broken pipe (-1 of 38)
04-22 13:22:43.010 12529 12619 E jdwp    : Failed sending b-req to debugger: Broken pipe (-1 of 38)
04-22 13:22:43.010 12529 12619 E jdwp    : Failed sending b-req to debugger: Broken pipe (-1 of 38)
04-22 13:22:43.010 12529 12619 E jdwp    : Failed sending b-req to debugger: Broken pipe (-1 of 38)
04-22 13:22:43.010 12529 12619 E jdwp    : Failed sending b-req to debugger: Broken pipe (-1 of 38)
04-22 13:22:43.010 12529 12619 E jdwp    : Failed sending b-req to debugger: Broken pipe (-1 of 38)
04-22 13:22:43.010 12529 12619 E jdwp    : Failed sending b-req to debugger: Broken pipe (-1 of 38)
04-22 13:22:43.010 12529 12619 E jdwp    : Failed sending b-req to debugger: Broken pipe (-1 of 38)
04-22 13:22:43.010 12529 12619 E jdwp    : Failed sending b-req to debugger: Broken pipe (-1 of 38)
04-22 13:22:43.010 12529 12619 E jdwp    : Failed sending b-req to debugger: Broken pipe (-1 of 38)
04-22 13:22:43.010 12529 12619 E jdwp    : Failed sending b-req to debugger: Broken pipe (-1 of 38)
04-22 13:22:43.010 12529 12619 E jdwp    : Failed sending b-req to debugger: Broken pipe (-1 of 38)
04-22 13:22:43.010 12529 12619 E jdwp    : Failed sending b-req to debugger: Broken pipe (-1 of 38)
04-22 13:22:43.010 12529 12619 E jdwp    : Failed sending b-req to debugger: Broken pipe (-1 of 38)
04-22 13:22:43.010 12529 12619 E jdwp    : Failed sending b-req to debugger: Broken pipe (-1 of 38)
04-22 13:22:43.010 12529 12619 E jdwp    : Failed sending b-req to debugger: Broken pipe (-1 of 38)
04-22 13:22:43.010 12529 12619 E jdwp    : Failed sending b-req to debugger: Broken pipe (-1 of 38)
04-22 13:22:43.010 12529 12619 E jdwp    : Failed sending b-req to debugger: Broken pipe (-1 of 38)
04-22 13:22:43.010 12529 12619 E jdwp    : Failed sending b-req to debugger: Broken pipe (-1 of 38)
04-22 13:22:43.010 12529 12619 E jdwp    : Failed sending b-req to debugger: Broken pipe (-1 of 38)
04-22 13:22:43.010 12529 12619 E jdwp    : Failed sending b-req to debugger: Broken pipe (-1 of 38)
04-22 13:22:43.010 12529 12619 E jdwp    : Failed sending b-req to debugger: Broken pipe (-1 of 38)
04-22 13:22:43.010 12529 12619 E jdwp    : Failed sending b-req to debugger: Broken pipe (-1 of 38)
04-22 13:22:43.010 12529 12619 E jdwp    : Failed sending b-req to debugger: Broken pipe (-1 of 38)
04-22 13:22:43.010 12529 12619 E jdwp    : Failed sending b-req to debugger: Broken pipe (-1 of 38)
04-22 13:22:43.010 12529 12619 E jdwp    : Failed sending b-req to debugger: Broken pipe (-1 of 38)
04-22 13:22:43.010 12529 12619 E jdwp    : Failed sending b-req to debugger: Broken pipe (-1 of 38)
04-22 13:22:43.010 12529 12619 E jdwp    : Failed sending b-req to debugger: Broken pipe (-1 of 38)
04-22 13:22:43.010 12529 12619 E jdwp    : Failed sending b-req to debugger: Broken pipe (-1 of 38)
04-22 13:22:43.010 12529 12619 E jdwp    : Failed sending b-req to debugger: Broken pipe (-1 of 38)
04-22 13:22:43.010 12529 12619 E jdwp    : Failed sending b-req to debugger: Broken pipe (-1 of 38)
04-22 13:22:43.010 12529 12619 E jdwp    : Failed sending b-req to debugger: Broken pipe (-1 of 38)
04-22 13:22:43.010 12529 12619 E jdwp    : Failed sending b-req to debugger: Broken pipe (-1 of 38)
04-22 13:22:43.010 12529 12619 E jdwp    : Failed sending b-req to debugger: Broken pipe (-1 of 38)
04-22 13:22:43.010 12529 12619 E jdwp    : Failed sending b-req to debugger: Broken pipe (-1 of 38)
04-22 13:22:43.010 12529 12619 E jdwp    : Failed sending b-req to debugger: Broken pipe (-1 of 38)
04-22 13:22:43.010 12529 12619 E jdwp    : Failed sending b-req to debugger: Broken pipe (-1 of 38)
04-22 13:22:43.010 12529 12619 E jdwp    : Failed sending b-req to debugger: Broken pipe (-1 of 38)
04-22 13:22:43.010 12529 12619 E jdwp    : Failed sending b-req to debugger: Broken pipe (-1 of 38)
04-22 13:22:43.010 12529 12619 E jdwp    : Failed sending b-req to debugger: Broken pipe (-1 of 38)
04-22 13:22:43.010 12529 12619 E jdwp    : Failed sending b-req to debugger: Broken pipe (-1 of 38)
04-22 13:22:43.010 12529 12619 E jdwp    : Failed sending b-req to debugger: Broken pipe (-1 of 38)
04-22 13:22:43.010 12529 12619 E jdwp    : Failed sending b-req to debugger: Broken pipe (-1 of 38)
04-22 13:22:43.010 12529 12619 E jdwp    : Failed sending b-req to debugger: Broken pipe (-1 of 38)
04-22 13:22:43.010 12529 12619 E jdwp    : Failed sending b-req to debugger: Broken pipe (-1 of 38)
04-22 13:22:43.010 12529 12619 E jdwp    : Failed sending b-req to debugger: Broken pipe (-1 of 38)
04-22 13:22:43.010 12529 12619 E jdwp    : Failed sending b-req to debugger: Broken pipe (-1 of 38)
04-22 13:22:43.010 12529 12619 E jdwp    : Failed sending b-req to debugger: Broken pipe (-1 of 38)
04-22 13:22:43.010 12529 12619 E jdwp    : Failed sending b-req to debugger: Broken pipe (-1 of 38)
04-22 13:22:43.010 12529 12619 E jdwp    : Failed sending b-req to debugger: Broken pipe (-1 of 38)
04-22 13:22:43.010 12529 12619 E jdwp    : Failed sending b-req to debugger: Broken pipe (-1 of 38)
04-22 13:22:43.010 12529 12619 E jdwp    : Failed sending b-req to debugger: Broken pipe (-1 of 38)
04-22 13:22:43.010 12529 12619 E jdwp    : Failed sending b-req to debugger: Broken pipe (-1 of 38)
04-22 13:22:43.010 12529 12619 E jdwp    : Failed sending b-req to debugger: Broken pipe (-1 of 38)
04-22 13:22:43.010 12529 12619 E jdwp    : Failed sending b-req to debugger: Broken pipe (-1 of 38)
04-22 13:22:43.010 12529 12619 E jdwp    : Failed sending b-req to debugger: Broken pipe (-1 of 38)
04-22 13:22:43.010 12529 12619 E jdwp    : Failed sending b-req to debugger: Broken pipe (-1 of 38)
04-22 13:22:43.010 12529 12619 E jdwp    : Failed sending b-req to debugger: Broken pipe (-1 of 38)
04-22 13:22:43.010 12529 12619 E jdwp    : Failed sending b-req to debugger: Broken pipe (-1 of 38)
04-22 13:22:43.010 12529 12619 E jdwp    : Failed sending b-req to debugger: Broken pipe (-1 of 38)
04-22 13:22:43.010 12529 12619 E jdwp    : Failed sending b-req to debugger: Broken pipe (-1 of 38)
04-22 13:22:43.010 12529 12619 E jdwp    : Failed sending b-req to debugger: Broken pipe (-1 of 38)
04-22 13:22:43.010 12529 12619 E jdwp    : Failed sending b-req to debugger: Broken pipe (-1 of 38)
04-22 13:22:43.010 12529 12619 E jdwp    : Failed sending b-req to debugger: Broken pipe (-1 of 38)
04-22 13:22:43.010 12529 12619 E jdwp    : Failed sending b-req to debugger: Broken pipe (-1 of 38)
04-22 13:22:43.010 12529 12619 E jdwp    : Failed sending b-req to debugger: Broken pipe (-1 of 38)
04-22 13:22:43.010 12529 12619 E jdwp    : Failed sending b-req to debugger: Broken pipe (-1 of 38)
04-22 13:22:43.010 12529 12619 E jdwp    : Failed sending b-req to debugger: Broken pipe (-1 of 38)
04-22 13:22:43.010 12529 12619 E jdwp    : Failed sending b-req to debugger: Broken pipe (-1 of 38)
04-22 13:22:43.010 12529 12619 E jdwp    : Failed sending b-req to debugger: Broken pipe (-1 of 38)
04-22 13:22:43.010 12529 12619 E jdwp    : Failed sending b-req to debugger: Broken pipe (-1 of 38)
04-22 13:22:43.010 12529 12619 E jdwp    : Failed sending b-req to debugger: Broken pipe (-1 of 38)
04-22 13:22:43.010 12529 12619 E jdwp    : Failed sending b-req to debugger: Broken pipe (-1 of 38)
04-22 13:22:43.010 12529 12619 E jdwp    : Failed sending b-req to debugger: Broken pipe (-1 of 38)
04-22 13:22:43.010 12529 12619 E jdwp    : Failed sending b-req to debugger: Broken pipe (-1 of 38)
04-22 13:22:43.010 12529 12619 E jdwp    : Failed sending b-req to debugger: Broken pipe (-1 of 38)
04-22 13:22:43.010 12529 12619 E jdwp    : Failed sending b-req to debugger: Broken pipe (-1 of 38)
04-22 13:22:43.010 12529 12619 E jdwp    : Failed sending b-req to debugger: Broken pipe (-1 of 38)
04-22 13:22:43.010 12529 12619 E jdwp    : Failed sending b-req to debugger: Broken pipe (-1 of 38)
04-22 13:22:43.010 12529 12619 E jdwp    : Failed sending b-req to debugger: Broken pipe (-1 of 38)
04-22 13:22:43.010 12529 12619 E jdwp    : Failed sending b-req to debugger: Broken pipe (-1 of 38)
04-22 13:22:43.010 12529 12619 E jdwp    : Failed sending b-req to debugger: Broken pipe (-1 of 38)
04-22 13:22:43.010 12529 12619 E jdwp    : Failed sending b-req to debugger: Broken pipe (-1 of 38)
04-22 13:22:43.010 12529 12619 E jdwp    : Failed sending b-req to debugger: Broken pipe (-1 of 38)
04-22 13:22:43.010 12529 12619 E jdwp    : Failed sending b-req to debugger: Broken pipe (-1 of 38)
04-22 13:22:43.010 12529 12619 E jdwp    : Failed sending b-req to debugger: Broken pipe (-1 of 38)
04-22 13:22:43.010 12529 12619 E jdwp    : Failed sending b-req to debugger: Broken pipe (-1 of 38)
04-22 13:22:43.010 12529 12619 E jdwp    : Failed sending b-req to debugger: Broken pipe (-1 of 38)
04-22 13:22:43.010 12529 12619 E jdwp    : Failed sending b-req to debugger: Broken pipe (-1 of 38)
04-22 13:22:43.010 12529 12619 E jdwp    : Failed sending b-req to debugger: Broken pipe (-1 of 38)
04-22 13:22:43.010 12529 12619 E jdwp    : Failed sending b-req to debugger: Broken pipe (-1 of 38)
04-22 13:22:43.010 12529 12619 E jdwp    : Failed sending b-req to debugger: Broken pipe (-1 of 38)
04-22 13:22:43.010 12529 12619 E jdwp    : Failed sending b-req to debugger: Broken pipe (-1 of 38)
04-22 13:22:43.010 12529 12619 E jdwp    : Failed sending b-req to debugger: Broken pipe (-1 of 38)
04-22 13:22:43.010 12529 12619 E jdwp    : Failed sending b-req to debugger: Broken pipe (-1 of 38)
04-22 13:22:43.010 12529 12619 E jdwp    : Failed sending b-req to debugger: Broken pipe (-1 of 38)
04-22 13:22:43.010 12529 12619 E jdwp    : Failed sending b-req to debugger: Broken pipe (-1 of 38)
04-22 13:22:43.010 12529 12619 E jdwp    : Failed sending b-req to debugger: Broken pipe (-1 of 38)
04-22 13:22:43.010 12529 12619 E jdwp    : Failed sending b-req to debugger: Broken pipe (-1 of 38)
04-22 13:22:43.010 12529 12619 E jdwp    : Failed sending b-req to debugger: Broken pipe (-1 of 38)
04-22 13:22:43.010 12529 12619 E jdwp    : Failed sending b-req to debugger: Broken pipe (-1 of 38)
04-22 13:22:43.010 12529 12619 E jdwp    : Failed sending b-req to debugger: Broken pipe (-1 of 38)
04-22 13:22:43.010 12529 12619 E jdwp    : Failed sending b-req to debugger: Broken pipe (-1 of 38)
04-22 13:22:43.010 12529 12619 E jdwp    : Failed sending b-req to debugger: Broken pipe (-1 of 38)
04-22 13:22:43.010 12529 12619 E jdwp    : Failed sending b-req to debugger: Broken pipe (-1 of 38)
04-22 13:22:43.010 12529 12619 E jdwp    : Failed sending b-req to debugger: Broken pipe (-1 of 38)
04-22 13:22:43.010 12529 12619 E jdwp    : Failed sending b-req to debugger: Broken pipe (-1 of 38)
04-22 13:22:43.010 12529 12619 E jdwp    : Failed sending b-req to debugger: Broken pipe (-1 of 38)
04-22 13:22:43.010 12529 12619 E jdwp    : Failed sending b-req to debugger: Broken pipe (-1 of 38)
04-22 13:22:43.010 12529 12619 E jdwp    : Failed sending b-req to debugger: Broken pipe (-1 of 38)
04-22 13:22:43.010 12529 12619 E jdwp    : Failed sending b-req to debugger: Broken pipe (-1 of 38)
04-22 13:22:43.010 12529 12619 E jdwp    : Failed sending b-req to debugger: Broken pipe (-1 of 38)
04-22 13:22:43.010 12529 12619 E jdwp    : Failed sending b-req to debugger: Broken pipe (-1 of 38)
04-22 13:22:43.010 12529 12619 E jdwp    : Failed sending b-req to debugger: Broken pipe (-1 of 38)
04-22 13:22:43.010 12529 12619 E jdwp    : Failed sending b-req to debugger: Broken pipe (-1 of 38)
04-22 13:22:43.010 12529 12619 E jdwp    : Failed sending b-req to debugger: Broken pipe (-1 of 38)
04-22 13:22:43.010 12529 12619 E jdwp    : Failed sending b-req to debugger: Broken pipe (-1 of 38)
04-22 13:22:43.010 12529 12619 E jdwp    : Failed sending b-req to debugger: Broken pipe (-1 of 38)
04-22 13:22:43.010 12529 12619 E jdwp    : Failed sending b-req to debugger: Broken pipe (-1 of 38)
04-22 13:22:43.010 12529 12619 E jdwp    : Failed sending b-req to debugger: Broken pipe (-1 of 38)
04-22 13:22:43.010 12529 12619 E jdwp    : Failed sending b-req to debugger: Broken pipe (-1 of 38)
04-22 13:22:43.010 12529 12619 E jdwp    : Failed sending b-req to debugger: Broken pipe (-1 of 38)
04-22 13:22:43.010 12529 12619 E jdwp    : Failed sending b-req to debugger: Broken pipe (-1 of 38)
04-22 13:22:43.010 12529 12619 E jdwp    : Failed sending b-req to debugger: Broken pipe (-1 of 38)
04-22 13:22:43.010 12529 12619 E jdwp    : Failed sending b-req to debugger: Broken pipe (-1 of 38)
04-22 13:22:43.010 12529 12619 E jdwp    : Failed sending b-req to debugger: Broken pipe (-1 of 38)
04-22 13:22:43.010 12529 12619 E jdwp    : Failed sending b-req to debugger: Broken pipe (-1 of 38)
04-22 13:22:43.010 12529 12619 E jdwp    : Failed sending b-req to debugger: Broken pipe (-1 of 38)
04-22 13:22:43.010 12529 12619 E jdwp    : Failed sending b-req to debugger: Broken pipe (-1 of 38)
04-22 13:22:43.010 12529 12619 E jdwp    : Failed sending b-req to debugger: Broken pipe (-1 of 38)
04-22 13:22:43.010 12529 12619 E jdwp    : Failed sending b-req to debugger: Broken pipe (-1 of 38)
04-22 13:22:43.010 12529 12619 E jdwp    : Failed sending b-req to debugger: Broken pipe (-1 of 38)
04-22 13:22:43.010 12529 12619 E jdwp    : Failed sending b-req to debugger: Broken pipe (-1 of 38)
04-22 13:22:43.010 12529 12619 E jdwp    : Failed sending b-req to debugger: Broken pipe (-1 of 38)
04-22 13:22:43.010 12529 12619 E jdwp    : Failed sending b-req to debugger: Broken pipe (-1 of 38)
04-22 13:22:43.010 12529 12619 E jdwp    : Failed sending b-req to debugger: Broken pipe (-1 of 38)
04-22 13:22:43.010 12529 12619 E jdwp    : Failed sending b-req to debugger: Broken pipe (-1 of 38)
04-22 13:22:43.010 12529 12619 E jdwp    : Failed sending b-req to debugger: Broken pipe (-1 of 38)
04-22 13:22:43.010 12529 12619 E jdwp    : Failed sending b-req to debugger: Broken pipe (-1 of 38)
04-22 13:22:43.010 12529 12619 E jdwp    : Failed sending b-req to debugger: Broken pipe (-1 of 38)
04-22 13:22:43.010 12529 12619 E jdwp    : Failed sending b-req to debugger: Broken pipe (-1 of 38)
04-22 13:22:43.010 12529 12619 E jdwp    : Failed sending b-req to debugger: Broken pipe (-1 of 38)
04-22 13:22:43.010 12529 12619 E jdwp    : Failed sending b-req to debugger: Broken pipe (-1 of 38)
04-22 13:22:43.010 12529 12619 E jdwp    : Failed sending b-req to debugger: Broken pipe (-1 of 38)
04-22 13:22:43.010 12529 12619 E jdwp    : Failed sending b-req to debugger: Broken pipe (-1 of 38)
04-22 13:22:43.010 12529 12619 E jdwp    : Failed sending b-req to debugger: Broken pipe (-1 of 38)
04-22 13:22:43.010 12529 12619 E jdwp    : Failed sending b-req to debugger: Broken pipe (-1 of 38)
04-22 13:22:43.010 12529 12619 E jdwp    : Failed sending b-req to debugger: Broken pipe (-1 of 38)
04-22 13:22:43.010 12529 12619 E jdwp    : Failed sending b-req to debugger: Broken pipe (-1 of 38)
04-22 13:22:43.010 12529 12619 E jdwp    : Failed sending b-req to debugger: Broken pipe (-1 of 38)
04-22 13:22:43.010 12529 12619 E jdwp    : Failed sending b-req to debugger: Broken pipe (-1 of 38)
04-22 13:22:43.010 12529 12619 E jdwp    : Failed sending b-req to debugger: Broken pipe (-1 of 38)
04-22 13:22:43.010 12529 12619 E jdwp    : Failed sending b-req to debugger: Broken pipe (-1 of 38)
04-22 13:22:43.010 12529 12619 E jdwp    : Failed sending b-req to debugger: Broken pipe (-1 of 38)
04-22 13:22:43.010 12529 12619 E jdwp    : Failed sending b-req to debugger: Broken pipe (-1 of 38)
04-22 13:22:43.010 12529 12619 E jdwp    : Failed sending b-req to debugger: Broken pipe (-1 of 38)
04-22 13:22:43.010 12529 12619 E jdwp    : Failed sending b-req to debugger: Broken pipe (-1 of 38)
04-22 13:22:43.010 12529 12619 E jdwp    : Failed sending b-req to debugger: Broken pipe (-1 of 38)
04-22 13:22:43.010 12529 12619 E jdwp    : Failed sending b-req to debugger: Broken pipe (-1 of 38)
04-22 13:22:43.010 12529 12619 E jdwp    : Failed sending b-req to debugger: Broken pipe (-1 of 38)
04-22 13:22:43.010 12529 12619 E jdwp    : Failed sending b-req to debugger: Broken pipe (-1 of 38)
04-22 13:22:43.010 12529 12619 E jdwp    : Failed sending b-req to debugger: Broken pipe (-1 of 38)
04-22 13:22:43.010 12529 12619 E jdwp    : Failed sending b-req to debugger: Broken pipe (-1 of 38)
04-22 13:22:43.010 12529 12619 E jdwp    : Failed sending b-req to debugger: Broken pipe (-1 of 38)
04-22 13:22:43.010 12529 12619 E jdwp    : Failed sending b-req to debugger: Broken pipe (-1 of 38)
04-22 13:22:43.010 12529 12619 E jdwp    : Failed sending b-req to debugger: Broken pipe (-1 of 38)
04-22 13:22:43.010 12529 12619 E jdwp    : Failed sending b-req to debugger: Broken pipe (-1 of 38)
04-22 13:22:43.010 12529 12619 E jdwp    : Failed sending b-req to debugger: Broken pipe (-1 of 38)
04-22 13:22:43.010 12529 12619 E jdwp    : Failed sending b-req to debugger: Broken pipe (-1 of 38)
04-22 13:22:43.010 12529 12619 E jdwp    : Failed sending b-req to debugger: Broken pipe (-1 of 38)
04-22 13:22:43.010 12529 12619 E jdwp    : Failed sending b-req to debugger: Broken pipe (-1 of 38)
04-22 13:22:43.010 12529 12619 E jdwp    : Failed sending b-req to debugger: Broken pipe (-1 of 38)
04-22 13:22:43.070 12529 12535 D dalvikvm: Debugger has detached; object registry had 1331 entries
04-22 13:22:43.320 11285 11285 D MtpService: updating state; isCurrentUser=true, mMtpLocked=false
04-22 13:22:43.320   747   752 D dalvikvm: GC_CONCURRENT freed 453K, 8% free 12617K/13696K, paused 3ms+3ms, total 21ms
04-22 13:22:43.320 11285 11285 D MtpService: addStorageLocked 65537 /storage/emulated/0
04-22 13:22:43.320 11285 11285 D MtpService: updating state; isCurrentUser=true, mMtpLocked=false
04-22 13:22:43.320 11285 11285 D MtpService: starting MTP server in MTP mode
04-22 13:22:43.320 11285 11285 D MtpService: addStorageLocked 65537 /storage/emulated/0
04-22 13:22:44.311   747   747 V DeadZone: consuming errant click: (18.5,767.5)
04-22 13:22:45.152 12529 12535 D dalvikvm: Debugger has detached; object registry had 1 entries
04-22 13:22:45.383 11285 11285 D MtpService: updating state; isCurrentUser=true, mMtpLocked=false
04-22 13:22:45.383 11285 11285 D MtpService: addStorageLocked 65537 /storage/emulated/0
04-22 13:22:45.383 11285 11285 D MtpService: updating state; isCurrentUser=true, mMtpLocked=false
04-22 13:22:45.393 11285 11285 D MtpService: starting MTP server in MTP mode
04-22 13:22:45.393 11285 11285 D MtpService: addStorageLocked 65537 /storage/emulated/0
04-22 13:22:48.085 12529 12619 D dalvikvm: GC_EXPLICIT freed 1361K, 28% free 15020K/20624K, paused 3ms+3ms, total 35ms
04-22 13:22:53.641 12529 12619 D dalvikvm: GC_EXPLICIT freed 4045K, 41% free 12333K/20624K, paused 6ms+3ms, total 51ms
04-22 13:22:58.086 12529 12533 D dalvikvm: GC_CONCURRENT freed 1050K, 41% free 12337K/20624K, paused 5ms+18ms, total 63ms
04-22 13:22:59.888 12529 12619 D dalvikvm: GC_EXPLICIT freed 309K, 41% free 12333K/20624K, paused 6ms+3ms, total 45ms
04-22 13:23:04.052   589   679 I ActivityManager: Start proc com.google.android.gm for service com.google.android.gm/.provider.MailIndexerService: pid=12794 uid=10022 gids={50022, 3003, 1015, 1028}
04-22 13:23:04.133 12794 12794 I ActivityThread: Pub com.google.android.gm2.accountcache: com.android.mail.providers.GmailAccountCacheProvider
04-22 13:23:04.203 12794 12796 D dalvikvm: GC_CONCURRENT freed 208K, 3% free 9030K/9268K, paused 3ms+6ms, total 30ms
04-22 13:23:04.203 12794 12794 D ActivityThread: Loading provider com.android.gmail.ui: com.google.android.gm.provider.UiProvider
04-22 13:23:04.233 12794 12794 I ActivityThread: Pub gmail-ls: com.google.android.gm.provider.MailProvider
04-22 13:23:04.253 12794 12794 I ActivityThread: Pub com.google.android.gm: com.google.android.gm.provider.PublicContentProvider
04-22 13:23:04.253 12794 12794 I ActivityThread: Pub com.google.android.gm2.conversation.provider: com.android.mail.browse.GmailConversationProvider
04-22 13:23:04.253 12794 12794 I ActivityThread: Pub com.google.android.gm.suggestionsprovider: com.android.mail.providers.SuggestionsProvider
04-22 13:23:04.263 12794 12794 I ActivityThread: Pub com.android.gmail.ui: com.google.android.gm.provider.UiProvider
04-22 13:23:04.323 12529 12533 D dalvikvm: GC_CONCURRENT freed 1045K, 41% free 12338K/20624K, paused 1ms+3ms, total 22ms
04-22 13:23:04.383 12794 12796 D dalvikvm: GC_CONCURRENT freed 272K, 4% free 9188K/9488K, paused 5ms+3ms, total 36ms
04-22 13:23:04.423 12794 12814 I Gmail   : calculateUnknownSyncRationalesAndPurgeInBackground: queueing
04-22 13:23:04.443 12794 12814 I Gmail   : calculateUnknownSyncRationalesAndPurgeInBackground: queueing
04-22 13:23:04.453 12794 12814 I Gmail   : calculateUnknownSyncRationalesAndPurgeInBackground: running
04-22 13:23:04.453 12794 12814 I Gmail   : calculateUnknownSyncRationalesAndPurgeInBackground: running
04-22 13:23:04.683  1071  1071 V GCMBroadcastReceiver: onReceive: com.google.android.c2dm.intent.RECEIVE
04-22 13:23:04.683  1071  1071 V GCMBroadcastReceiver: GCM IntentService class: com.google.android.gsf.subscribedfeeds.GCMIntentService
04-22 13:23:04.683  1071  1071 V GCMBaseIntentService: Intent service name: GCMIntentService-923555098971-14
04-22 13:23:04.693  1071 12829 I SubscribedFeeds: Received message
04-22 13:23:04.773 12794 12796 D dalvikvm: GC_CONCURRENT freed 345K, 4% free 9310K/9684K, paused 4ms+4ms, total 30ms
04-22 13:23:04.773 12794 12830 I Gmail   : MainSyncRequestProto: lowestBkwdConvoId: 0, highestHandledServerOp: 1732374, normalSync: true
04-22 13:23:05.144 12794 12796 D dalvikvm: GC_CONCURRENT freed 335K, 4% free 9395K/9760K, paused 3ms+2ms, total 18ms
04-22 13:23:05.554 12794 12796 D dalvikvm: GC_CONCURRENT freed 376K, 5% free 9416K/9820K, paused 2ms+6ms, total 26ms
04-22 13:23:05.634 12794 12830 D dalvikvm: GC_EXPLICIT freed 18K, 5% free 9403K/9820K, paused 6ms+2ms, total 46ms
04-22 13:23:05.644 12794 12830 I Gmail   : MainSyncRequestProto: lowestBkwdConvoId: 0, highestHandledServerOp: 1732423, normalSync: true
04-22 13:23:06.065 12529 12619 D dalvikvm: GC_EXPLICIT freed 313K, 41% free 12333K/20624K, paused 1ms+3ms, total 23ms
04-22 13:23:06.145 12794 12830 D dalvikvm: GC_EXPLICIT freed 177K, 4% free 9441K/9820K, paused 2ms+3ms, total 23ms
04-22 13:23:06.155 12794 12830 I Gmail   : MainSyncRequestProto: lowestBkwdConvoId: 0, highestHandledServerOp: 1732423, normalSync: true
04-22 13:23:06.155 12794 12830 I Gmail   : lowestBackward conversation id 0
04-22 13:23:06.165 12794 12830 W Gmail   : Scheduling index for 300000 ms from now
04-22 13:23:06.205 12794 12830 I Gmail   : Sending notification intent: Intent { act=com.android.mail.action.update_notification typ=application/gmail-ls (has extras) }
04-22 13:23:06.455 12794 12839 W Gmail   : Showing notification with unreadCount of 14745 and unseenCount of 548
04-22 13:23:06.505 12794 12796 D dalvikvm: GC_CONCURRENT freed 373K, 5% free 9582K/9984K, paused 5ms+9ms, total 57ms
04-22 13:23:06.505 12794 12839 D dalvikvm: WAIT_FOR_CONCURRENT_GC blocked 31ms
04-22 13:23:06.605 12794 12796 D dalvikvm: GC_CONCURRENT freed 357K, 4% free 9617K/10016K, paused 2ms+2ms, total 19ms
04-22 13:23:10.579 12529 12533 D dalvikvm: GC_CONCURRENT freed 1054K, 41% free 12338K/20624K, paused 9ms+2ms, total 48ms
04-22 13:23:12.201 12529 12619 D dalvikvm: GC_EXPLICIT freed 308K, 41% free 12333K/20624K, paused 6ms+3ms, total 28ms
04-22 13:23:16.596 12529 12533 D dalvikvm: GC_CONCURRENT freed 1055K, 41% free 12334K/20624K, paused 4ms+7ms, total 76ms
04-22 13:23:18.688 12529 12619 D dalvikvm: GC_EXPLICIT freed 304K, 41% free 12333K/20624K, paused 6ms+6ms, total 52ms
04-22 13:23:23.133 12529 12533 D dalvikvm: GC_CONCURRENT freed 1047K, 41% free 12340K/20624K, paused 5ms+5ms, total 40ms
04-22 13:23:24.805 12529 12619 D dalvikvm: GC_EXPLICIT freed 312K, 41% free 12333K/20624K, paused 10ms+7ms, total 67ms
04-22 13:23:25.245  1071  2120 I EventLogService: Aggregate from 1366660405088 (log), 1366660405088 (data)
04-22 13:23:25.365  1071  2120 I ServiceDumpSys: dumping service [account]
04-22 13:23:25.445   589   610 I ActivityManager: Start proc com.google.android.apps.walletnfcrel for broadcast com.google.android.apps.walletnfcrel/com.google.android.apps.wallet.services.periodic.PeriodicExecutionReceiver: pid=12872 uid=10066 gids={50066, 3003, 1028}
04-22 13:23:25.545 12872 12874 D dalvikvm: GC_CONCURRENT freed 177K, 3% free 9161K/9364K, paused 2ms+2ms, total 26ms
04-22 13:23:25.545 12872 12872 D dalvikvm: WAIT_FOR_CONCURRENT_GC blocked 4ms
04-22 13:23:25.555 12872 12872 I ActivityThread: Pub com.google.android.apps.wallet: com.google.android.apps.wallet.datastore.impl.WalletContentProvider
04-22 13:23:25.585 12872 12872 I ActivityThread: Pub com.google.android.apps.wallet.p2pcontent: com.google.android.apps.wallet.p2p.dataaccess.persistence.P2pContentProvider
04-22 13:23:25.625 12872 12872 E WalletApplication: Wallet 230 version too old to run, quitting!
04-22 13:23:25.636 12872 12874 D dalvikvm: GC_CONCURRENT freed 286K, 4% free 9299K/9612K, paused 3ms+4ms, total 23ms
04-22 13:23:25.636   589   603 I ActivityManager: No longer want com.google.android.inputmethod.latin.dictionarypack (pid 12238): empty #17
04-22 13:23:29.259 12529 12533 D dalvikvm: GC_CONCURRENT freed 1057K, 41% free 12336K/20624K, paused 7ms+8ms, total 82ms
04-22 13:23:30.841 12529 12619 D dalvikvm: GC_EXPLICIT freed 301K, 41% free 12333K/20624K, paused 7ms+3ms, total 45ms
04-22 13:23:35.246 12529 12533 D dalvikvm: GC_CONCURRENT freed 1054K, 41% free 12335K/20624K, paused 5ms+9ms, total 63ms
04-22 13:23:37.018 12529 12619 D dalvikvm: GC_EXPLICIT freed 305K, 41% free 12333K/20624K, paused 5ms+9ms, total 69ms
04-22 13:23:41.492 12529 12533 D dalvikvm: GC_CONCURRENT freed 1054K, 41% free 12333K/20624K, paused 6ms+2ms, total 49ms
04-22 13:23:43.124 12529 12619 D dalvikvm: GC_EXPLICIT freed 304K, 41% free 12333K/20624K, paused 6ms+2ms, total 59ms
04-22 13:23:47.499 12529 12533 D dalvikvm: GC_CONCURRENT freed 1047K, 41% free 12336K/20624K, paused 5ms+2ms, total 35ms
04-22 13:23:49.241 12529 12619 D dalvikvm: GC_EXPLICIT freed 312K, 41% free 12333K/20624K, paused 10ms+3ms, total 57ms
04-22 13:23:53.605 12529 12533 D dalvikvm: GC_CONCURRENT freed 1047K, 41% free 12336K/20624K, paused 6ms+4ms, total 38ms
04-22 13:23:55.277 12529 12619 D dalvikvm: GC_EXPLICIT freed 312K, 41% free 12333K/20624K, paused 9ms+7ms, total 68ms
04-22 13:23:59.672 12529 12533 D dalvikvm: GC_CONCURRENT freed 1050K, 41% free 12342K/20624K, paused 4ms+6ms, total 59ms
04-22 13:24:01.334 12529 12619 D dalvikvm: GC_EXPLICIT freed 310K, 41% free 12333K/20624K, paused 4ms+9ms, total 61ms
04-22 13:24:05.788 12529 12533 D dalvikvm: GC_CONCURRENT freed 1053K, 41% free 12334K/20624K, paused 6ms+7ms, total 58ms
04-22 13:24:07.510 12529 12619 D dalvikvm: GC_EXPLICIT freed 306K, 41% free 12333K/20624K, paused 7ms+9ms, total 68ms
04-22 13:24:11.895 12529 12533 D dalvikvm: GC_CONCURRENT freed 1050K, 41% free 12337K/20624K, paused 2ms+9ms, total 37ms
04-22 13:24:13.527 12529 12619 D dalvikvm: GC_EXPLICIT freed 310K, 41% free 12333K/20624K, paused 7ms+11ms, total 73ms
04-22 13:24:17.911 12529 12533 D dalvikvm: GC_CONCURRENT freed 1052K, 41% free 12333K/20624K, paused 3ms+2ms, total 30ms
04-22 13:24:19.543 12529 12619 D dalvikvm: GC_EXPLICIT freed 311K, 41% free 12333K/20624K, paused 4ms+5ms, total 44ms
04-22 13:24:23.697   744   744 I wpa_supplicant: wlan0: WPA: Group rekeying completed with c0:62:6b:66:cf:f2 [GTK=CCMP]
04-22 13:24:23.938 12529 12533 D dalvikvm: GC_CONCURRENT freed 1054K, 41% free 12339K/20624K, paused 6ms+5ms, total 56ms
04-22 13:24:25.610 12529 12619 D dalvikvm: GC_EXPLICIT freed 313K, 41% free 12333K/20624K, paused 2ms+3ms, total 25ms
04-22 13:24:29.964 12529 12533 D dalvikvm: GC_CONCURRENT freed 1049K, 41% free 12336K/20624K, paused 4ms+8ms, total 43ms
04-22 13:24:31.716 12529 12619 D dalvikvm: GC_EXPLICIT freed 316K, 41% free 12333K/20624K, paused 6ms+9ms, total 69ms
04-22 13:24:34.659  1042  1046 D dalvikvm: GC_CONCURRENT freed 382K, 6% free 9472K/9992K, paused 6ms+5ms, total 47ms
04-22 13:24:36.171 12529 12533 D dalvikvm: GC_CONCURRENT freed 1054K, 41% free 12338K/20624K, paused 3ms+2ms, total 52ms
04-22 13:24:37.853 12529 12619 D dalvikvm: GC_EXPLICIT freed 313K, 41% free 12333K/20624K, paused 4ms+9ms, total 66ms
04-22 13:24:42.267 12529 12533 D dalvikvm: GC_CONCURRENT freed 1055K, 41% free 12345K/20624K, paused 5ms+6ms, total 76ms
04-22 13:24:43.939 12529 12619 D dalvikvm: GC_EXPLICIT freed 313K, 41% free 12333K/20624K, paused 5ms+2ms, total 50ms
04-22 13:24:48.324 12529 12533 D dalvikvm: GC_CONCURRENT freed 1048K, 41% free 12341K/20624K, paused 3ms+6ms, total 54ms
04-22 13:24:50.036 12529 12619 D dalvikvm: GC_EXPLICIT freed 311K, 41% free 12333K/20624K, paused 6ms+3ms, total 45ms
04-22 13:24:54.410 12529 12533 D dalvikvm: GC_CONCURRENT freed 1047K, 41% free 12335K/20624K, paused 3ms+2ms, total 25ms
04-22 13:24:56.092 12529 12619 D dalvikvm: GC_EXPLICIT freed 315K, 41% free 12333K/20624K, paused 5ms+3ms, total 48ms
04-22 13:25:00.447 12529 12533 D dalvikvm: GC_CONCURRENT freed 1050K, 41% free 12333K/20624K, paused 3ms+2ms, total 25ms
04-22 13:25:02.138 12529 12619 D dalvikvm: GC_EXPLICIT freed 309K, 41% free 12333K/20624K, paused 13ms+3ms, total 50ms
04-22 13:25:06.533 12529 12533 D dalvikvm: GC_CONCURRENT freed 1049K, 41% free 12334K/20624K, paused 5ms+5ms, total 50ms
04-22 13:25:08.265 12529 12619 D dalvikvm: GC_EXPLICIT freed 315K, 41% free 12333K/20624K, paused 7ms+8ms, total 72ms
04-22 13:25:12.730 12529 12533 D dalvikvm: GC_CONCURRENT freed 1059K, 41% free 12342K/20624K, paused 11ms+6ms, total 82ms
04-22 13:25:14.311 12529 12619 D dalvikvm: GC_EXPLICIT freed 305K, 41% free 12333K/20624K, paused 2ms+3ms, total 26ms
04-22 13:25:18.676 12529 12533 D dalvikvm: GC_CONCURRENT freed 1052K, 41% free 12337K/20624K, paused 6ms+6ms, total 58ms
04-22 13:25:20.328 12529 12619 D dalvikvm: GC_EXPLICIT freed 325K, 41% free 12333K/20624K, paused 6ms+10ms, total 70ms
04-22 13:25:24.773 12529 12533 D dalvikvm: GC_CONCURRENT freed 1046K, 41% free 12337K/20624K, paused 4ms+2ms, total 34ms
04-22 13:25:26.464 12529 12619 D dalvikvm: GC_EXPLICIT freed 314K, 41% free 12333K/20624K, paused 4ms+7ms, total 51ms
04-22 13:25:30.889 12529 12533 D dalvikvm: GC_CONCURRENT freed 1052K, 41% free 12335K/20624K, paused 5ms+5ms, total 52ms
04-22 13:25:32.691 12529 12619 D dalvikvm: GC_EXPLICIT freed 307K, 41% free 12333K/20624K, paused 7ms+9ms, total 79ms
04-22 13:25:37.086 12529 12533 D dalvikvm: GC_CONCURRENT freed 1055K, 41% free 12334K/20624K, paused 6ms+6ms, total 62ms
04-22 13:25:38.778 12529 12619 D dalvikvm: GC_EXPLICIT freed 303K, 41% free 12333K/20624K, paused 5ms+7ms, total 62ms
04-22 13:25:43.242 12529 12533 D dalvikvm: GC_CONCURRENT freed 1047K, 41% free 12335K/20624K, paused 4ms+3ms, total 32ms
04-22 13:25:44.894 12529 12619 D dalvikvm: GC_EXPLICIT freed 311K, 41% free 12333K/20624K, paused 5ms+3ms, total 55ms
04-22 13:25:49.289 12529 12533 D dalvikvm: GC_CONCURRENT freed 1047K, 41% free 12335K/20624K, paused 3ms+2ms, total 30ms
04-22 13:25:50.951 12529 12619 D dalvikvm: GC_EXPLICIT freed 312K, 41% free 12333K/20624K, paused 1ms+3ms, total 23ms
04-22 13:25:55.335 12529 12533 D dalvikvm: GC_CONCURRENT freed 1047K, 41% free 12345K/20624K, paused 3ms+13ms, total 64ms
04-22 13:25:56.947 12529 12619 D dalvikvm: GC_EXPLICIT freed 312K, 41% free 12333K/20624K, paused 5ms+7ms, total 60ms
04-22 13:26:01.442 12529 12533 D dalvikvm: GC_CONCURRENT freed 1054K, 41% free 12342K/20624K, paused 7ms+6ms, total 79ms
04-22 13:26:03.084 12529 12619 D dalvikvm: GC_EXPLICIT freed 304K, 41% free 12333K/20624K, paused 9ms+3ms, total 64ms
04-22 13:26:07.558 12529 12533 D dalvikvm: GC_CONCURRENT freed 1055K, 41% free 12335K/20624K, paused 6ms+5ms, total 61ms
04-22 13:26:09.330 12529 12619 D dalvikvm: GC_EXPLICIT freed 304K, 41% free 12333K/20624K, paused 6ms+12ms, total 76ms
04-22 13:26:13.154   589   889 W ThrottleService: unable to find stats for iface rmnet_usb0
04-22 13:26:13.765 12529 12533 D dalvikvm: GC_CONCURRENT freed 1045K, 41% free 12334K/20624K, paused 2ms+2ms, total 22ms
04-22 13:26:15.477 12529 12619 D dalvikvm: GC_EXPLICIT freed 314K, 41% free 12333K/20624K, paused 6ms+10ms, total 67ms
04-22 13:26:19.931 12529 12533 D dalvikvm: GC_CONCURRENT freed 1052K, 41% free 12335K/20624K, paused 6ms+5ms, total 58ms
04-22 13:26:21.583 12529 12619 D dalvikvm: GC_EXPLICIT freed 307K, 41% free 12333K/20624K, paused 6ms+3ms, total 63ms
04-22 13:26:25.968 12529 12533 D dalvikvm: GC_CONCURRENT freed 1045K, 41% free 12334K/20624K, paused 3ms+2ms, total 21ms
04-22 13:26:27.670 12529 12619 D dalvikvm: GC_EXPLICIT freed 314K, 41% free 12333K/20624K, paused 8ms+9ms, total 71ms
04-22 13:26:32.125 12529 12533 D dalvikvm: GC_CONCURRENT freed 1051K, 41% free 12335K/20624K, paused 6ms+8ms, total 67ms
04-22 13:26:33.826 12529 12619 D dalvikvm: GC_EXPLICIT freed 307K, 41% free 12333K/20624K, paused 5ms+8ms, total 61ms
04-22 13:26:38.231 12529 12533 D dalvikvm: GC_CONCURRENT freed 1053K, 41% free 12339K/20624K, paused 5ms+8ms, total 55ms
04-22 13:26:39.863 12529 12619 D dalvikvm: GC_EXPLICIT freed 307K, 41% free 12333K/20624K, paused 15ms+10ms, total 89ms
04-22 13:26:44.237 12529 12533 D dalvikvm: GC_CONCURRENT freed 1050K, 41% free 12342K/20624K, paused 6ms+4ms, total 63ms
04-22 13:26:45.849 12529 12619 D dalvikvm: GC_EXPLICIT freed 309K, 41% free 12333K/20624K, paused 2ms+3ms, total 35ms
04-22 13:26:50.264 12529 12533 D dalvikvm: GC_CONCURRENT freed 1054K, 41% free 12334K/20624K, paused 6ms+5ms, total 52ms
04-22 13:26:51.876 12529 12619 D dalvikvm: GC_EXPLICIT freed 304K, 41% free 12333K/20624K, paused 3ms+3ms, total 25ms
04-22 13:26:56.270 12529 12533 D dalvikvm: GC_CONCURRENT freed 1050K, 41% free 12337K/20624K, paused 2ms+3ms, total 52ms
04-22 13:26:57.982 12529 12619 D dalvikvm: GC_EXPLICIT freed 309K, 41% free 12333K/20624K, paused 5ms+5ms, total 57ms
04-22 13:27:02.397 12529 12533 D dalvikvm: GC_CONCURRENT freed 1054K, 41% free 12334K/20624K, paused 5ms+6ms, total 55ms
04-22 13:27:04.029 12529 12619 D dalvikvm: GC_EXPLICIT freed 306K, 41% free 12333K/20624K, paused 9ms+7ms, total 65ms
04-22 13:27:08.373 12529 12533 D dalvikvm: GC_CONCURRENT freed 1050K, 41% free 12337K/20624K, paused 4ms+3ms, total 44ms
04-22 13:27:10.035 12529 12619 D dalvikvm: GC_EXPLICIT freed 309K, 41% free 12333K/20624K, paused 6ms+3ms, total 45ms
04-22 13:27:14.460 12529 12533 D dalvikvm: GC_CONCURRENT freed 1055K, 41% free 12334K/20624K, paused 9ms+13ms, total 76ms
04-22 13:27:16.141 12529 12619 D dalvikvm: GC_EXPLICIT freed 304K, 41% free 12333K/20624K, paused 9ms+3ms, total 54ms
04-22 13:27:20.536 12529 12533 D dalvikvm: GC_CONCURRENT freed 1054K, 41% free 12336K/20624K, paused 4ms+4ms, total 52ms
04-22 13:27:22.188 12529 12619 D dalvikvm: GC_EXPLICIT freed 305K, 41% free 12333K/20624K, paused 6ms+2ms, total 40ms
04-22 13:27:26.633 12529 12533 D dalvikvm: GC_CONCURRENT freed 1055K, 41% free 12337K/20624K, paused 6ms+8ms, total 70ms
04-22 13:27:28.234 12529 12619 D dalvikvm: GC_EXPLICIT freed 303K, 41% free 12333K/20624K, paused 5ms+3ms, total 44ms
04-22 13:27:32.639 12529 12533 D dalvikvm: GC_CONCURRENT freed 1058K, 41% free 12338K/20624K, paused 5ms+7ms, total 67ms
04-22 13:27:34.281 12529 12619 D dalvikvm: GC_EXPLICIT freed 300K, 41% free 12333K/20624K, paused 8ms+6ms, total 64ms
04-22 13:27:38.645 12529 12533 D dalvikvm: GC_CONCURRENT freed 1050K, 41% free 12334K/20624K, paused 4ms+5ms, total 51ms
04-22 13:27:40.487 12529 12619 D dalvikvm: GC_EXPLICIT freed 309K, 41% free 12333K/20624K, paused 8ms+3ms, total 64ms
04-22 13:27:44.932 12529 12533 D dalvikvm: GC_CONCURRENT freed 1053K, 41% free 12338K/20624K, paused 5ms+5ms, total 51ms
04-22 13:27:46.554 12529 12619 D dalvikvm: GC_EXPLICIT freed 305K, 41% free 12333K/20624K, paused 4ms+6ms, total 50ms
04-22 13:27:50.939 12529 12533 D dalvikvm: GC_CONCURRENT freed 1049K, 41% free 12335K/20624K, paused 4ms+2ms, total 35ms
04-22 13:27:52.620 12529 12619 D dalvikvm: GC_EXPLICIT freed 309K, 41% free 12333K/20624K, paused 6ms+8ms, total 60ms
04-22 13:27:56.985 12529 12533 D dalvikvm: GC_CONCURRENT freed 1048K, 41% free 12336K/20624K, paused 5ms+5ms, total 36ms
04-22 13:27:58.727 12529 12619 D dalvikvm: GC_EXPLICIT freed 311K, 41% free 12333K/20624K, paused 7ms+8ms, total 76ms
04-22 13:28:03.142 12529 12533 D dalvikvm: GC_CONCURRENT freed 1052K, 41% free 12337K/20624K, paused 4ms+10ms, total 64ms
04-22 13:28:04.773 12529 12619 D dalvikvm: GC_EXPLICIT freed 307K, 41% free 12333K/20624K, paused 8ms+8ms, total 64ms
04-22 13:28:09.138 12529 12533 D dalvikvm: GC_CONCURRENT freed 1050K, 41% free 12337K/20624K, paused 6ms+2ms, total 40ms
