04-22 13:01:15.396 11396 11396 D YouTube : youtube.core.client.DefaultAnalyticsClient.trackEvent:126 event [version=4.1.23A-s100, action=Startup, label=NORMAL_STARTUP, value=-1]
04-22 13:01:15.396 11396 11396 D YouTube : youtube.core.client.DefaultAnalyticsClient.trackEvent:126 event [version=4.1.23A-s100, action=SessionSummary, label=Out NoWatch NoHome, value=0]
04-22 13:01:15.406 11369 11391 D dalvikvm: GC_FOR_ALLOC freed 62K, 5% free 10077K/10588K, paused 15ms, total 15ms
04-22 13:01:15.406 11369 11391 I dalvikvm-heap: Grow heap (frag case) to 10.113MB for 260112-byte allocation
04-22 13:01:15.426 11369 11378 D dalvikvm: GC_FOR_ALLOC freed 126K, 6% free 10205K/10844K, paused 16ms, total 16ms
04-22 13:01:15.446 11369 11373 D dalvikvm: GC_CONCURRENT freed 369K, 6% free 10220K/10844K, paused 3ms+2ms, total 17ms
04-22 13:01:15.446 11396 11425 D YouTube : youtube.core.utils.Util.shrinkDirSize:564 Dir is below limit, no need to shrink: [size=264822, limit=20971520]
04-22 13:01:15.496 11369 11391 D dalvikvm: GC_FOR_ALLOC freed 126K, 5% free 10348K/10844K, paused 42ms, total 42ms
04-22 13:01:15.496 11369 11391 I dalvikvm-heap: Grow heap (frag case) to 10.270MB for 146799-byte allocation
04-22 13:01:15.506 11369 11378 D dalvikvm: GC_FOR_ALLOC freed 0K, 5% free 10491K/10988K, paused 14ms, total 14ms
04-22 13:01:15.526 11396 11400 D dalvikvm: GC_CONCURRENT freed 300K, 4% free 9441K/9768K, paused 4ms+6ms, total 41ms
04-22 13:01:15.526 11396 11396 D dalvikvm: WAIT_FOR_CONCURRENT_GC blocked 28ms
04-22 13:01:15.536 11396 11396 D YouTube : youtube.app.plus1.DefaultYouTubePlusOneClient.disablePlusOne:105 Disabled +1 annotation
04-22 13:01:15.576 11396 11396 D YouTube : youtube.app.prefetch.PrefetchService$DeviceStateReceiver.onReceive:551 Got device state change intent: android.net.conn.CONNECTIVITY_CHANGE
04-22 13:01:15.576 11396 11396 D YouTube : youtube.core.transfer.TransferService.onCreate:108 creating transfer service
04-22 13:01:15.586   589   604 I ActivityManager: Start proc com.google.android.gcm for broadcast com.google.android.gms/.gcm.ServiceAutoStarter: pid=11436 uid=10023 gids={50023, 3003, 1007, 1028, 1015, 2001, 3006}
04-22 13:01:15.606 11396 11396 D YouTube : youtube.app.prefetch.PrefetchService.run:176 PrefetchService started at 22 Apr 2013 20:01:15 GMT
04-22 13:01:15.616 11369 11373 D dalvikvm: GC_CONCURRENT freed 365K, 4% free 10642K/11036K, paused 3ms+8ms, total 38ms
04-22 13:01:15.636 11396 11396 D YouTube : youtube.app.prefetch.PrefetchService.onRestored:251 Download snapshot restored
04-22 13:01:15.646 11396 11396 D YouTube : youtube.app.prefetch.PrefetchService.onDestroy:222 PrefetchService destroyed at 22 Apr 2013 20:01:15 GMT
04-22 13:01:15.646 11396 11400 D dalvikvm: GC_CONCURRENT freed 245K, 3% free 9599K/9872K, paused 3ms+4ms, total 25ms
04-22 13:01:15.706 11369 11373 D dalvikvm: GC_CONCURRENT freed 128K, 2% free 11122K/11280K, paused 9ms+2ms, total 39ms
04-22 13:01:15.716   589   715 D Tethering: MasterInitialState.processMessage what=3
04-22 13:01:15.726  1816 11311 I com.appcelerator.cloud.push.PushService: MQTT Connected
04-22 13:01:15.726 11436 11440 D dalvikvm: GC_CONCURRENT freed 144K, 2% free 9081K/9252K, paused 4ms+2ms, total 34ms
04-22 13:01:15.726   589   715 D Tethering: MasterInitialState.processMessage what=3
04-22 13:01:15.726  1816  1816 D com.appcelerator.cloud.push.PushService: Connectivity changed. Network availability:true; Has connectivity:true; type:WIFI; reason:null
04-22 13:01:15.746   589  1088 E         : W/virtual loc_api_adapter_err LocApiAdapter::enableData(int): default implementation invoked
04-22 13:01:15.746   589  1088 E         : W/virtual loc_api_adapter_err LocApiAdapter::setAPN(char*, int): default implementation invoked
04-22 13:01:15.746   589   603 I ActivityManager: Start proc com.cisco.anyconnect.vpn.android.avf for broadcast com.cisco.anyconnect.vpn.android.avf/com.cisco.anyconnect.vpn.android.ui.helpers.NetworkChangeReceiver: pid=11455 uid=10076 gids={50076, 3003, 1028}
04-22 13:01:15.756  1816  1816 D dalvikvm: GC_FOR_ALLOC freed 345K, 6% free 9711K/10316K, paused 26ms, total 26ms
04-22 13:01:15.766   589  1088 E         : W/virtual loc_api_adapter_err LocApiAdapter::enableData(int): default implementation invoked
04-22 13:01:15.766   589  1088 E         : W/virtual loc_api_adapter_err LocApiAdapter::setAPN(char*, int): default implementation invoked
04-22 13:01:15.786 11455 11455 I ActivityThread: Pub com.cisco.anyconnect.vpn.android.io.fileprovider: com.cisco.anyconnect.vpn.android.io.FileProvider
04-22 13:01:15.796 11455 11455 D dalvikvm: Trying to load lib /data/app-lib/com.cisco.anyconnect.vpn.android.avf-1/libstlport_shared.so 0x425d5598
04-22 13:01:15.796 11455 11455 D dalvikvm: Added shared lib /data/app-lib/com.cisco.anyconnect.vpn.android.avf-1/libstlport_shared.so 0x425d5598
04-22 13:01:15.796 11455 11455 D dalvikvm: No JNI_OnLoad found in /data/app-lib/com.cisco.anyconnect.vpn.android.avf-1/libstlport_shared.so 0x425d5598, skipping init
04-22 13:01:15.796 11455 11455 D dalvikvm: Trying to load lib /data/app-lib/com.cisco.anyconnect.vpn.android.avf-1/libacenv.so 0x425d5598
04-22 13:01:15.796 11455 11455 D dalvikvm: Added shared lib /data/app-lib/com.cisco.anyconnect.vpn.android.avf-1/libacenv.so 0x425d5598
04-22 13:01:15.796 11455 11455 D dalvikvm: No JNI_OnLoad found in /data/app-lib/com.cisco.anyconnect.vpn.android.avf-1/libacenv.so 0x425d5598, skipping init
04-22 13:01:15.796 11455 11455 I vpnandroid: GlobalAppHelpers: Initialized SNAK environment variables.
04-22 13:01:15.796 11455 11455 I vpnandroid: NetworkChangeReceiver: network info type=Unknown Interface Type id=1
04-22 13:01:15.816 11313 11316 D dalvikvm: GC_CONCURRENT freed 244K, 3% free 10251K/10524K, paused 3ms+3ms, total 33ms
04-22 13:01:15.847 11285 11289 D dalvikvm: GC_CONCURRENT freed 232K, 3% free 8984K/9244K, paused 2ms+4ms, total 25ms
04-22 13:01:15.857 11369 11373 D dalvikvm: GC_CONCURRENT freed 465K, 5% free 11428K/11920K, paused 4ms+2ms, total 36ms
04-22 13:01:15.857 11369 11380 D dalvikvm: WAIT_FOR_CONCURRENT_GC blocked 16ms
04-22 13:01:15.857 11369 11391 D dalvikvm: WAIT_FOR_CONCURRENT_GC blocked 16ms
04-22 13:01:15.857 11396 11396 D YouTube : youtube.app.prefetch.PrefetchService$DeviceStateReceiver.onReceive:551 Got device state change intent: android.net.conn.CONNECTIVITY_CHANGE
04-22 13:01:15.867 11396 11396 D YouTube : youtube.app.prefetch.PrefetchService.run:176 PrefetchService started at 22 Apr 2013 20:01:15 GMT
04-22 13:01:15.867 11396 11396 D YouTube : youtube.app.prefetch.PrefetchService.onRestored:251 Download snapshot restored
04-22 13:01:15.877 11396 11396 D YouTube : youtube.app.prefetch.PrefetchService.onDestroy:222 PrefetchService destroyed at 22 Apr 2013 20:01:15 GMT
04-22 13:01:15.877 11455 11455 I vpnandroid: NetworkChangeReceiver: network info type=Unknown Interface Type id=1
04-22 13:01:15.927   589   603 D dalvikvm: GC_EXPLICIT freed 1898K, 34% free 19731K/29648K, paused 3ms+7ms, total 85ms
04-22 13:01:15.937   589   604 I ActivityManager: Start proc com.google.android.gms for broadcast com.google.android.gms/.recovery.AccountRecoveryService$Receiver: pid=11475 uid=10023 gids={50023, 3003, 1007, 1028, 1015, 2001, 3006}
04-22 13:01:15.957 11369 11373 D dalvikvm: GC_CONCURRENT freed 211K, 2% free 12022K/12260K, paused 3ms+4ms, total 32ms
04-22 13:01:15.957 11369 11391 D PicasaPhotoCP: set fsid first time:-1
04-22 13:01:16.007 11475 11475 I ActivityThread: Pub com.google.android.gms.plus;com.google.android.gms.plus.action: com.google.android.gms.plus.provider.PlusProvider
04-22 13:01:16.017 11475 11475 I Recovery: Received: Intent { act=com.google.android.gms.INITIALIZE flg=0x10 pkg=com.google.android.gms cmp=com.google.android.gms/.recovery.AccountRecoveryService$Receiver }
04-22 13:01:16.027   589   820 I ActivityManager: Start proc com.google.android.gsf.login for service com.google.android.gms/.recovery.AccountRecoveryService: pid=11493 uid=10023 gids={50023, 3003, 1007, 1028, 1015, 2001, 3006}
04-22 13:01:16.087 11396 11396 D YouTube : youtube.app.prefetch.PrefetchService$DeviceStateReceiver.onReceive:551 Got device state change intent: android.net.conn.CONNECTIVITY_CHANGE
04-22 13:01:16.087 11396 11396 D YouTube : youtube.app.prefetch.PrefetchService.run:176 PrefetchService started at 22 Apr 2013 20:01:16 GMT
04-22 13:01:16.097 11396 11396 D YouTube : youtube.app.prefetch.PrefetchService.onRestored:251 Download snapshot restored
04-22 13:01:16.097 11351 11355 D dalvikvm: GC_CONCURRENT freed 331K, 5% free 8923K/9320K, paused 4ms+3ms, total 24ms
04-22 13:01:16.107 11396 11396 D YouTube : youtube.app.prefetch.PrefetchService.onDestroy:222 PrefetchService destroyed at 22 Apr 2013 20:01:16 GMT
04-22 13:01:16.107 11455 11455 I vpnandroid: NetworkChangeReceiver: network info type=Unknown Interface Type id=1
04-22 13:01:16.127  1816 11312 I com.appcelerator.cloud.push.PushService: MQTT Disonnected
04-22 13:01:16.127  1816 11312 W com.appcelerator.cloud.push.PushService: MQTT Service status:true
04-22 13:01:16.137 11330 11334 D dalvikvm: GC_CONCURRENT freed 266K, 5% free 9270K/9660K, paused 3ms+2ms, total 18ms
04-22 13:01:16.167 11396 11396 D YouTube : youtube.app.prefetch.PrefetchService$DeviceStateReceiver.onReceive:551 Got device state change intent: android.net.conn.CONNECTIVITY_CHANGE
04-22 13:01:16.177 11396 11396 D YouTube : youtube.app.prefetch.PrefetchService.run:176 PrefetchService started at 22 Apr 2013 20:01:16 GMT
04-22 13:01:16.187 11396 11396 D YouTube : youtube.app.prefetch.PrefetchService.onRestored:251 Download snapshot restored
04-22 13:01:16.187 11493 11497 D dalvikvm: GC_CONCURRENT freed 184K, 3% free 9074K/9288K, paused 4ms+2ms, total 43ms
04-22 13:01:16.187 11455 11455 I vpnandroid: NetworkChangeReceiver: network info type=Unknown Interface Type id=1
04-22 13:01:16.197 11396 11396 D YouTube : youtube.app.prefetch.PrefetchService.onDestroy:222 PrefetchService destroyed at 22 Apr 2013 20:01:16 GMT
04-22 13:01:16.197 11475 11475 I Recovery: Received: Intent { act=com.google.android.gms.INITIALIZE flg=0x10 pkg=com.google.android.gms cmp=com.google.android.gms/.recovery.AccountRecoveryService$Receiver }
04-22 13:01:16.217 11475 11475 I Recovery: Received: Intent { act=com.google.android.gms.INITIALIZE flg=0x10 pkg=com.google.android.gms cmp=com.google.android.gms/.recovery.AccountRecoveryService$Receiver }
04-22 13:01:16.217   589  1014 I ActivityManager: Start proc android.process.acore for content provider com.android.providers.contacts/.ContactsProvider2: pid=11520 uid=10000 gids={50000, 3003, 1015, 1028}
04-22 13:01:16.237 11475 11478 D dalvikvm: GC_CONCURRENT freed 154K, 2% free 9060K/9244K, paused 3ms+1ms, total 21ms
04-22 13:01:16.247 11520 11520 I ActivityThread: Pub call_log: com.android.providers.contacts.CallLogProvider
04-22 13:01:16.257 11520 11520 I ActivityThread: Pub com.android.voicemail: com.android.providers.contacts.VoicemailContentProvider
04-22 13:01:16.257 11520 11520 I ActivityThread: Pub com.android.contacts.dumpfile: com.android.providers.contacts.debug.DumpFileProvider
04-22 13:01:16.257 11520 11520 I ActivityThread: Pub user_dictionary: com.android.providers.userdictionary.UserDictionaryProvider
04-22 13:01:16.257 11520 11520 I ActivityThread: Pub applications: com.android.providers.applications.ApplicationsProvider
04-22 13:01:16.277 11520 11520 I ActivityThread: Pub contacts;com.android.contacts: com.android.providers.contacts.ContactsProvider2
04-22 13:01:16.337 11520 11524 D dalvikvm: GC_CONCURRENT freed 209K, 3% free 9064K/9300K, paused 6ms+4ms, total 39ms
04-22 13:01:16.447  1816 11312 I com.appcelerator.cloud.push.PushService: MQTT Connected
04-22 13:01:16.457 11313 11316 D dalvikvm: GC_CONCURRENT freed 234K, 3% free 10495K/10764K, paused 3ms+2ms, total 27ms
04-22 13:01:16.457 11313 11389 D dalvikvm: WAIT_FOR_CONCURRENT_GC blocked 14ms
04-22 13:01:16.467  1816  1816 D com.appcelerator.cloud.push.PushService: MQTT Status:Connected
04-22 13:01:16.467  1816  1816 D com.appcelerator.cloud.push.PushService: Connectivity changed. Network availability:true; Has connectivity:true; type:WIFI; reason:null
04-22 13:01:16.467  1816  1816 D com.appcelerator.cloud.push.PushService: MQTT Status:Connected
04-22 13:01:16.507  1071  1074 D dalvikvm: GC_CONCURRENT freed 376K, 5% free 9854K/10332K, paused 9ms+7ms, total 57ms
04-22 13:01:16.687   589   713 D ConnectivityService: handleInetConditionHoldEnd: net=1, condition=100, published condition=0
04-22 13:01:16.808   589   610 I ActivityManager: Start proc com.google.android.talk for broadcast com.google.android.talk/.ConnectionStateOnlineReceiver: pid=11541 uid=10059 gids={50059, 3003, 1015, 1006, 1028, 3002}
04-22 13:01:16.818 11313 11316 D dalvikvm: GC_CONCURRENT freed 504K, 5% free 10441K/10976K, paused 5ms+3ms, total 28ms
04-22 13:01:16.838 11541 11541 I ActivityThread: Pub com.google.android.talk.SuggestionProvider: com.google.android.talk.SuggestionsProvider
04-22 13:01:16.868 11541 11543 D dalvikvm: GC_CONCURRENT freed 169K, 3% free 9135K/9344K, paused 2ms+1ms, total 19ms
04-22 13:01:16.868 11541 11541 D dalvikvm: WAIT_FOR_CONCURRENT_GC blocked 14ms
04-22 13:01:16.878 11541 11541 D vclib:CallStateClient: startListening
04-22 13:01:16.898 11313 11388 I SyncService: sync service finished (13:01:16)
04-22 13:01:17.048 11541 11543 D dalvikvm: GC_CONCURRENT freed 268K, 4% free 9301K/9604K, paused 2ms+2ms, total 21ms
04-22 13:01:17.458 11520 11524 D dalvikvm: GC_CONCURRENT freed 203K, 3% free 9260K/9492K, paused 2ms+2ms, total 22ms
04-22 13:03:27.757  1071  1071 V GCMBroadcastReceiver: onReceive: com.google.android.c2dm.intent.RECEIVE
04-22 13:03:27.757  1071  1071 V GCMBroadcastReceiver: GCM IntentService class: com.google.android.gsf.subscribedfeeds.GCMIntentService
04-22 13:03:27.757  1071  1071 V GCMBaseIntentService: Intent service name: GCMIntentService-923555098971-11
04-22 13:03:27.757  1071 11590 I SubscribedFeeds: Received message
04-22 13:03:27.797   589   737 I ActivityManager: Start proc com.google.android.gm for service com.google.android.gm/.provider.MailSyncAdapterService: pid=11591 uid=10022 gids={50022, 3003, 1015, 1028}
04-22 13:03:27.837 11591 11591 I ActivityThread: Pub com.google.android.gm2.accountcache: com.android.mail.providers.GmailAccountCacheProvider
04-22 13:03:27.877 11591 11591 D ActivityThread: Loading provider com.android.gmail.ui: com.google.android.gm.provider.UiProvider
04-22 13:03:27.907 11591 11594 D dalvikvm: GC_CONCURRENT freed 246K, 3% free 9060K/9336K, paused 4ms+5ms, total 56ms
04-22 13:03:27.917 11591 11591 I ActivityThread: Pub gmail-ls: com.google.android.gm.provider.MailProvider
04-22 13:03:27.937 11591 11591 I ActivityThread: Pub com.google.android.gm: com.google.android.gm.provider.PublicContentProvider
04-22 13:03:27.937 11591 11591 I ActivityThread: Pub com.google.android.gm2.conversation.provider: com.android.mail.browse.GmailConversationProvider
04-22 13:03:27.937 11591 11591 I ActivityThread: Pub com.google.android.gm.suggestionsprovider: com.android.mail.providers.SuggestionsProvider
04-22 13:03:27.937 11591 11591 I ActivityThread: Pub com.android.gmail.ui: com.google.android.gm.provider.UiProvider
04-22 13:03:28.028 11591 11594 D dalvikvm: GC_CONCURRENT freed 250K, 3% free 9229K/9508K, paused 3ms+2ms, total 18ms
04-22 13:03:28.048 11591 11612 I Gmail   : calculateUnknownSyncRationalesAndPurgeInBackground: queueing
04-22 13:03:28.058 11591 11612 I Gmail   : calculateUnknownSyncRationalesAndPurgeInBackground: queueing
04-22 13:03:28.068 11591 11612 I Gmail   : calculateUnknownSyncRationalesAndPurgeInBackground: running
04-22 13:03:28.068 11591 11612 I Gmail   : calculateUnknownSyncRationalesAndPurgeInBackground: running
04-22 13:03:28.088   589   737 D dalvikvm: GC_EXPLICIT freed 1025K, 34% free 19705K/29648K, paused 10ms+8ms, total 120ms
04-22 13:03:28.138 11591 11623 I Gmail   : MainSyncRequestProto: lowestBkwdConvoId: 0, highestHandledServerOp: 1732048, normalSync: true
04-22 13:03:28.258 11591 11594 D dalvikvm: GC_CONCURRENT freed 335K, 4% free 9303K/9664K, paused 2ms+3ms, total 18ms
04-22 13:03:28.808 11591 11594 D dalvikvm: GC_CONCURRENT freed 312K, 4% free 9429K/9768K, paused 7ms+8ms, total 44ms
04-22 13:03:29.169 11591 11594 D dalvikvm: GC_CONCURRENT freed 397K, 5% free 9418K/9844K, paused 2ms+1ms, total 19ms
04-22 13:03:29.199 11591 11623 D dalvikvm: GC_EXPLICIT freed 24K, 5% free 9403K/9844K, paused 1ms+2ms, total 23ms
04-22 13:03:29.209 11591 11623 I Gmail   : MainSyncRequestProto: lowestBkwdConvoId: 0, highestHandledServerOp: 1732227, normalSync: true
04-22 13:03:29.589 11591 11623 D dalvikvm: GC_EXPLICIT freed 160K, 5% free 9440K/9844K, paused 1ms+2ms, total 23ms
04-22 13:03:29.599 11591 11623 I Gmail   : MainSyncRequestProto: lowestBkwdConvoId: 0, highestHandledServerOp: 1732227, normalSync: true
04-22 13:03:29.599 11591 11623 I Gmail   : lowestBackward conversation id 0
04-22 13:03:29.609 11591 11623 W Gmail   : Scheduling index for 300000 ms from now
04-22 13:03:29.659 11591 11623 I Gmail   : Sending notification intent: Intent { act=com.android.mail.action.update_notification typ=application/gmail-ls (has extras) }
04-22 13:03:29.709 11591 11623 I Gmail   : Sending notification intent: Intent { act=com.android.mail.action.update_notification typ=application/gmail-ls (has extras) }
04-22 13:03:29.940 11591 11594 D dalvikvm: GC_CONCURRENT freed 312K, 4% free 9535K/9872K, paused 3ms+3ms, total 20ms
04-22 13:03:29.940 11591 11638 W Gmail   : Showing notification with unreadCount of 14743 and unseenCount of 546
04-22 13:03:30.040 11591 11594 D dalvikvm: GC_CONCURRENT freed 411K, 5% free 9629K/10072K, paused 3ms+5ms, total 25ms
04-22 13:03:30.060   589   872 I ActivityManager: No longer want com.google.android.apps.maps:FriendService (pid 10934): empty #17
04-22 13:03:37.197  1908  1913 D dalvikvm: GC_CONCURRENT freed 1520K, 12% free 13521K/15240K, paused 18ms+5ms, total 108ms
04-22 13:03:37.197  1908 11648 D dalvikvm: WAIT_FOR_CONCURRENT_GC blocked 96ms
04-22 13:03:37.358  1908  1915 I dalvikvm: Jit: resizing JitTable from 8192 to 16384
04-22 13:03:38.078   589  9074 D dalvikvm: GC_EXPLICIT freed 533K, 34% free 19677K/29648K, paused 3ms+7ms, total 66ms
04-22 13:05:04.691   747   752 D dalvikvm: GC_CONCURRENT freed 957K, 12% free 12112K/13696K, paused 7ms+2ms, total 63ms
04-22 13:06:13.144   589   889 W ThrottleService: unable to find stats for iface rmnet_usb0
04-22 13:06:16.908   589   604 I ActivityManager: No longer want com.google.android.apps.maps:LocationFriendService (pid 10949): empty #17
04-22 13:06:27.809  1071  1071 V GCMBroadcastReceiver: onReceive: com.google.android.c2dm.intent.RECEIVE
04-22 13:06:27.809  1071  1071 V GCMBroadcastReceiver: GCM IntentService class: com.google.android.gsf.subscribedfeeds.GCMIntentService
04-22 13:06:27.829  1071  1071 V GCMBaseIntentService: Intent service name: GCMIntentService-923555098971-12
04-22 13:06:27.839  1071 11699 I SubscribedFeeds: Received message
04-22 13:06:27.920 11591 11700 I Gmail   : MainSyncRequestProto: lowestBkwdConvoId: 0, highestHandledServerOp: 1732227, normalSync: true
04-22 13:06:28.380 11591 11594 D dalvikvm: GC_CONCURRENT freed 454K, 6% free 9562K/10072K, paused 3ms+2ms, total 18ms
04-22 13:06:28.440 11591 11700 D dalvikvm: GC_EXPLICIT freed 160K, 6% free 9533K/10072K, paused 1ms+2ms, total 23ms
04-22 13:06:28.450 11591 11700 I Gmail   : MainSyncRequestProto: lowestBkwdConvoId: 0, highestHandledServerOp: 1732374, normalSync: true
04-22 13:06:28.971 11591 11700 D dalvikvm: GC_EXPLICIT freed 145K, 6% free 9547K/10072K, paused 1ms+3ms, total 24ms
04-22 13:06:28.981 11591 11700 I Gmail   : MainSyncRequestProto: lowestBkwdConvoId: 0, highestHandledServerOp: 1732374, normalSync: true
04-22 13:06:28.991 11591 11700 I Gmail   : lowestBackward conversation id 0
04-22 13:06:28.991 11591 11700 W Gmail   : Scheduling index for 300000 ms from now
04-22 13:06:29.011 11591 11700 I Gmail   : Sending notification intent: Intent { act=com.android.mail.action.update_notification typ=application/gmail-ls (has extras) }
04-22 13:06:29.051 11591 11700 I Gmail   : Sending notification intent: Intent { act=com.android.mail.action.update_notification typ=application/gmail-ls (has extras) }
04-22 13:06:29.261 11591 11723 W Gmail   : Showing notification with unreadCount of 14744 and unseenCount of 547
04-22 13:06:29.311 11591 11594 D dalvikvm: GC_CONCURRENT freed 440K, 5% free 9614K/10084K, paused 4ms+7ms, total 48ms
04-22 13:06:29.311 11591 11723 D dalvikvm: WAIT_FOR_CONCURRENT_GC blocked 25ms
04-22 13:07:09.844   744   744 I wpa_supplicant: wlan0: WPA: Group rekeying completed with c0:62:6b:66:ce:a2 [GTK=CCMP]
04-22 13:08:04.112   589   610 I ActivityManager: Start proc com.google.android.apps.genie.geniewidget for broadcast com.google.android.apps.genie.geniewidget/.miniwidget.UpdateReceiver: pid=11751 uid=10021 gids={50021, 3003, 1015, 1028}
04-22 13:08:04.142   163   163 D dalvikvm: GC_EXPLICIT freed 40K, 1% free 8825K/8892K, paused 6ms+2ms, total 52ms
04-22 13:08:04.172   163   163 D dalvikvm: GC_EXPLICIT freed <1K, 1% free 8825K/8892K, paused 1ms+7ms, total 29ms
04-22 13:08:04.182 11751 11751 I ActivityThread: Pub com.google.android.apps.genie.geniewidget.weather: com.google.android.apps.genie.geniewidget.providers.WeatherProvider
04-22 13:08:04.182 11751 11751 I ActivityThread: Pub com.google.android.apps.genie.geniewidget.newsimage: com.google.android.apps.genie.geniewidget.providers.NewsImageProvider
04-22 13:08:04.192   163   163 D dalvikvm: GC_EXPLICIT freed <1K, 1% free 8825K/8892K, paused 4ms+2ms, total 23ms
04-22 13:08:04.202 11751 11751 I System.out: [INFO:5]: LogSource: Logging disabled
04-22 13:08:04.202 11751 11751 W Genie   : Cache file not found: java.io.FileNotFoundException: /data/data/com.google.android.apps.genie.geniewidget/cache/genie_iconcache: open failed: ENOENT (No such file or directory)
04-22 13:08:04.232 11751 11751 I Genie   : waking up to refresh News & Weather
04-22 13:08:04.232 11751 11753 D dalvikvm: GC_CONCURRENT freed 240K, 3% free 9092K/9360K, paused 3ms+3ms, total 29ms
04-22 13:08:35.305  1042  1046 D dalvikvm: GC_CONCURRENT freed 409K, 4% free 9573K/9972K, paused 2ms+2ms, total 52ms
04-22 13:08:36.196  1042  1046 D dalvikvm: GC_CONCURRENT freed 493K, 6% free 9468K/9996K, paused 5ms+6ms, total 27ms
04-22 13:08:36.467 11751 11753 D dalvikvm: GC_CONCURRENT freed 285K, 4% free 9210K/9524K, paused 3ms+6ms, total 26ms
04-22 13:08:36.807 11751 11753 D dalvikvm: GC_CONCURRENT freed 297K, 4% free 9298K/9628K, paused 3ms+5ms, total 19ms
04-22 13:08:37.218 11751 11753 D dalvikvm: GC_CONCURRENT freed 477K, 6% free 9332K/9836K, paused 2ms+3ms, total 24ms
04-22 13:08:37.218 11751 11770 D dalvikvm: WAIT_FOR_CONCURRENT_GC blocked 15ms
04-22 13:08:37.218 11751 11775 D dalvikvm: WAIT_FOR_CONCURRENT_GC blocked 15ms
04-22 13:08:37.238   589   872 I ActivityManager: No longer want com.google.android.gallery3d (pid 11330): empty #17
04-22 13:08:38.279  1908  1913 D dalvikvm: GC_CONCURRENT freed 1486K, 11% free 13600K/15240K, paused 4ms+6ms, total 62ms
04-22 13:09:05.037   589   610 W ProcessStats: Skipping unknown process pid 11821
04-22 13:09:42.757 10903 10906 D dalvikvm: GC_CONCURRENT freed 327K, 5% free 10289K/10720K, paused 5ms+2ms, total 71ms
04-22 13:09:47.783  1071  1071 V GCMBroadcastReceiver: onReceive: com.google.android.c2dm.intent.RECEIVE
04-22 13:09:47.783  1071  1071 V GCMBroadcastReceiver: GCM IntentService class: com.google.android.gsf.subscribedfeeds.GCMIntentService
04-22 13:09:47.793  1071  1071 V GCMBaseIntentService: Intent service name: GCMIntentService-923555098971-13
04-22 13:09:47.793  1071 11834 I SubscribedFeeds: Received message
04-22 13:09:47.863 11591 11836 I Gmail   : MainSyncRequestProto: lowestBkwdConvoId: 0, highestHandledServerOp: 1732374, normalSync: true
04-22 13:09:47.893 11591 11594 D dalvikvm: GC_CONCURRENT freed 411K, 5% free 9607K/10084K, paused 5ms+5ms, total 54ms
04-22 13:09:48.283 11591 11836 D dalvikvm: GC_EXPLICIT freed 81K, 6% free 9548K/10084K, paused 1ms+2ms, total 29ms
04-22 13:09:48.293 11591 11836 I Gmail   : MainSyncRequestProto: lowestBkwdConvoId: 0, highestHandledServerOp: 1732374, normalSync: true
04-22 13:09:48.293 11591 11836 I Gmail   : lowestBackward conversation id 0
04-22 13:09:48.303 11591 11836 W Gmail   : Scheduling index for 300000 ms from now
04-22 13:10:17.815   589   610 I ActivityManager: No longer want com.google.android.apps.maps:GoogleLocationService (pid 10903): empty for 1812s
04-22 13:10:17.855   589  1014 W ActivityManager: Scheduling restart of crashed service com.google.android.apps.maps/com.google.android.location.internal.server.GoogleLocationService in 5000ms
04-22 13:10:22.900   589   610 I ActivityManager: Start proc com.google.android.apps.maps:GoogleLocationService for service com.google.android.apps.maps/com.google.android.location.internal.server.GoogleLocationService: pid=11852 uid=10039 gids={50039, 3003, 1015, 1028}
04-22 13:10:22.970 11852 11854 D dalvikvm: GC_CONCURRENT freed 149K, 2% free 9162K/9340K, paused 3ms+3ms, total 31ms
04-22 13:10:23.040 11852 11854 D dalvikvm: GC_CONCURRENT freed 111K, 2% free 9436K/9588K, paused 2ms+9ms, total 26ms
04-22 13:10:23.341 11852 11854 D dalvikvm: GC_CONCURRENT freed 201K, 3% free 9748K/9976K, paused 4ms+5ms, total 43ms
04-22 13:10:23.341 11852 11868 D dalvikvm: WAIT_FOR_CONCURRENT_GC blocked 20ms
04-22 13:10:23.381 11852 11868 D dalvikvm: GC_FOR_ALLOC freed 132K, 4% free 9883K/10236K, paused 28ms, total 28ms
04-22 13:10:23.441 11852 11854 D dalvikvm: GC_CONCURRENT freed 446K, 5% free 9947K/10424K, paused 2ms+4ms, total 27ms
04-22 13:10:23.441 11852 11868 D dalvikvm: WAIT_FOR_CONCURRENT_GC blocked 7ms
04-22 13:10:23.541 11852 11854 D dalvikvm: GC_CONCURRENT freed 153K, 2% free 10304K/10488K, paused 3ms+6ms, total 52ms
04-22 13:10:23.541 11852 11868 D dalvikvm: WAIT_FOR_CONCURRENT_GC blocked 30ms
04-22 13:10:23.651   589   610 I ActivityManager: Start proc com.google.android.apps.maps:FriendService for broadcast com.google.android.apps.maps/com.google.googlenav.friend.android.ServiceReceiver: pid=11877 uid=10039 gids={50039, 3003, 1015, 1028}
04-22 13:10:23.731 11877 11879 D dalvikvm: GC_CONCURRENT freed 155K, 2% free 9167K/9352K, paused 2ms+2ms, total 20ms
04-22 13:10:23.791 11877 11879 D dalvikvm: GC_CONCURRENT freed 144K, 2% free 9524K/9708K, paused 1ms+2ms, total 18ms
04-22 13:10:23.811 11852 11854 D dalvikvm: GC_CONCURRENT freed 760K, 8% free 10035K/10808K, paused 2ms+12ms, total 71ms
04-22 13:10:23.831   589  1015 I ActivityManager: Start proc com.google.android.apps.maps:LocationFriendService for broadcast com.google.android.apps.maps/com.google.googlenav.friend.reporting.LocationReportingIntentReceiver: pid=11894 uid=10039 gids={50039, 3003, 1015, 1028}
04-22 13:10:23.831   589  1015 I ActivityManager: No longer want com.google.android.apps.uploader (pid 11351): empty #17
04-22 13:10:23.901 11852 11856 I dalvikvm: Total arena pages for JIT: 11
04-22 13:10:23.901 11852 11856 I dalvikvm: Total arena pages for JIT: 12
04-22 13:10:23.901 11852 11856 I dalvikvm: Total arena pages for JIT: 13
04-22 13:10:23.901 11852 11856 I dalvikvm: Total arena pages for JIT: 14
04-22 13:10:23.901 11852 11856 I dalvikvm: Total arena pages for JIT: 15
04-22 13:10:23.901 11852 11856 I dalvikvm: Total arena pages for JIT: 16
04-22 13:10:23.901 11852 11856 I dalvikvm: Total arena pages for JIT: 17
04-22 13:10:23.941 11852 11876 W Settings: Setting airplane_mode_on has moved from android.provider.Settings.System to android.provider.Settings.Global, returning read-only value.
04-22 13:10:23.971 11894 11898 D dalvikvm: GC_CONCURRENT freed 154K, 2% free 9157K/9340K, paused 2ms+2ms, total 19ms
04-22 13:10:24.021   589   820 D dalvikvm: GC_EXPLICIT freed 2217K, 34% free 19767K/29648K, paused 2ms+7ms, total 73ms
04-22 13:10:24.021 11894 11898 D dalvikvm: GC_CONCURRENT freed 144K, 2% free 9514K/9696K, paused 1ms+3ms, total 17ms
04-22 13:10:24.021 11894 11894 D dalvikvm: WAIT_FOR_CONCURRENT_GC blocked 4ms
04-22 13:10:24.082  1071  1074 D dalvikvm: GC_CONCURRENT freed 372K, 5% free 9873K/10324K, paused 3ms+4ms, total 37ms
04-22 13:10:24.112   589  1014 I ActivityManager: No longer want com.google.android.apps.plus (pid 11369): empty #17
04-22 13:10:24.132 11894 11898 D dalvikvm: GC_CONCURRENT freed 323K, 4% free 9653K/10008K, paused 3ms+1ms, total 28ms
04-22 13:10:24.182 11852 11854 D dalvikvm: GC_CONCURRENT freed 326K, 6% free 10160K/10808K, paused 1ms+3ms, total 25ms
04-22 13:10:24.832 11852 11854 D dalvikvm: GC_CONCURRENT freed 323K, 6% free 10263K/10808K, paused 5ms+3ms, total 43ms
04-22 13:10:24.902 11852 11854 D dalvikvm: GC_CONCURRENT freed 333K, 5% free 10370K/10808K, paused 2ms+2ms, total 22ms
04-22 13:10:25.273 11852 11854 D dalvikvm: GC_CONCURRENT freed 492K, 5% free 10322K/10844K, paused 6ms+2ms, total 40ms
04-22 13:12:12.077   747   752 D dalvikvm: GC_CONCURRENT freed 968K, 12% free 12115K/13696K, paused 20ms+3ms, total 70ms
04-22 13:12:24.730   165   527 D AudioStreamOutALSA: mHandle->useCase: HiFi Lowlatency
04-22 13:12:24.730   165   527 D ALSAModule: s_route: devices 0x2 in mode 0
04-22 13:12:24.730   165   527 D ALSAModule: switchDevice: device 2 mode:0
04-22 13:12:24.730   165   527 D ALSAModule: No valid input device: 0
04-22 13:12:24.730   165   527 D ALSAModule: switchDevice,rxDev:Speaker, txDev:(null), curRxDev:Speaker, curTxDev:None
04-22 13:12:24.730   165   527 D alsa_ucm: snd_use_case_set(): uc_mgr 0x40ff72a0 identifier _enadev value Speaker
04-22 13:12:24.730   165   527 D ALSAModule: switchDevice: curTxUCMDevivce None curRxDevDevice Speaker
04-22 13:12:24.730   165   527 D alsa_ucm: snd_use_case_set(): uc_mgr 0x40ff72a0 identifier _verb value HiFi Lowlatency
04-22 13:12:24.730   165   527 D alsa_ucm: Set mixer controls for Speaker enable 1
04-22 13:12:24.730   165   527 D ACDB-LOADER: ACDB -> send_afe_cal
04-22 13:12:24.740   165   527 D alsa_ucm: Set mixer controls for HiFi Lowlatency enable 1
04-22 13:12:24.740   165   527 D ALSAModule: Device value returned is hw:0,14
04-22 13:12:24.750   165   527 D ALSAModule: setHardwareParams: reqBuffSize 1024 channels 2 sampleRate 48000
04-22 13:12:24.750   165   527 D ALSAModule: setHardwareParams: buffer_size 2048, period_size 1024, period_cnt 2
04-22 13:12:27.964   165   623 D alsa_ucm: snd_use_case_set(): uc_mgr 0x40ff72a0 identifier _verb value Inactive
04-22 13:12:27.964   165   623 D alsa_ucm: Set mixer controls for HiFi Lowlatency enable 0
04-22 13:12:27.964   165   623 D alsa_ucm: snd_use_case_set(): uc_mgr 0x40ff72a0 identifier _disdev value Speaker
04-22 13:12:27.964   165   623 D alsa_ucm: Set mixer controls for Speaker enable 0
04-22 13:13:23.553   165   527 D AudioStreamOutALSA: mHandle->useCase: HiFi Lowlatency
04-22 13:13:23.553   165   527 D ALSAModule: s_route: devices 0x2 in mode 0
04-22 13:13:23.553   165   527 D ALSAModule: switchDevice: device 2 mode:0
04-22 13:13:23.553   165   527 D ALSAModule: No valid input device: 0
04-22 13:13:23.553   165   527 D ALSAModule: switchDevice,rxDev:Speaker, txDev:(null), curRxDev:Speaker, curTxDev:None
04-22 13:13:23.553   165   527 D alsa_ucm: snd_use_case_set(): uc_mgr 0x40ff72a0 identifier _enadev value Speaker
04-22 13:13:23.553   165   527 D ALSAModule: switchDevice: curTxUCMDevivce None curRxDevDevice Speaker
04-22 13:13:23.553   165   527 D alsa_ucm: snd_use_case_set(): uc_mgr 0x40ff72a0 identifier _verb value HiFi Lowlatency
04-22 13:13:23.553   165   527 D alsa_ucm: Set mixer controls for Speaker enable 1
04-22 13:13:23.553   165   527 D ACDB-LOADER: ACDB -> send_afe_cal
04-22 13:13:23.563   165   527 D alsa_ucm: Set mixer controls for HiFi Lowlatency enable 1
04-22 13:13:23.563   165   527 D ALSAModule: Device value returned is hw:0,14
04-22 13:13:23.563   165   527 D ALSAModule: setHardwareParams: reqBuffSize 1024 channels 2 sampleRate 48000
04-22 13:13:23.573   165   527 D ALSAModule: setHardwareParams: buffer_size 2048, period_size 1024, period_cnt 2
04-22 13:13:23.643   931   931 W IInputConnectionWrapper: showStatusIcon on inactive InputConnection
04-22 13:13:23.873   162   272 D overlay : FROM_STATE = OV_CLOSED TO_STATE = OV_BYPASS_3_LAYER
04-22 13:13:24.164   931   935 D dalvikvm: GC_CONCURRENT freed 6087K, 32% free 15077K/22044K, paused 2ms+6ms, total 36ms
04-22 13:13:24.204   162   272 D overlay : FROM_STATE = OV_BYPASS_3_LAYER TO_STATE = OV_CLOSED
04-22 13:13:24.594   589   607 I ActivityManager: No longer want com.got.clockscene (pid 9639): empty for 4794s
04-22 13:13:24.624   589   820 I WindowState: WIN DEATH: Window{42b57618 u0 com.got.clockscene/com.got.clockscene.ClocksceneActivity}
04-22 13:13:26.776   165   623 D alsa_ucm: snd_use_case_set(): uc_mgr 0x40ff72a0 identifier _verb value Inactive
04-22 13:13:26.776   165   623 D alsa_ucm: Set mixer controls for HiFi Lowlatency enable 0
04-22 13:13:26.776   165   623 D alsa_ucm: snd_use_case_set(): uc_mgr 0x40ff72a0 identifier _disdev value Speaker
04-22 13:13:26.776   165   623 D alsa_ucm: Set mixer controls for Speaker enable 0
04-22 13:13:27.147   744   744 I wpa_supplicant: wlan0: Associated with c0:62:6b:66:cf:f2
04-22 13:13:27.177   744   744 I wpa_supplicant: wlan0: WPA: Key negotiation completed with c0:62:6b:66:cf:f2 [PTK=CCMP GTK=CCMP]
04-22 13:13:27.187   744   744 I wpa_supplicant: wlan0: CTRL-EVENT-CONNECTED - Connection to c0:62:6b:66:cf:f2 completed (reauth) [id=0 id_str=]
04-22 13:14:22.576 12021 12021 D AndroidRuntime: 
04-22 13:14:22.576 12021 12021 D AndroidRuntime: >>>>>> AndroidRuntime START com.android.internal.os.RuntimeInit <<<<<<
04-22 13:14:22.576 12021 12021 D AndroidRuntime: CheckJNI is OFF
04-22 13:14:22.586 12021 12021 D dalvikvm: Trying to load lib libjavacore.so 0x0
04-22 13:14:22.596 12021 12021 D dalvikvm: Added shared lib libjavacore.so 0x0
04-22 13:14:22.596 12021 12021 D dalvikvm: Trying to load lib libnativehelper.so 0x0
04-22 13:14:22.596 12021 12021 D dalvikvm: Added shared lib libnativehelper.so 0x0
04-22 13:14:22.736 12021 12021 D AndroidRuntime: Calling main entry com.android.commands.pm.Pm
04-22 13:14:22.736 12021 12021 D AndroidRuntime: Shutting down VM
04-22 13:14:22.746 12021 12028 D dalvikvm: GC_CONCURRENT freed 101K, 19% free 471K/576K, paused 1ms+1ms, total 7ms
04-22 13:14:22.746 12021 12030 D jdwp    : Got wake-up signal, bailing out of select
04-22 13:14:22.746 12021 12030 D dalvikvm: Debugger has detached; object registry had 1 entries
04-22 13:14:23.147 12039 12039 D AndroidRuntime: 
04-22 13:14:23.147 12039 12039 D AndroidRuntime: >>>>>> AndroidRuntime START com.android.internal.os.RuntimeInit <<<<<<
04-22 13:14:23.147 12039 12039 D AndroidRuntime: CheckJNI is OFF
04-22 13:14:23.157 12039 12039 D dalvikvm: Trying to load lib libjavacore.so 0x0
04-22 13:14:23.167 12039 12039 D dalvikvm: Added shared lib libjavacore.so 0x0
04-22 13:14:23.167 12039 12039 D dalvikvm: Trying to load lib libnativehelper.so 0x0
04-22 13:14:23.167 12039 12039 D dalvikvm: Added shared lib libnativehelper.so 0x0
04-22 13:14:23.307 12039 12039 D AndroidRuntime: Calling main entry com.android.commands.am.Am
04-22 13:14:23.307 12039 12039 D dalvikvm: Note: class Landroid/app/ActivityManagerNative; has 156 unimplemented (abstract) methods
04-22 13:14:23.307   589  1011 I ActivityManager: Force stopping package com.got.clockscene appid=10080 user=-1
04-22 13:14:23.307   589  1011 I ActivityManager: START u0 {act=android.intent.action.MAIN cat=[android.intent.category.LAUNCHER] flg=0x10000000 cmp=com.got.clockscene/.ClocksceneActivity} from pid 12039
04-22 13:14:23.377   589   609 D dalvikvm: GC_FOR_ALLOC freed 1004K, 33% free 20119K/29648K, paused 58ms, total 58ms
04-22 13:14:23.407 12039 12039 D AndroidRuntime: Shutting down VM
04-22 13:14:23.417 12039 12043 D dalvikvm: GC_CONCURRENT freed 102K, 18% free 504K/608K, paused 1ms+1ms, total 10ms
04-22 13:14:23.427 12039 12045 D jdwp    : Got wake-up signal, bailing out of select
04-22 13:14:23.427 12039 12045 D dalvikvm: Debugger has detached; object registry had 1 entries
04-22 13:14:23.427 12053 12053 D dalvikvm: Late-enabling CheckJNI
04-22 13:14:23.427   589  9074 I ActivityManager: Start proc com.got.clockscene for activity com.got.clockscene/.ClocksceneActivity: pid=12053 uid=10080 gids={50080, 1015, 3003, 1028}
04-22 13:14:23.437 12053 12053 I dalvikvm: Turning on JNI app bug workarounds for target SDK version 8...
04-22 13:14:23.447 12053 12059 E jdwp    : Failed sending reply to debugger: Broken pipe
04-22 13:14:23.447 12053 12059 D dalvikvm: Debugger has detached; object registry had 1 entries
04-22 13:14:23.507   589   609 D dalvikvm: GC_FOR_ALLOC freed 429K, 28% free 21566K/29648K, paused 63ms, total 63ms
04-22 13:14:23.507   589   609 I dalvikvm-heap: Grow heap (frag case) to 23.695MB for 2731536-byte allocation
04-22 13:14:23.567   589   819 D dalvikvm: GC_FOR_ALLOC freed <1K, 26% free 24233K/32316K, paused 55ms, total 55ms
04-22 13:14:23.577 12053 12053 W ActivityThread: Application com.got.clockscene is waiting for the debugger on port 8100...
04-22 13:14:23.587 12053 12053 I System.out: Sending WAIT chunk
04-22 13:14:24.468 12053 12059 I dalvikvm: Debugger is active
04-22 13:14:24.588 12053 12053 I System.out: Debugger has connected
04-22 13:14:24.588 12053 12053 I System.out: waiting for debugger to settle...
04-22 13:14:24.788 12053 12053 I System.out: waiting for debugger to settle...
04-22 13:14:24.989 12053 12053 I System.out: waiting for debugger to settle...
04-22 13:14:25.189 12053 12053 I System.out: waiting for debugger to settle...
04-22 13:14:25.389 12053 12053 I System.out: waiting for debugger to settle...
04-22 13:14:25.599 12053 12053 I System.out: waiting for debugger to settle...
04-22 13:14:25.799 12053 12053 I System.out: waiting for debugger to settle...
04-22 13:14:26.000 12053 12053 I System.out: debugger has settled (1356)
04-22 13:14:26.120 12053 12053 I TiApplication: (main) [0,0] checkpoint, app created.
04-22 13:14:26.120 12053 12053 I TiApplication: (main) [4,4] Titanium 1.0 (N/A N/A)
04-22 13:14:26.260   162   272 D overlay : FROM_STATE = OV_CLOSED TO_STATE = OV_BYPASS_3_LAYER
04-22 13:14:26.380 12053 12053 I TiApplication: (main) [264,268] Titanium Javascript runtime: v8
04-22 13:14:26.410 12053 12083 D dalvikvm: Trying to load lib /data/app-lib/com.got.clockscene-1/libstlport_shared.so 0x425d4c80
04-22 13:14:26.420 12053 12083 D dalvikvm: Added shared lib /data/app-lib/com.got.clockscene-1/libstlport_shared.so 0x425d4c80
04-22 13:14:26.420 12053 12083 D dalvikvm: No JNI_OnLoad found in /data/app-lib/com.got.clockscene-1/libstlport_shared.so 0x425d4c80, skipping init
04-22 13:14:26.420 12053 12083 D dalvikvm: Trying to load lib /data/app-lib/com.got.clockscene-1/libkroll-v8.so 0x425d4c80
04-22 13:14:26.440 12053 12083 D dalvikvm: Added shared lib /data/app-lib/com.got.clockscene-1/libkroll-v8.so 0x425d4c80
04-22 13:14:26.510 12053 12053 E TiLaunchActivity: (main) [125,393] Android issue 2373 detected (missing intent CATEGORY_LAUNCHER or FLAG_ACTIVITY_RESET_TASK_IF_NEEDED), restarting app. com.got.clockscene.ClocksceneActivity@42625a90
04-22 13:14:26.520 12053 12057 D dalvikvm: GC_CONCURRENT freed 286K, 4% free 8934K/9248K, paused 5ms+5ms, total 50ms
04-22 13:14:26.620 12053 12053 D dalvikvm: GC_FOR_ALLOC freed 18K, 4% free 8956K/9248K, paused 16ms, total 16ms
04-22 13:14:26.620 12053 12053 I dalvikvm-heap: Grow heap (frag case) to 10.236MB for 1536016-byte allocation
04-22 13:14:26.640 12053 12083 D dalvikvm: GC_FOR_ALLOC freed <1K, 3% free 10456K/10752K, paused 12ms, total 12ms
04-22 13:14:26.650 12053 12057 D dalvikvm: GC_CONCURRENT freed 6K, 3% free 10456K/10752K, paused 2ms+1ms, total 13ms
04-22 13:14:26.700 12053 12053 D dalvikvm: GC_FOR_ALLOC freed 2K, 3% free 10461K/10752K, paused 12ms, total 12ms
04-22 13:14:26.710 12053 12053 I dalvikvm-heap: Grow heap (frag case) to 12.844MB for 2731536-byte allocation
04-22 13:14:26.720 12053 12083 D dalvikvm: GC_FOR_ALLOC freed 0K, 3% free 13128K/13420K, paused 11ms, total 11ms
04-22 13:14:26.730 12053 12057 D dalvikvm: GC_CONCURRENT freed 1K, 3% free 13129K/13420K, paused 3ms+1ms, total 13ms
04-22 13:14:26.740 12053 12083 E TiApplication: (KrollRuntimeThread) [235,628] APP PROXY: ti.modules.titanium.app.AppModule@42627f50
04-22 13:14:26.750 12053 12053 I TiRootActivity: (main) [0,0] checkpoint, on root activity resume. activity = com.got.clockscene.ClocksceneActivity@42625a90
04-22 13:14:26.791 12053 12083 D dalvikvm: Trying to load lib /data/app-lib/com.got.clockscene-1/libcom.mattlangston.xml2json.so 0x425d4c80
04-22 13:14:26.791 12053 12083 D dalvikvm: Added shared lib /data/app-lib/com.got.clockscene-1/libcom.mattlangston.xml2json.so 0x425d4c80
04-22 13:14:26.791 12053 12083 D dalvikvm: No JNI_OnLoad found in /data/app-lib/com.got.clockscene-1/libcom.mattlangston.xml2json.so 0x425d4c80, skipping init
04-22 13:14:26.791 12053 12083 D dalvikvm: Trying to load lib /data/app-lib/com.got.clockscene-1/libco.lanica.platino.so 0x425d4c80
04-22 13:14:26.801 12053 12083 D dalvikvm: Added shared lib /data/app-lib/com.got.clockscene-1/libco.lanica.platino.so 0x425d4c80
04-22 13:14:26.801 12053 12083 D dalvikvm: No JNI_OnLoad found in /data/app-lib/com.got.clockscene-1/libco.lanica.platino.so 0x425d4c80, skipping init
04-22 13:14:26.941   747   747 V PhoneStatusBar: setLightsOn(true)
04-22 13:14:27.211   589   609 I ActivityManager: Displayed com.got.clockscene/.ClocksceneActivity: +3s802ms
04-22 13:14:27.231   162   272 D overlay : FROM_STATE = OV_BYPASS_3_LAYER TO_STATE = OV_CLOSED
04-22 13:14:44.580   899   904 D dalvikvm: GC_CONCURRENT freed 365K, 5% free 9203K/9620K, paused 4ms+2ms, total 74ms
04-22 13:16:13.154   589   889 W ThrottleService: unable to find stats for iface rmnet_usb0
04-22 13:16:16.458  1816  1816 I com.appcelerator.cloud.push.PushService: PushService status changed. ACTION=CF.KEEP_ALIVE
04-22 13:19:05.868   165   527 D AudioStreamOutALSA: mHandle->useCase: HiFi Lowlatency
04-22 13:19:05.868   165   527 D ALSAModule: s_route: devices 0x2 in mode 0
04-22 13:19:05.868   165   527 D ALSAModule: switchDevice: device 2 mode:0
04-22 13:19:05.868   165   527 D ALSAModule: No valid input device: 0
04-22 13:19:05.868   165   527 D ALSAModule: switchDevice,rxDev:Speaker, txDev:(null), curRxDev:Speaker, curTxDev:None
04-22 13:19:05.868   165   527 D alsa_ucm: snd_use_case_set(): uc_mgr 0x40ff72a0 identifier _enadev value Speaker
04-22 13:19:05.868   165   527 D ALSAModule: switchDevice: curTxUCMDevivce None curRxDevDevice Speaker
04-22 13:19:05.868   165   527 D alsa_ucm: snd_use_case_set(): uc_mgr 0x40ff72a0 identifier _verb value HiFi Lowlatency
04-22 13:19:05.868   165   527 D alsa_ucm: Set mixer controls for Speaker enable 1
04-22 13:19:05.868   165   527 D ACDB-LOADER: ACDB -> send_afe_cal
04-22 13:19:05.878   165   527 D alsa_ucm: Set mixer controls for HiFi Lowlatency enable 1
04-22 13:19:05.878   165   527 D ALSAModule: Device value returned is hw:0,14
04-22 13:19:05.888   165   527 D ALSAModule: setHardwareParams: reqBuffSize 1024 channels 2 sampleRate 48000
04-22 13:19:05.888   165   527 D ALSAModule: setHardwareParams: buffer_size 2048, period_size 1024, period_cnt 2
04-22 13:19:06.199   162   272 D overlay : FROM_STATE = OV_CLOSED TO_STATE = OV_BYPASS_3_LAYER
04-22 13:19:06.539   162   272 D overlay : FROM_STATE = OV_BYPASS_3_LAYER TO_STATE = OV_CLOSED
04-22 13:19:06.919   589   607 I ActivityManager: No longer want com.google.android.apps.walletnfcrel (pid 6839): empty #17
04-22 13:19:07.420   589   679 I ActivityManager: START u0 {act=android.intent.action.MAIN cat=[android.intent.category.LAUNCHER] flg=0x4 cmp=com.got.clockscene/.ClocksceneActivity (has extras)} from pid -1
04-22 13:19:07.420   589   679 W ActivityManager: startActivity called from non-Activity context; forcing Intent.FLAG_ACTIVITY_NEW_TASK for: Intent { act=android.intent.action.MAIN cat=[android.intent.category.LAUNCHER] flg=0x4 cmp=com.got.clockscene/.ClocksceneActivity (has extras) }
04-22 13:19:07.510 12053 12053 I TiRootActivity: (main) [0,0] checkpoint, on root activity create, savedInstanceState: null
04-22 13:19:07.660 12053 12053 I TiAnalyticsDb: (main) [150,150] Upgrading Database from 1 to 4
04-22 13:19:07.880   162   272 D overlay : FROM_STATE = OV_CLOSED TO_STATE = OV_BYPASS_3_LAYER
04-22 13:19:07.951 12053 12083 D Module  : Loading module: ClockScene -> Resources/ClockScene.js
04-22 13:19:08.011 12053 12083 D Module  : Loading module: TextManagerStatsView -> Resources/TextManagerStatsView.js
04-22 13:19:08.021 12053 12083 D Module  : Loading module: TextManager -> Resources/TextManager.js
04-22 13:19:08.031 12053 12083 D Module  : Loading module: XMLStats -> Resources/XMLStats.js
04-22 13:19:08.041 12053 12083 D Module  : Loading module: TextManagerDecorations -> Resources/TextManagerDecorations.js
04-22 13:19:08.061 12053 12083 D Module  : Loading module: TextManagerItemsAncientGizaRiverfront -> Resources/TextManagerItemsAncientGizaRiverfront.js
04-22 13:19:08.071 12053 12083 D Module  : Loading module: TextManagerMissions -> Resources/TextManagerMissions.js
04-22 13:19:08.081 12053 12083 D Module  : Loading module: TextManagerQuests -> Resources/TextManagerQuests.js
04-22 13:19:08.091 12053 12083 D Module  : Loading module: TextManagerStories -> Resources/TextManagerStories.js
04-22 13:19:08.131 12053 12059 W jdwp    : Debugger is telling the VM to exit with code=1
04-22 13:19:08.131 12053 12059 I dalvikvm: GC lifetime allocation: 8098 bytes
04-22 13:19:08.131 12053 12083 E JNIUtil : ProxyFactory: failed to find class for ti.modules.titanium.ui.LabelProxy
04-22 13:19:08.131 12053 12083 E ProxyFactory: No proxy info found for class.
04-22 13:19:08.141 12053 12083 E TiViewProxy: (KrollRuntimeThread) [473,623] Add called with a null child
04-22 13:19:08.141 12053 12083 E JNIUtil : ProxyFactory: failed to find class for ti.modules.titanium.ui.LabelProxy
04-22 13:19:08.141 12053 12083 E ProxyFactory: No proxy info found for class.
04-22 13:19:08.141 12053 12083 E TiViewProxy: (KrollRuntimeThread) [0,623] Add called with a null child
04-22 13:19:08.141 12053 12083 E JNIUtil : ProxyFactory: failed to find class for ti.modules.titanium.ui.LabelProxy
04-22 13:19:08.141 12053 12083 E ProxyFactory: No proxy info found for class.
04-22 13:19:08.141 12053 12083 E TiViewProxy: (KrollRuntimeThread) [1,624] Add called with a null child
04-22 13:19:08.141 12053 12083 E JNIUtil : ProxyFactory: failed to find class for ti.modules.titanium.ui.LabelProxy
04-22 13:19:08.141 12053 12083 E ProxyFactory: No proxy info found for class.
04-22 13:19:08.141 12053 12083 E TiViewProxy: (KrollRuntimeThread) [1,625] Add called with a null child
04-22 13:19:08.141 12053 12083 E JNIUtil : ProxyFactory: failed to find class for ti.modules.titanium.ui.LabelProxy
04-22 13:19:08.141 12053 12083 E ProxyFactory: No proxy info found for class.
04-22 13:19:08.141 12053 12083 E TiViewProxy: (KrollRuntimeThread) [1,626] Add called with a null child
04-22 13:19:08.151 12053 12083 E JNIUtil : ProxyFactory: failed to find class for ti.modules.titanium.ui.ViewProxy
04-22 13:19:08.151 12053 12083 E ProxyFactory: No proxy info found for class.
04-22 13:19:08.151 12053 12083 F libc    : Fatal signal 11 (SIGSEGV) at 0x00000000 (code=1), thread 12083 (KrollRuntimeThr)
04-22 13:19:08.171   589   819 I ActivityManager: Process com.got.clockscene (pid 12053) has died.
04-22 13:19:08.191 12175 12175 D dalvikvm: Late-enabling CheckJNI
04-22 13:19:08.191   589   819 I ActivityManager: Start proc com.got.clockscene for activity com.got.clockscene/.ClocksceneActivity: pid=12175 uid=10080 gids={50080, 1015, 3003, 1028}
04-22 13:19:08.201 12175 12175 I dalvikvm: Turning on JNI app bug workarounds for target SDK version 8...
04-22 13:19:08.201   160   160 I DEBUG   : unexpected waitpid response: n=12083, status=00000100
04-22 13:19:08.201   160   160 I DEBUG   : ptrace detach from 12083 failed: No such process
04-22 13:19:08.201   160   160 I DEBUG   : debuggerd committing suicide to free the zombie!
04-22 13:19:08.211 12188 12188 I DEBUG   : debuggerd: Nov 20 2012 00:20:45
04-22 13:19:08.221   163   163 D Zygote  : Process 12053 exited cleanly (1)
04-22 13:19:08.231 12175 12175 I TiApplication: (main) [0,0] checkpoint, app created.
04-22 13:19:08.241 12175 12175 I TiApplication: (main) [2,2] Titanium 1.0 (N/A N/A)
04-22 13:19:08.301 12175 12175 I TiApplication: (main) [60,62] Titanium Javascript runtime: v8
04-22 13:19:08.301 12175 12191 D dalvikvm: Trying to load lib /data/app-lib/com.got.clockscene-1/libstlport_shared.so 0x425d5670
04-22 13:19:08.301 12175 12191 D dalvikvm: Added shared lib /data/app-lib/com.got.clockscene-1/libstlport_shared.so 0x425d5670
04-22 13:19:08.301 12175 12191 D dalvikvm: No JNI_OnLoad found in /data/app-lib/com.got.clockscene-1/libstlport_shared.so 0x425d5670, skipping init
04-22 13:19:08.301 12175 12191 D dalvikvm: Trying to load lib /data/app-lib/com.got.clockscene-1/libkroll-v8.so 0x425d5670
04-22 13:19:08.311 12175 12191 D dalvikvm: Added shared lib /data/app-lib/com.got.clockscene-1/libkroll-v8.so 0x425d5670
04-22 13:19:08.321 12175 12175 I TiRootActivity: (main) [0,0] checkpoint, on root activity create, savedInstanceState: null
04-22 13:19:08.341 12175 12179 D dalvikvm: GC_CONCURRENT freed 293K, 4% free 8936K/9256K, paused 3ms+6ms, total 26ms
04-22 13:19:08.481 12175 12191 E TiApplication: (KrollRuntimeThread) [160,160] APP PROXY: ti.modules.titanium.app.AppModule@4262b1b0
04-22 13:19:08.511 12175 12191 D dalvikvm: Trying to load lib /data/app-lib/com.got.clockscene-1/libcom.mattlangston.xml2json.so 0x425d5670
04-22 13:19:08.511 12175 12191 D dalvikvm: Added shared lib /data/app-lib/com.got.clockscene-1/libcom.mattlangston.xml2json.so 0x425d5670
04-22 13:19:08.511 12175 12191 D dalvikvm: No JNI_OnLoad found in /data/app-lib/com.got.clockscene-1/libcom.mattlangston.xml2json.so 0x425d5670, skipping init
