04-22 13:43:40.452 13487 13491 D dalvikvm: GC_CONCURRENT freed 255K, 4% free 9082K/9364K, paused 2ms+1ms, total 24ms
04-22 13:43:40.452 13487 13487 D dalvikvm: WAIT_FOR_CONCURRENT_GC blocked 7ms
04-22 13:43:40.472  1071  1074 D dalvikvm: GC_CONCURRENT freed 398K, 5% free 9864K/10324K, paused 2ms+3ms, total 27ms
04-22 13:43:40.472 13487 13487 I ActivityThread: Pub com.google.android.gallery3d.PicasaStore: com.google.android.picasastore.PicasaPhotoContentProvider0
04-22 13:43:40.482 13487 13487 I ActivityThread: Pub com.google.android.gallery3d.GooglePhotoProvider: com.google.android.picasasync.PicasaContentProvider0
04-22 13:43:40.492   589   715 D Tethering: MasterInitialState.processMessage what=3
04-22 13:43:40.502 13487 13491 D dalvikvm: GC_CONCURRENT freed 343K, 4% free 9157K/9528K, paused 4ms+1ms, total 18ms
04-22 13:43:40.502  1816  1816 D com.appcelerator.cloud.push.PushService: Connectivity changed. Network availability:true; Has connectivity:false; type:WIFI; reason:null
04-22 13:43:40.502  1816  1816 D com.appcelerator.cloud.push.PushService: MQTT Status:Problematic
04-22 13:43:40.502  1816  1816 I com.appcelerator.cloud.push.PushService: Reconnecting...
04-22 13:43:40.512   589  1088 E         : W/virtual loc_api_adapter_err LocApiAdapter::enableData(int): default implementation invoked
04-22 13:43:40.512   589  1088 E         : W/virtual loc_api_adapter_err LocApiAdapter::setAPN(char*, int): default implementation invoked
04-22 13:43:40.542  1816  1820 D dalvikvm: GC_CONCURRENT freed 375K, 6% free 9789K/10316K, paused 3ms+2ms, total 22ms
04-22 13:43:40.562 13487 13491 D dalvikvm: GC_CONCURRENT freed 522K, 6% free 9145K/9696K, paused 2ms+2ms, total 18ms
04-22 13:43:40.562 13487 13487 D dalvikvm: WAIT_FOR_CONCURRENT_GC blocked 8ms
04-22 13:43:40.562 13487 13487 I ActivityThread: Pub com.android.gallery3d.filtershow.provider.SharedImageProvider: com.android.gallery3d.filtershow.provider.SharedImageProvider
04-22 13:43:40.562 13487 13487 I ActivityThread: Pub com.google.android.gallery3d.GooglePhotoProviderRestricted: com.google.android.picasasync.PicasaOpenFileProvider
04-22 13:43:40.582 13487 13487 D dalvikvm: GC_FOR_ALLOC freed 52K, 6% free 9185K/9696K, paused 13ms, total 13ms
04-22 13:43:40.612   589   872 I ActivityManager: No longer want com.google.android.partnersetup (pid 12344): empty #17
04-22 13:43:40.612   589   872 I ActivityManager: Start proc com.google.android.apps.uploader for broadcast com.google.android.apps.uploader/com.google.android.picasasync.ConnectivityReceiver: pid=13521 uid=10040 gids={50040, 3003, 1015, 1028}
04-22 13:43:40.632 13487 13519 D UploadsManager:    wifiOnlyPhoto changed to true
04-22 13:43:40.632 13487 13519 D UploadsManager:    wifiOnlyVideo changed to true
04-22 13:43:40.632 13487 13519 D UploadsManager:    syncOnBattery changed to true
04-22 13:43:40.632 13487 13519 D PicasaSync: sync account database
04-22 13:43:40.652 13487 13519 D PicasaSync: accounts in DB=1
04-22 13:43:40.652 13487 13519 D PicasaSyncManager: active network: NetworkInfo: type: WIFI[], state: CONNECTED/CONNECTED, reason: (unspecified), extra: "Appcelerator Guests", roaming: false, failover: false, isAvailable: true
04-22 13:43:40.652 13487 13519 D PicasaSyncManager: background data: true
04-22 13:43:40.662 13521 13521 I ActivityThread: Pub com.google.android.apps.uploader.PicasaUploadProvider: com.google.android.picasasync.PicasaContentProvider1
04-22 13:43:40.682 13487 13519 D PicasaSyncManager: battery info: true
04-22 13:43:40.682  1816 13500 D com.appcelerator.cloud.push.PushService: raw data:{"hostname":"push-1.cloud.appcelerator.com","port":"1883","expiration":1366667020148,"return_flag":"expired and renewed"}
04-22 13:43:40.702  1816 13500 D com.appcelerator.cloud.push.PushService: Push Host: push-1.cloud.appcelerator.com, Push Port: 1883
04-22 13:43:40.702  1816 13513 D com.appcelerator.cloud.push.PushService: raw data:{"hostname":"push-1.cloud.appcelerator.com","port":"1883","expiration":1366667020148,"return_flag":"live"}
04-22 13:43:40.702  1816 13513 D com.appcelerator.cloud.push.PushService: Push Host: push-1.cloud.appcelerator.com, Push Port: 1883
04-22 13:43:40.712  1816  1820 D dalvikvm: GC_CONCURRENT freed 399K, 5% free 9900K/10328K, paused 2ms+3ms, total 31ms
04-22 13:43:40.712  1816 13513 D dalvikvm: WAIT_FOR_CONCURRENT_GC blocked 4ms
04-22 13:43:40.732  1816 13500 I com.appcelerator.cloud.push.PushService: MQTT Disonnected
04-22 13:43:40.742  1816 13500 W com.appcelerator.cloud.push.PushService: MQTT Service status:true
04-22 13:43:40.742   589  1015 I ActivityManager: Start proc com.google.android.youtube for broadcast com.google.android.youtube/.app.prefetch.PrefetchService$DeviceStateReceiver: pid=13535 uid=10067 gids={50067, 3003, 1015, 1006, 1028}
04-22 13:43:40.752 13521 13525 D dalvikvm: GC_CONCURRENT freed 407K, 5% free 8945K/9360K, paused 4ms+7ms, total 53ms
04-22 13:43:40.792   589   872 I ActivityManager: No longer want com.android.musicfx (pid 12297): empty #17
04-22 13:43:40.822 13521 13551 D PicasaUploader:    wifiOnlyPhoto changed to true
04-22 13:43:40.832 13521 13551 D PicasaUploader:    wifiOnlyVideo changed to true
04-22 13:43:40.832 13521 13551 D PicasaUploader:    syncOnBattery changed to true
04-22 13:43:40.832 13521 13551 D PicasaUploaderSync: sync account database
04-22 13:43:40.852 13535 13535 I ActivityThread: Pub com.google.android.youtube.SuggestionProvider: com.google.android.youtube.core.suggest.SuggestionProvider
04-22 13:43:40.862 13535 13539 D dalvikvm: GC_CONCURRENT freed 156K, 2% free 9121K/9304K, paused 2ms+3ms, total 26ms
04-22 13:43:40.862 13521 13551 D PicasaUploaderSync: accounts in DB=1
04-22 13:43:40.862 13521 13551 D PicasaUploaderSyncManager: active network: NetworkInfo: type: WIFI[], state: CONNECTED/CONNECTED, reason: (unspecified), extra: "Appcelerator Guests", roaming: false, failover: false, isAvailable: true
04-22 13:43:40.862 13521 13551 D PicasaUploaderSyncManager: background data: true
04-22 13:43:40.892 13521 13551 D PicasaUploaderSyncManager: battery info: true
04-22 13:43:40.902 13535 13535 D YouTube : youtube.core.utils.Util.createHttpClient:897 HttpClient.UserAgent: com.google.android.youtube/4.1.23A(Linux; U; Android 4.2.1; en_US; Nexus 4 Build/JOP40D)
04-22 13:43:40.912 13535 13535 D YouTube : youtube.core.utils.Util.createHttpClient:897 HttpClient.UserAgent: com.google.android.youtube/4.1.23A(Linux; U; Android 4.2.1; en_US; Nexus 4 Build/JOP40D)
04-22 13:43:40.922 13535 13558 D YouTube : youtube.core.utils.SafeSearch.run:49 checking parental control
04-22 13:43:40.922 13535 13558 D YouTube : youtube.core.utils.SafeSearch.run:51 parental control is false
04-22 13:43:40.952  1816 13500 I com.appcelerator.cloud.push.PushService: MQTT Connected
04-22 13:43:41.012  1816 13513 I com.appcelerator.cloud.push.PushService: MQTT Disonnected
04-22 13:43:41.012  1816 13513 W com.appcelerator.cloud.push.PushService: MQTT Service status:true
04-22 13:43:41.022 13535 13535 D YouTube : youtube.app.YouTubeApplication.initInternal:177 distributionChannel mvapp-android-google
04-22 13:43:41.022 13535 13535 D YouTube : youtube.app.YouTubeApplication.initInternal:179 platformId [Nexus 4][google/occam/mako:4.2.1/JOP40D/533553:user/release-keys]
04-22 13:43:41.042 13535 13539 D dalvikvm: GC_CONCURRENT freed 288K, 4% free 9221K/9536K, paused 3ms+2ms, total 20ms
04-22 13:43:41.062 13535 13535 D YouTube : youtube.core.client.DefaultAnalyticsClient.trackEvent:126 event [version=4.1.23A-s100, action=Startup, label=NORMAL_STARTUP, value=-1]
04-22 13:43:41.062 13535 13535 D YouTube : youtube.core.client.DefaultAnalyticsClient.trackEvent:126 event [version=4.1.23A-s100, action=SessionSummary, label=Out NoWatch NoHome, value=0]
04-22 13:43:41.092 13535 13571 D YouTube : youtube.core.utils.Util.shrinkDirSize:564 Dir is below limit, no need to shrink: [size=264822, limit=20971520]
04-22 13:43:41.143 13535 13539 D dalvikvm: GC_CONCURRENT freed 305K, 4% free 9428K/9760K, paused 2ms+3ms, total 35ms
04-22 13:43:41.143 13535 13535 D dalvikvm: WAIT_FOR_CONCURRENT_GC blocked 9ms
04-22 13:43:41.143 13535 13545 W CursorWrapperInner: Cursor finalized without prior close()
04-22 13:43:41.183 13535 13535 D YouTube : youtube.app.plus1.DefaultYouTubePlusOneClient.disablePlusOne:105 Disabled +1 annotation
04-22 13:43:41.213  1816 13513 I com.appcelerator.cloud.push.PushService: MQTT Connected
04-22 13:43:41.213   589   715 D Tethering: MasterInitialState.processMessage what=3
04-22 13:43:41.223  1816  1816 D com.appcelerator.cloud.push.PushService: Connectivity changed. Network availability:true; Has connectivity:true; type:WIFI; reason:null
04-22 13:43:41.233  1816  1816 D com.appcelerator.cloud.push.PushService: MQTT Status:Connected
04-22 13:43:41.233   589   715 D Tethering: MasterInitialState.processMessage what=3
04-22 13:43:41.243  1816  1816 D com.appcelerator.cloud.push.PushService: Connectivity changed. Network availability:true; Has connectivity:true; type:WIFI; reason:null
04-22 13:43:41.253  1816  1816 D com.appcelerator.cloud.push.PushService: MQTT Status:Connected
04-22 13:43:41.263   589  1088 E         : W/virtual loc_api_adapter_err LocApiAdapter::enableData(int): default implementation invoked
04-22 13:43:41.263   589  1088 E         : W/virtual loc_api_adapter_err LocApiAdapter::setAPN(char*, int): default implementation invoked
04-22 13:43:41.283 13535 13535 D YouTube : youtube.app.prefetch.PrefetchService$DeviceStateReceiver.onReceive:551 Got device state change intent: android.net.conn.CONNECTIVITY_CHANGE
04-22 13:43:41.283   589   713 D ConnectivityService: handleInetConditionHoldEnd: net=1, condition=100, published condition=0
04-22 13:43:41.293 13535 13535 D YouTube : youtube.core.transfer.TransferService.onCreate:108 creating transfer service
04-22 13:43:41.293   589   870 I ActivityManager: Start proc com.google.android.gcm for broadcast com.google.android.gms/.gcm.ServiceAutoStarter: pid=13582 uid=10023 gids={50023, 3003, 1007, 1028, 1015, 2001, 3006}
04-22 13:43:41.303   589  1088 E         : W/virtual loc_api_adapter_err LocApiAdapter::enableData(int): default implementation invoked
04-22 13:43:41.303   589  1088 E         : W/virtual loc_api_adapter_err LocApiAdapter::setAPN(char*, int): default implementation invoked
04-22 13:43:41.323 13535 13535 D YouTube : youtube.app.prefetch.PrefetchService.run:176 PrefetchService started at 22 Apr 2013 20:43:41 GMT
04-22 13:43:41.343 12529 12619 D dalvikvm: GC_EXPLICIT freed 308K, 41% free 12333K/20624K, paused 3ms+4ms, total 35ms
04-22 13:43:41.343 13535 13535 D YouTube : youtube.app.prefetch.PrefetchService.onRestored:251 Download snapshot restored
04-22 13:43:41.343 13535 13539 D dalvikvm: GC_CONCURRENT freed 250K, 3% free 9596K/9876K, paused 2ms+3ms, total 24ms
04-22 13:43:41.343 13535 13535 D YouTube : youtube.app.prefetch.PrefetchService.onDestroy:222 PrefetchService destroyed at 22 Apr 2013 20:43:41 GMT
04-22 13:43:41.353   589  1011 I ActivityManager: No longer want com.google.android.googlequicksearchbox (pid 12327): empty #17
04-22 13:43:41.403 13582 13586 D dalvikvm: GC_CONCURRENT freed 149K, 2% free 9080K/9256K, paused 3ms+2ms, total 26ms
04-22 13:43:41.423   589  9073 I ActivityManager: Start proc com.cisco.anyconnect.vpn.android.avf for broadcast com.cisco.anyconnect.vpn.android.avf/com.cisco.anyconnect.vpn.android.ui.helpers.NetworkChangeReceiver: pid=13597 uid=10076 gids={50076, 3003, 1028}
04-22 13:43:41.473 13597 13597 I ActivityThread: Pub com.cisco.anyconnect.vpn.android.io.fileprovider: com.cisco.anyconnect.vpn.android.io.FileProvider
04-22 13:43:41.483 13597 13597 D dalvikvm: Trying to load lib /data/app-lib/com.cisco.anyconnect.vpn.android.avf-1/libstlport_shared.so 0x425d6428
04-22 13:43:41.483 13597 13597 D dalvikvm: Added shared lib /data/app-lib/com.cisco.anyconnect.vpn.android.avf-1/libstlport_shared.so 0x425d6428
04-22 13:43:41.483 13597 13597 D dalvikvm: No JNI_OnLoad found in /data/app-lib/com.cisco.anyconnect.vpn.android.avf-1/libstlport_shared.so 0x425d6428, skipping init
04-22 13:43:41.483 13597 13597 D dalvikvm: Trying to load lib /data/app-lib/com.cisco.anyconnect.vpn.android.avf-1/libacenv.so 0x425d6428
04-22 13:43:41.483 13597 13597 D dalvikvm: Added shared lib /data/app-lib/com.cisco.anyconnect.vpn.android.avf-1/libacenv.so 0x425d6428
04-22 13:43:41.483 13597 13597 D dalvikvm: No JNI_OnLoad found in /data/app-lib/com.cisco.anyconnect.vpn.android.avf-1/libacenv.so 0x425d6428, skipping init
04-22 13:43:41.483 13597 13597 I vpnandroid: GlobalAppHelpers: Initialized SNAK environment variables.
04-22 13:43:41.483 13597 13597 I vpnandroid: NetworkChangeReceiver: network info type=Unknown Interface Type id=1
04-22 13:43:41.493   589  9073 I ActivityManager: No longer want com.android.defcontainer (pid 12269): empty #17
04-22 13:43:41.593 13535 13535 D YouTube : youtube.app.prefetch.PrefetchService$DeviceStateReceiver.onReceive:551 Got device state change intent: android.net.conn.CONNECTIVITY_CHANGE
04-22 13:43:41.603 13535 13535 D YouTube : youtube.app.prefetch.PrefetchService.run:176 PrefetchService started at 22 Apr 2013 20:43:41 GMT
04-22 13:43:41.603 13535 13535 D YouTube : youtube.app.prefetch.PrefetchService.onRestored:251 Download snapshot restored
04-22 13:43:41.613 13535 13535 D YouTube : youtube.app.prefetch.PrefetchService.onDestroy:222 PrefetchService destroyed at 22 Apr 2013 20:43:41 GMT
04-22 13:43:41.623 13597 13597 I vpnandroid: NetworkChangeReceiver: network info type=Unknown Interface Type id=1
04-22 13:43:41.633   589  1011 I ActivityManager: Start proc com.google.android.talk for broadcast com.google.android.talk/.ConnectionStateOnlineReceiver: pid=13613 uid=10059 gids={50059, 3003, 1015, 1006, 1028, 3002}
04-22 13:43:41.683 13613 13613 I ActivityThread: Pub com.google.android.talk.SuggestionProvider: com.google.android.talk.SuggestionsProvider
04-22 13:43:41.713 13613 13617 D dalvikvm: GC_CONCURRENT freed 176K, 3% free 9147K/9364K, paused 3ms+1ms, total 19ms
04-22 13:43:41.713 13613 13613 D dalvikvm: WAIT_FOR_CONCURRENT_GC blocked 12ms
04-22 13:43:41.723 13613 13613 D vclib:CallStateClient: startListening
04-22 13:43:41.733   589  1011 I ActivityManager: No longer want com.android.vending (pid 12381): empty #17
04-22 13:43:41.803 13535 13535 D YouTube : youtube.app.prefetch.PrefetchService$DeviceStateReceiver.onReceive:551 Got device state change intent: android.net.conn.CONNECTIVITY_CHANGE
04-22 13:43:41.813 13535 13535 D YouTube : youtube.app.prefetch.PrefetchService.run:176 PrefetchService started at 22 Apr 2013 20:43:41 GMT
04-22 13:43:41.883   589  9074 D dalvikvm: GC_EXPLICIT freed 669K, 34% free 19721K/29648K, paused 5ms+6ms, total 79ms
04-22 13:43:41.893 13535 13535 D YouTube : youtube.app.prefetch.PrefetchService.onRestored:251 Download snapshot restored
04-22 13:43:41.903 13535 13535 D YouTube : youtube.app.prefetch.PrefetchService.onDestroy:222 PrefetchService destroyed at 22 Apr 2013 20:43:41 GMT
04-22 13:43:41.913 13597 13597 I vpnandroid: NetworkChangeReceiver: network info type=Unknown Interface Type id=1
04-22 13:43:41.993 11285 11289 D dalvikvm: GC_CONCURRENT freed 232K, 3% free 9147K/9408K, paused 3ms+4ms, total 41ms
04-22 13:43:41.993 13535 13535 D YouTube : youtube.app.prefetch.PrefetchService$DeviceStateReceiver.onReceive:551 Got device state change intent: android.net.conn.CONNECTIVITY_CHANGE
04-22 13:43:41.993 13535 13535 D YouTube : youtube.app.prefetch.PrefetchService.run:176 PrefetchService started at 22 Apr 2013 20:43:42 GMT
04-22 13:43:42.003 13535 13535 D YouTube : youtube.app.prefetch.PrefetchService.onRestored:251 Download snapshot restored
04-22 13:43:42.003 13535 13535 D YouTube : youtube.app.prefetch.PrefetchService.onDestroy:222 PrefetchService destroyed at 22 Apr 2013 20:43:42 GMT
04-22 13:43:42.013 13597 13597 I vpnandroid: NetworkChangeReceiver: network info type=Unknown Interface Type id=1
04-22 13:43:42.013   589   872 I ActivityManager: Start proc com.google.android.gms for broadcast com.google.android.gms/.recovery.AccountRecoveryService$Receiver: pid=13641 uid=10023 gids={50023, 3003, 1007, 1028, 1015, 2001, 3006}
04-22 13:43:42.084 13641 13641 I ActivityThread: Pub com.google.android.gms.plus;com.google.android.gms.plus.action: com.google.android.gms.plus.provider.PlusProvider
04-22 13:43:42.094 13641 13641 I Recovery: Received: Intent { act=com.google.android.gms.INITIALIZE flg=0x10 pkg=com.google.android.gms cmp=com.google.android.gms/.recovery.AccountRecoveryService$Receiver }
04-22 13:43:42.114   589   604 I ActivityManager: No longer want com.google.android.gm (pid 12794): empty #17
04-22 13:43:42.134 13641 13645 D dalvikvm: GC_CONCURRENT freed 154K, 2% free 9058K/9240K, paused 4ms+2ms, total 22ms
04-22 13:43:42.134 13641 13641 I Recovery: Received: Intent { act=com.google.android.gms.INITIALIZE flg=0x10 pkg=com.google.android.gms cmp=com.google.android.gms/.recovery.AccountRecoveryService$Receiver }
04-22 13:43:42.184 11493 11497 D dalvikvm: GC_CONCURRENT freed 311K, 4% free 9234K/9576K, paused 5ms+7ms, total 43ms
04-22 13:43:42.194  1071  1074 D dalvikvm: GC_CONCURRENT freed 376K, 5% free 9894K/10324K, paused 3ms+11ms, total 40ms
04-22 13:43:42.214 13613 13617 D dalvikvm: GC_CONCURRENT freed 274K, 4% free 9278K/9588K, paused 4ms+1ms, total 32ms
04-22 13:43:45.868 12529 12533 D dalvikvm: GC_CONCURRENT freed 1054K, 41% free 12338K/20624K, paused 3ms+6ms, total 59ms
04-22 13:43:47.569 12529 12619 D dalvikvm: GC_EXPLICIT freed 305K, 41% free 12333K/20624K, paused 4ms+8ms, total 44ms
04-22 13:43:52.074 12529 12533 D dalvikvm: GC_CONCURRENT freed 1052K, 41% free 12338K/20624K, paused 5ms+9ms, total 55ms
04-22 13:43:53.826 12529 12619 D dalvikvm: GC_EXPLICIT freed 307K, 41% free 12333K/20624K, paused 8ms+14ms, total 82ms
04-22 13:43:58.351 12529 12533 D dalvikvm: GC_CONCURRENT freed 1050K, 41% free 12335K/20624K, paused 4ms+2ms, total 35ms
04-22 13:44:00.103 12529 12619 D dalvikvm: GC_EXPLICIT freed 310K, 41% free 12333K/20624K, paused 7ms+3ms, total 43ms
04-22 13:44:04.628 12529 12533 D dalvikvm: GC_CONCURRENT freed 1054K, 41% free 12338K/20624K, paused 5ms+6ms, total 59ms
04-22 13:44:06.329 12529 12619 D dalvikvm: GC_EXPLICIT freed 305K, 41% free 12333K/20624K, paused 6ms+9ms, total 87ms
04-22 13:44:10.794 12529 12533 D dalvikvm: GC_CONCURRENT freed 1055K, 41% free 12333K/20624K, paused 6ms+5ms, total 50ms
04-22 13:44:12.546 12529 12619 D dalvikvm: GC_EXPLICIT freed 304K, 41% free 12333K/20624K, paused 8ms+10ms, total 83ms
04-22 13:44:17.051 12529 12533 D dalvikvm: GC_CONCURRENT freed 1047K, 41% free 12341K/20624K, paused 4ms+4ms, total 40ms
04-22 13:44:18.853 12529 12619 D dalvikvm: GC_EXPLICIT freed 313K, 41% free 12333K/20624K, paused 8ms+9ms, total 81ms
04-22 13:44:23.358 12529 12533 D dalvikvm: GC_CONCURRENT freed 1054K, 41% free 12334K/20624K, paused 4ms+2ms, total 45ms
04-22 13:44:25.170 12529 12619 D dalvikvm: GC_EXPLICIT freed 306K, 41% free 12333K/20624K, paused 9ms+10ms, total 78ms
04-22 13:44:29.644 12529 12533 D dalvikvm: GC_CONCURRENT freed 1054K, 41% free 12337K/20624K, paused 6ms+6ms, total 55ms
04-22 13:44:31.386 12529 12619 D dalvikvm: GC_EXPLICIT freed 305K, 41% free 12333K/20624K, paused 8ms+3ms, total 64ms
04-22 13:44:35.851 12529 12533 D dalvikvm: GC_CONCURRENT freed 1047K, 41% free 12335K/20624K, paused 4ms+3ms, total 30ms
04-22 13:44:37.673 12529 12619 D dalvikvm: GC_EXPLICIT freed 312K, 41% free 12333K/20624K, paused 5ms+10ms, total 71ms
04-22 13:44:42.128 12529 12533 D dalvikvm: GC_CONCURRENT freed 1049K, 41% free 12334K/20624K, paused 3ms+2ms, total 28ms
04-22 13:44:42.708  1042  1046 D dalvikvm: GC_CONCURRENT freed 367K, 5% free 9492K/9972K, paused 2ms+4ms, total 32ms
04-22 13:44:43.889 12529 12619 D dalvikvm: GC_EXPLICIT freed 310K, 41% free 12333K/20624K, paused 6ms+4ms, total 64ms
04-22 13:44:48.364 12529 12533 D dalvikvm: GC_CONCURRENT freed 1049K, 41% free 12334K/20624K, paused 4ms+6ms, total 41ms
04-22 13:44:50.226 12529 12619 D dalvikvm: GC_EXPLICIT freed 310K, 41% free 12333K/20624K, paused 8ms+12ms, total 79ms
04-22 13:44:54.761 12529 12533 D dalvikvm: GC_CONCURRENT freed 1054K, 41% free 12337K/20624K, paused 8ms+6ms, total 73ms
04-22 13:44:55.712   744   744 I wpa_supplicant: wlan0: Associated with c0:62:6b:66:cf:f2
04-22 13:44:55.732   744   744 I wpa_supplicant: wlan0: WPA: Key negotiation completed with c0:62:6b:66:cf:f2 [PTK=CCMP GTK=CCMP]
04-22 13:44:55.732   744   744 I wpa_supplicant: wlan0: CTRL-EVENT-CONNECTED - Connection to c0:62:6b:66:cf:f2 completed (reauth) [id=0 id_str=]
04-22 13:44:56.503 12529 12619 D dalvikvm: GC_EXPLICIT freed 305K, 41% free 12333K/20624K, paused 9ms+5ms, total 52ms
04-22 13:45:00.998 12529 12533 D dalvikvm: GC_CONCURRENT freed 1047K, 41% free 12336K/20624K, paused 2ms+3ms, total 27ms
04-22 13:45:02.740 12529 12619 D dalvikvm: GC_EXPLICIT freed 312K, 41% free 12333K/20624K, paused 7ms+3ms, total 58ms
04-22 13:45:07.214 12529 12533 D dalvikvm: GC_CONCURRENT freed 1046K, 41% free 12337K/20624K, paused 4ms+7ms, total 36ms
04-22 13:45:08.986 12529 12619 D dalvikvm: GC_EXPLICIT freed 313K, 41% free 12333K/20624K, paused 6ms+3ms, total 57ms
04-22 13:45:13.501 12529 12533 D dalvikvm: GC_CONCURRENT freed 1054K, 41% free 12335K/20624K, paused 6ms+2ms, total 46ms
04-22 13:45:15.263 12529 12619 D dalvikvm: GC_EXPLICIT freed 304K, 41% free 12333K/20624K, paused 11ms+9ms, total 79ms
04-22 13:45:19.778 12529 12533 D dalvikvm: GC_CONCURRENT freed 1054K, 41% free 12338K/20624K, paused 6ms+6ms, total 67ms
04-22 13:45:21.500 12529 12619 D dalvikvm: GC_EXPLICIT freed 305K, 41% free 12333K/20624K, paused 7ms+4ms, total 47ms
04-22 13:45:25.944 12529 12533 D dalvikvm: GC_CONCURRENT freed 1050K, 41% free 12338K/20624K, paused 5ms+3ms, total 38ms
04-22 13:45:27.786 12529 12619 D dalvikvm: GC_EXPLICIT freed 309K, 41% free 12333K/20624K, paused 7ms+3ms, total 61ms
04-22 13:45:32.281 12529 12533 D dalvikvm: GC_CONCURRENT freed 1054K, 41% free 12337K/20624K, paused 6ms+6ms, total 60ms
04-22 13:45:34.043 12529 12619 D dalvikvm: GC_EXPLICIT freed 306K, 41% free 12333K/20624K, paused 1ms+11ms, total 67ms
04-22 13:45:38.568 12529 12533 D dalvikvm: GC_CONCURRENT freed 1053K, 41% free 12335K/20624K, paused 6ms+6ms, total 58ms
04-22 13:45:40.280 12529 12619 D dalvikvm: GC_EXPLICIT freed 306K, 41% free 12333K/20624K, paused 7ms+9ms, total 65ms
04-22 13:45:42.732 13314 13318 D dalvikvm: GC_CONCURRENT freed 469K, 6% free 10242K/10812K, paused 7ms+5ms, total 58ms
04-22 13:45:44.714 12529 12533 D dalvikvm: GC_CONCURRENT freed 1047K, 41% free 12338K/20624K, paused 3ms+3ms, total 34ms
04-22 13:45:46.486 12529 12619 D dalvikvm: GC_EXPLICIT freed 312K, 41% free 12333K/20624K, paused 8ms+4ms, total 57ms
04-22 13:45:50.991 12529 12533 D dalvikvm: GC_CONCURRENT freed 1054K, 41% free 12338K/20624K, paused 6ms+2ms, total 63ms
04-22 13:45:52.673 12529 12619 D dalvikvm: GC_EXPLICIT freed 305K, 41% free 12333K/20624K, paused 2ms+3ms, total 27ms
04-22 13:45:57.188 12529 12533 D dalvikvm: GC_CONCURRENT freed 1057K, 41% free 12338K/20624K, paused 6ms+18ms, total 87ms
04-22 13:45:58.880 12529 12619 D dalvikvm: GC_EXPLICIT freed 303K, 41% free 12333K/20624K, paused 6ms+4ms, total 54ms
04-22 13:46:03.334 12529 12533 D dalvikvm: GC_CONCURRENT freed 1053K, 41% free 12346K/20624K, paused 6ms+4ms, total 64ms
04-22 13:46:04.986 12529 12619 D dalvikvm: GC_EXPLICIT freed 305K, 41% free 12333K/20624K, paused 6ms+4ms, total 62ms
04-22 13:46:09.481 12529 12533 D dalvikvm: GC_CONCURRENT freed 1059K, 41% free 12342K/20624K, paused 6ms+7ms, total 98ms
04-22 13:46:11.143 12529 12619 D dalvikvm: GC_EXPLICIT freed 301K, 41% free 12333K/20624K, paused 2ms+3ms, total 27ms
04-22 13:46:13.165   589   889 W ThrottleService: unable to find stats for iface rmnet_usb0
04-22 13:46:15.637 12529 12533 D dalvikvm: GC_CONCURRENT freed 1056K, 41% free 12335K/20624K, paused 10ms+4ms, total 70ms
04-22 13:46:17.349 12529 12619 D dalvikvm: GC_EXPLICIT freed 303K, 41% free 12333K/20624K, paused 5ms+8ms, total 65ms
04-22 13:46:21.884 12529 12533 D dalvikvm: GC_CONCURRENT freed 1053K, 41% free 12337K/20624K, paused 5ms+9ms, total 66ms
04-22 13:46:23.646 12529 12619 D dalvikvm: GC_EXPLICIT freed 306K, 41% free 12333K/20624K, paused 2ms+3ms, total 26ms
04-22 13:46:28.201 12529 12533 D dalvikvm: GC_CONCURRENT freed 1051K, 41% free 12336K/20624K, paused 7ms+6ms, total 66ms
04-22 13:46:29.963 12529 12619 D dalvikvm: GC_EXPLICIT freed 309K, 41% free 12333K/20624K, paused 2ms+3ms, total 27ms
04-22 13:46:34.437 12529 12533 D dalvikvm: GC_CONCURRENT freed 1057K, 41% free 12336K/20624K, paused 6ms+11ms, total 86ms
04-22 13:46:36.139 12529 12619 D dalvikvm: GC_EXPLICIT freed 302K, 41% free 12333K/20624K, paused 4ms+4ms, total 46ms
04-22 13:46:40.634 12529 12533 D dalvikvm: GC_CONCURRENT freed 1054K, 41% free 12338K/20624K, paused 10ms+7ms, total 65ms
04-22 13:46:42.326 12529 12619 D dalvikvm: GC_EXPLICIT freed 305K, 41% free 12333K/20624K, paused 5ms+4ms, total 54ms
04-22 13:46:46.841 12529 12533 D dalvikvm: GC_CONCURRENT freed 1058K, 41% free 12338K/20624K, paused 7ms+3ms, total 70ms
04-22 13:46:48.512 12529 12619 D dalvikvm: GC_EXPLICIT freed 301K, 41% free 12333K/20624K, paused 5ms+9ms, total 67ms
04-22 13:46:53.037 12529 12533 D dalvikvm: GC_CONCURRENT freed 1060K, 41% free 12341K/20624K, paused 8ms+2ms, total 80ms
04-22 13:46:54.689 12529 12619 D dalvikvm: GC_EXPLICIT freed 299K, 41% free 12333K/20624K, paused 20ms+3ms, total 74ms
04-22 13:46:59.184 12529 12533 D dalvikvm: GC_CONCURRENT freed 1055K, 41% free 12338K/20624K, paused 5ms+13ms, total 74ms
04-22 13:47:00.926 12529 12619 D dalvikvm: GC_EXPLICIT freed 304K, 41% free 12333K/20624K, paused 5ms+3ms, total 53ms
04-22 13:47:05.390 12529 12533 D dalvikvm: GC_CONCURRENT freed 1058K, 41% free 12338K/20624K, paused 6ms+2ms, total 66ms
04-22 13:47:07.102 12529 12619 D dalvikvm: GC_EXPLICIT freed 301K, 41% free 12333K/20624K, paused 4ms+3ms, total 44ms
04-22 13:47:11.587 12529 12533 D dalvikvm: GC_CONCURRENT freed 1055K, 41% free 12336K/20624K, paused 7ms+3ms, total 59ms
04-22 13:47:13.339 12529 12619 D dalvikvm: GC_EXPLICIT freed 304K, 41% free 12333K/20624K, paused 3ms+9ms, total 62ms
04-22 13:47:17.884 12529 12533 D dalvikvm: GC_CONCURRENT freed 1052K, 41% free 12340K/20624K, paused 6ms+12ms, total 84ms
04-22 13:47:19.626 12529 12619 D dalvikvm: GC_EXPLICIT freed 307K, 41% free 12333K/20624K, paused 2ms+5ms, total 37ms
04-22 13:47:24.130 12529 12533 D dalvikvm: GC_CONCURRENT freed 1056K, 41% free 12336K/20624K, paused 6ms+8ms, total 74ms
04-22 13:47:25.812 12529 12619 D dalvikvm: GC_EXPLICIT freed 304K, 41% free 12333K/20624K, paused 3ms+4ms, total 47ms
04-22 13:47:30.337 12529 12533 D dalvikvm: GC_CONCURRENT freed 1059K, 41% free 12336K/20624K, paused 6ms+11ms, total 73ms
04-22 13:47:31.989 12529 12619 D dalvikvm: GC_EXPLICIT freed 300K, 41% free 12333K/20624K, paused 6ms+4ms, total 57ms
04-22 13:47:36.474 12529 12533 D dalvikvm: GC_CONCURRENT freed 1050K, 41% free 12335K/20624K, paused 6ms+7ms, total 63ms
04-22 13:47:38.236 12529 12619 D dalvikvm: GC_EXPLICIT freed 309K, 41% free 12333K/20624K, paused 5ms+3ms, total 57ms
04-22 13:47:42.740 12529 12533 D dalvikvm: GC_CONCURRENT freed 1059K, 41% free 12334K/20624K, paused 6ms+3ms, total 79ms
04-22 13:47:44.432 12529 12619 D dalvikvm: GC_EXPLICIT freed 300K, 41% free 12333K/20624K, paused 5ms+9ms, total 73ms
04-22 13:47:49.047 12529 12533 D dalvikvm: GC_CONCURRENT freed 1057K, 41% free 12338K/20624K, paused 6ms+6ms, total 65ms
04-22 13:47:50.709 12529 12619 D dalvikvm: GC_EXPLICIT freed 302K, 41% free 12333K/20624K, paused 5ms+10ms, total 69ms
04-22 13:47:55.244 12529 12533 D dalvikvm: GC_CONCURRENT freed 1055K, 41% free 12340K/20624K, paused 5ms+7ms, total 78ms
04-22 13:47:57.026 12529 12619 D dalvikvm: GC_EXPLICIT freed 304K, 41% free 12333K/20624K, paused 2ms+10ms, total 61ms
04-22 13:48:01.550 12529 12533 D dalvikvm: GC_CONCURRENT freed 1055K, 41% free 12345K/20624K, paused 4ms+6ms, total 81ms
04-22 13:48:03.252 12529 12619 D dalvikvm: GC_EXPLICIT freed 304K, 41% free 12333K/20624K, paused 12ms+3ms, total 36ms
04-22 13:48:07.767 12529 12533 D dalvikvm: GC_CONCURRENT freed 1054K, 41% free 12337K/20624K, paused 6ms+8ms, total 80ms
04-22 13:48:09.449 12529 12619 D dalvikvm: GC_EXPLICIT freed 305K, 41% free 12333K/20624K, paused 3ms+5ms, total 37ms
04-22 13:48:13.924 12529 12533 D dalvikvm: GC_CONCURRENT freed 1053K, 41% free 12335K/20624K, paused 6ms+6ms, total 72ms
04-22 13:48:15.595 12529 12619 D dalvikvm: GC_EXPLICIT freed 307K, 41% free 12333K/20624K, paused 3ms+5ms, total 43ms
04-22 13:48:20.090 12529 12533 D dalvikvm: GC_CONCURRENT freed 1057K, 41% free 12335K/20624K, paused 7ms+3ms, total 65ms
04-22 13:48:21.822 12529 12619 D dalvikvm: GC_EXPLICIT freed 302K, 41% free 12333K/20624K, paused 4ms+4ms, total 37ms
04-22 13:48:26.317 12529 12533 D dalvikvm: GC_CONCURRENT freed 1051K, 41% free 12346K/20624K, paused 6ms+9ms, total 80ms
04-22 13:48:27.999 12529 12619 D dalvikvm: GC_EXPLICIT freed 309K, 41% free 12333K/20624K, paused 3ms+9ms, total 49ms
04-22 13:48:31.112   747   752 D dalvikvm: GC_CONCURRENT freed 967K, 12% free 12111K/13740K, paused 7ms+9ms, total 68ms
04-22 13:48:32.443 12529 12533 D dalvikvm: GC_CONCURRENT freed 1048K, 41% free 12335K/20624K, paused 6ms+3ms, total 35ms
04-22 13:48:34.225 12529 12619 D dalvikvm: GC_EXPLICIT freed 311K, 41% free 12333K/20624K, paused 6ms+7ms, total 64ms
04-22 13:48:38.780 12529 12533 D dalvikvm: GC_CONCURRENT freed 1055K, 41% free 12338K/20624K, paused 9ms+6ms, total 58ms
04-22 13:48:40.482 12529 12619 D dalvikvm: GC_EXPLICIT freed 304K, 41% free 12333K/20624K, paused 5ms+7ms, total 70ms
04-22 13:48:44.977 12529 12533 D dalvikvm: GC_CONCURRENT freed 1054K, 41% free 12333K/20624K, paused 6ms+2ms, total 43ms
04-22 13:48:46.719 12529 12619 D dalvikvm: GC_EXPLICIT freed 305K, 41% free 12333K/20624K, paused 6ms+8ms, total 66ms
04-22 13:48:51.173 12529 12533 D dalvikvm: GC_CONCURRENT freed 1046K, 41% free 12335K/20624K, paused 3ms+2ms, total 24ms
04-22 13:48:52.955 12529 12619 D dalvikvm: GC_EXPLICIT freed 314K, 41% free 12333K/20624K, paused 2ms+4ms, total 29ms
04-22 13:48:57.410 12529 12533 D dalvikvm: GC_CONCURRENT freed 1050K, 41% free 12333K/20624K, paused 2ms+2ms, total 23ms
04-22 13:48:59.162 12529 12619 D dalvikvm: GC_EXPLICIT freed 309K, 41% free 12333K/20624K, paused 6ms+7ms, total 72ms
04-22 13:49:03.617 12529 12533 D dalvikvm: GC_CONCURRENT freed 1049K, 41% free 12343K/20624K, paused 2ms+9ms, total 61ms
04-22 13:49:05.328 12529 12619 D dalvikvm: GC_EXPLICIT freed 310K, 41% free 12333K/20624K, paused 6ms+8ms, total 70ms
04-22 13:49:09.823 12529 12533 D dalvikvm: GC_CONCURRENT freed 1046K, 41% free 12336K/20624K, paused 3ms+4ms, total 36ms
04-22 13:49:11.535 12529 12619 D dalvikvm: GC_EXPLICIT freed 313K, 41% free 12333K/20624K, paused 5ms+4ms, total 37ms
04-22 13:49:15.970 12529 12533 D dalvikvm: GC_CONCURRENT freed 1050K, 41% free 12333K/20624K, paused 2ms+2ms, total 27ms
04-22 13:49:17.742 12529 12619 D dalvikvm: GC_EXPLICIT freed 309K, 41% free 12333K/20624K, paused 5ms+4ms, total 60ms
04-22 13:49:22.216 12529 12533 D dalvikvm: GC_CONCURRENT freed 1046K, 41% free 12335K/20624K, paused 2ms+4ms, total 27ms
04-22 13:49:23.948 12529 12619 D dalvikvm: GC_EXPLICIT freed 313K, 41% free 12333K/20624K, paused 3ms+4ms, total 41ms
04-22 13:49:28.453 12529 12533 D dalvikvm: GC_CONCURRENT freed 1053K, 41% free 12340K/20624K, paused 5ms+5ms, total 57ms
04-22 13:49:30.095 12529 12619 D dalvikvm: GC_EXPLICIT freed 307K, 41% free 12333K/20624K, paused 3ms+5ms, total 37ms
04-22 13:49:34.560 12529 12533 D dalvikvm: GC_CONCURRENT freed 1049K, 41% free 12333K/20624K, paused 6ms+2ms, total 28ms
04-22 13:49:36.282 12529 12619 D dalvikvm: GC_EXPLICIT freed 309K, 41% free 12333K/20624K, paused 3ms+4ms, total 43ms
04-22 13:49:40.706 12529 12533 D dalvikvm: GC_CONCURRENT freed 1050K, 41% free 12333K/20624K, paused 3ms+2ms, total 26ms
04-22 13:49:42.398 12529 12619 D dalvikvm: GC_EXPLICIT freed 310K, 41% free 12333K/20624K, paused 3ms+5ms, total 41ms
04-22 13:49:46.893 12529 12533 D dalvikvm: GC_CONCURRENT freed 1053K, 41% free 12338K/20624K, paused 6ms+5ms, total 52ms
04-22 13:49:48.595 12529 12619 D dalvikvm: GC_EXPLICIT freed 306K, 41% free 12333K/20624K, paused 4ms+5ms, total 47ms
04-22 13:49:53.039 12529 12533 D dalvikvm: GC_CONCURRENT freed 1049K, 41% free 12334K/20624K, paused 3ms+3ms, total 31ms
04-22 13:49:54.751 12529 12619 D dalvikvm: GC_EXPLICIT freed 310K, 41% free 12333K/20624K, paused 5ms+6ms, total 53ms
04-22 13:49:59.186 12529 12533 D dalvikvm: GC_CONCURRENT freed 1047K, 41% free 12336K/20624K, paused 3ms+3ms, total 29ms
04-22 13:50:00.968 12529 12619 D dalvikvm: GC_EXPLICIT freed 312K, 41% free 12333K/20624K, paused 5ms+8ms, total 61ms
04-22 13:50:05.463 12529 12533 D dalvikvm: GC_CONCURRENT freed 1044K, 41% free 12338K/20624K, paused 3ms+2ms, total 23ms
04-22 13:50:07.335 12529 12619 D dalvikvm: GC_EXPLICIT freed 315K, 41% free 12333K/20624K, paused 11ms+3ms, total 65ms
04-22 13:50:11.879 12529 12533 D dalvikvm: GC_CONCURRENT freed 1047K, 41% free 12336K/20624K, paused 3ms+3ms, total 35ms
04-22 13:50:13.641 12529 12619 D dalvikvm: GC_EXPLICIT freed 312K, 41% free 12333K/20624K, paused 6ms+3ms, total 62ms
04-22 13:50:18.106 12529 12533 D dalvikvm: GC_CONCURRENT freed 1048K, 41% free 12335K/20624K, paused 3ms+3ms, total 25ms
04-22 13:50:19.828 12529 12619 D dalvikvm: GC_EXPLICIT freed 312K, 41% free 12333K/20624K, paused 7ms+10ms, total 71ms
04-22 13:50:24.363 12529 12533 D dalvikvm: GC_CONCURRENT freed 1054K, 41% free 12335K/20624K, paused 6ms+5ms, total 56ms
04-22 13:50:26.095 12529 12619 D dalvikvm: GC_EXPLICIT freed 306K, 41% free 12333K/20624K, paused 7ms+9ms, total 71ms
04-22 13:50:30.599 12529 12533 D dalvikvm: GC_CONCURRENT freed 1049K, 41% free 12335K/20624K, paused 5ms+3ms, total 38ms
04-22 13:50:32.341 12529 12619 D dalvikvm: GC_EXPLICIT freed 310K, 41% free 12333K/20624K, paused 6ms+3ms, total 62ms
04-22 13:50:36.836 12529 12533 D dalvikvm: GC_CONCURRENT freed 1051K, 41% free 12341K/20624K, paused 4ms+8ms, total 57ms
04-22 13:50:38.438   173   225 E ThermalDaemon: Sensor 'batt_therm' - alarm cleared 2 at 36.0 degC
04-22 13:50:38.438   173   225 E ThermalDaemon: ACTION: CPU - Setting CPU[0] to 1512000
04-22 13:50:38.438   173   225 E ThermalDaemon: ACTION: CPU - Setting CPU[1] to 1512000
04-22 13:50:38.438   173   225 E ThermalDaemon: ACTION: CPU - Setting CPU[2] to 1512000
04-22 13:50:38.438   173   225 E ThermalDaemon: ACTION: CPU - Setting CPU[3] to 1512000
04-22 13:50:38.438   173   225 E ThermalDaemon: ACTION: GPU - Setting GPU[0] to 400000000
04-22 13:50:38.438   173   225 E ThermalDaemon: ACTION: LCD - Setting max LCD brightness to 240
04-22 13:50:38.528 12529 12619 D dalvikvm: GC_EXPLICIT freed 309K, 41% free 12333K/20624K, paused 6ms+4ms, total 57ms
04-22 13:50:42.943 12529 12533 D dalvikvm: GC_CONCURRENT freed 1053K, 41% free 12334K/20624K, paused 5ms+3ms, total 45ms
04-22 13:50:44.624 12529 12619 D dalvikvm: GC_EXPLICIT freed 306K, 41% free 12333K/20624K, paused 8ms+13ms, total 71ms
04-22 13:50:48.989 12529 12533 D dalvikvm: GC_CONCURRENT freed 1048K, 41% free 12335K/20624K, paused 4ms+3ms, total 32ms
04-22 13:50:50.631 12529 12619 D dalvikvm: GC_EXPLICIT freed 311K, 41% free 12333K/20624K, paused 6ms+2ms, total 55ms
04-22 13:50:54.995 12529 12533 D dalvikvm: GC_CONCURRENT freed 1050K, 41% free 12338K/20624K, paused 4ms+7ms, total 56ms
04-22 13:50:56.727 12529 12619 D dalvikvm: GC_EXPLICIT freed 310K, 41% free 12333K/20624K, paused 6ms+9ms, total 75ms
04-22 13:51:01.162 12529 12533 D dalvikvm: GC_CONCURRENT freed 1054K, 41% free 12337K/20624K, paused 6ms+4ms, total 52ms
04-22 13:51:02.834 12529 12619 D dalvikvm: GC_EXPLICIT freed 305K, 41% free 12333K/20624K, paused 5ms+9ms, total 63ms
04-22 13:51:07.199 12529 12533 D dalvikvm: GC_CONCURRENT freed 1050K, 41% free 12333K/20624K, paused 3ms+2ms, total 27ms
04-22 13:51:08.900 12529 12619 D dalvikvm: GC_EXPLICIT freed 309K, 41% free 12333K/20624K, paused 5ms+8ms, total 64ms
04-22 13:51:13.335 12529 12533 D dalvikvm: GC_CONCURRENT freed 1050K, 41% free 12337K/20624K, paused 6ms+2ms, total 46ms
04-22 13:51:14.977 12529 12619 D dalvikvm: GC_EXPLICIT freed 309K, 41% free 12333K/20624K, paused 5ms+3ms, total 61ms
04-22 13:51:20.353 12529 12533 D dalvikvm: GC_CONCURRENT freed 1050K, 41% free 12341K/20624K, paused 6ms+7ms, total 73ms
04-22 13:51:22.084 12529 12619 D dalvikvm: GC_EXPLICIT freed 309K, 41% free 12333K/20624K, paused 4ms+3ms, total 46ms
04-22 13:51:26.459 12529 12533 D dalvikvm: GC_CONCURRENT freed 1050K, 41% free 12333K/20624K, paused 3ms+3ms, total 23ms
04-22 13:51:28.141 12529 12619 D dalvikvm: GC_EXPLICIT freed 309K, 41% free 12333K/20624K, paused 4ms+2ms, total 49ms
04-22 13:51:32.506 12529 12533 D dalvikvm: GC_CONCURRENT freed 1046K, 41% free 12337K/20624K, paused 4ms+4ms, total 36ms
04-22 13:51:34.177 12529 12619 D dalvikvm: GC_EXPLICIT freed 313K, 41% free 12333K/20624K, paused 7ms+6ms, total 65ms
04-22 13:51:38.592 12529 12533 D dalvikvm: GC_CONCURRENT freed 1054K, 41% free 12334K/20624K, paused 5ms+2ms, total 39ms
04-22 13:51:40.234 12529 12619 D dalvikvm: GC_EXPLICIT freed 305K, 41% free 12333K/20624K, paused 2ms+3ms, total 24ms
04-22 13:51:44.638 12529 12533 D dalvikvm: GC_CONCURRENT freed 1054K, 41% free 12334K/20624K, paused 4ms+4ms, total 52ms
04-22 13:51:46.330 12529 12619 D dalvikvm: GC_EXPLICIT freed 306K, 41% free 12333K/20624K, paused 5ms+6ms, total 47ms
04-22 13:51:50.695 12529 12533 D dalvikvm: GC_CONCURRENT freed 1049K, 41% free 12334K/20624K, paused 3ms+3ms, total 24ms
04-22 13:51:52.377 12529 12619 D dalvikvm: GC_EXPLICIT freed 309K, 41% free 12333K/20624K, paused 6ms+3ms, total 57ms
04-22 13:51:56.811 12529 12533 D dalvikvm: GC_CONCURRENT freed 1051K, 41% free 12341K/20624K, paused 5ms+7ms, total 62ms
04-22 13:51:58.453 12529 12619 D dalvikvm: GC_EXPLICIT freed 308K, 41% free 12333K/20624K, paused 6ms+9ms, total 68ms
04-22 13:52:02.868 12529 12533 D dalvikvm: GC_CONCURRENT freed 1046K, 41% free 12337K/20624K, paused 4ms+7ms, total 32ms
04-22 13:52:04.610 12529 12619 D dalvikvm: GC_EXPLICIT freed 313K, 41% free 12333K/20624K, paused 9ms+11ms, total 85ms
04-22 13:52:09.035 12529 12533 D dalvikvm: GC_CONCURRENT freed 1056K, 41% free 12333K/20624K, paused 5ms+13ms, total 81ms
04-22 13:52:10.686 12529 12619 D dalvikvm: GC_EXPLICIT freed 305K, 41% free 12333K/20624K, paused 5ms+3ms, total 50ms
04-22 13:52:15.081 12529 12533 D dalvikvm: GC_CONCURRENT freed 1054K, 41% free 12334K/20624K, paused 6ms+2ms, total 47ms
04-22 13:52:17.624 12529 12619 D dalvikvm: GC_EXPLICIT freed 304K, 41% free 12333K/20624K, paused 11ms+2ms, total 62ms
04-22 13:52:22.018 12529 12533 D dalvikvm: GC_CONCURRENT freed 1056K, 41% free 12340K/20624K, paused 8ms+7ms, total 69ms
04-22 13:52:23.580 12529 12619 D dalvikvm: GC_EXPLICIT freed 303K, 41% free 12333K/20624K, paused 6ms+3ms, total 55ms
04-22 13:52:27.975 12529 12533 D dalvikvm: GC_CONCURRENT freed 1048K, 41% free 12335K/20624K, paused 5ms+5ms, total 45ms
04-22 13:52:29.596 12529 12619 D dalvikvm: GC_EXPLICIT freed 311K, 41% free 12333K/20624K, paused 2ms+4ms, total 27ms
04-22 13:52:33.971 12529 12533 D dalvikvm: GC_CONCURRENT freed 1048K, 41% free 12334K/20624K, paused 2ms+3ms, total 28ms
04-22 13:52:35.623 12529 12619 D dalvikvm: GC_EXPLICIT freed 310K, 41% free 12333K/20624K, paused 6ms+7ms, total 56ms
04-22 13:52:40.038 12529 12533 D dalvikvm: GC_CONCURRENT freed 1054K, 41% free 12338K/20624K, paused 5ms+5ms, total 52ms
04-22 13:52:41.629 12529 12619 D dalvikvm: GC_EXPLICIT freed 305K, 41% free 12333K/20624K, paused 6ms+9ms, total 64ms
04-22 13:52:45.994 12529 12533 D dalvikvm: GC_CONCURRENT freed 1050K, 41% free 12336K/20624K, paused 3ms+3ms, total 33ms
04-22 13:52:47.626 12529 12619 D dalvikvm: GC_EXPLICIT freed 310K, 41% free 12333K/20624K, paused 5ms+2ms, total 46ms
04-22 13:52:52.010 12529 12533 D dalvikvm: GC_CONCURRENT freed 1050K, 41% free 12334K/20624K, paused 5ms+4ms, total 43ms
04-22 13:52:53.652 12529 12619 D dalvikvm: GC_EXPLICIT freed 309K, 41% free 12333K/20624K, paused 7ms+8ms, total 62ms
04-22 13:52:58.087 12529 12533 D dalvikvm: GC_CONCURRENT freed 1055K, 41% free 12337K/20624K, paused 6ms+9ms, total 70ms
04-22 13:52:59.699 12529 12619 D dalvikvm: GC_EXPLICIT freed 304K, 41% free 12333K/20624K, paused 8ms+3ms, total 45ms
04-22 13:52:59.989   589   610 I ActivityManager: No longer want com.google.android.apps.maps:FriendService (pid 13344): empty #17
04-22 13:53:04.093 12529 12533 D dalvikvm: GC_CONCURRENT freed 1054K, 41% free 12333K/20624K, paused 5ms+4ms, total 51ms
04-22 13:53:05.785 12529 12619 D dalvikvm: GC_EXPLICIT freed 304K, 41% free 12333K/20624K, paused 5ms+4ms, total 56ms
04-22 13:53:10.170 12529 12533 D dalvikvm: GC_CONCURRENT freed 1054K, 41% free 12334K/20624K, paused 6ms+4ms, total 67ms
04-22 13:53:11.832 12529 12619 D dalvikvm: GC_EXPLICIT freed 305K, 41% free 12333K/20624K, paused 6ms+9ms, total 72ms
04-22 13:53:16.216 12529 12533 D dalvikvm: GC_CONCURRENT freed 1050K, 41% free 12333K/20624K, paused 2ms+3ms, total 27ms
04-22 13:53:18.288 12529 12619 D dalvikvm: GC_EXPLICIT freed 309K, 41% free 12333K/20624K, paused 6ms+3ms, total 56ms
04-22 13:53:22.653 12529 12533 D dalvikvm: GC_CONCURRENT freed 1050K, 41% free 12333K/20624K, paused 3ms+3ms, total 39ms
04-22 13:53:24.335 12529 12619 D dalvikvm: GC_EXPLICIT freed 309K, 41% free 12333K/20624K, paused 6ms+3ms, total 51ms
04-22 13:53:25.406  1071  2120 I EventLogService: Aggregate from 1366662205256 (log), 1366662205256 (data)
04-22 13:53:25.446 12872 12872 E WalletApplication: Wallet 230 version too old to run, quitting!
04-22 13:53:25.526  1071  2120 I ServiceDumpSys: dumping service [account]
04-22 13:53:28.780 12529 12533 D dalvikvm: GC_CONCURRENT freed 1050K, 41% free 12335K/20624K, paused 4ms+6ms, total 54ms
04-22 13:53:30.441 12529 12619 D dalvikvm: GC_EXPLICIT freed 310K, 41% free 12333K/20624K, paused 4ms+3ms, total 42ms
04-22 13:53:34.856 12529 12533 D dalvikvm: GC_CONCURRENT freed 1055K, 41% free 12337K/20624K, paused 5ms+4ms, total 65ms
04-22 13:53:35.617  1908  2074 D dalvikvm: GC_FOR_ALLOC freed 1436K, 12% free 13543K/15240K, paused 59ms, total 60ms
04-22 13:53:36.538 12529 12619 D dalvikvm: GC_EXPLICIT freed 305K, 41% free 12333K/20624K, paused 7ms+3ms, total 48ms
04-22 13:53:40.963 12529 12533 D dalvikvm: GC_CONCURRENT freed 1054K, 41% free 12333K/20624K, paused 6ms+5ms, total 52ms
04-22 13:53:42.564 12529 12619 D dalvikvm: GC_EXPLICIT freed 305K, 41% free 12333K/20624K, paused 5ms+9ms, total 65ms
04-22 13:53:46.959 12529 12533 D dalvikvm: GC_CONCURRENT freed 1045K, 41% free 12337K/20624K, paused 3ms+4ms, total 25ms
04-22 13:53:48.681 12529 12619 D dalvikvm: GC_EXPLICIT freed 314K, 41% free 12333K/20624K, paused 7ms+9ms, total 65ms
04-22 13:53:53.035 12529 12533 D dalvikvm: GC_CONCURRENT freed 1050K, 41% free 12335K/20624K, paused 7ms+3ms, total 48ms
04-22 13:53:54.737 12529 12619 D dalvikvm: GC_EXPLICIT freed 309K, 41% free 12333K/20624K, paused 7ms+3ms, total 57ms
04-22 13:53:59.102 12529 12533 D dalvikvm: GC_CONCURRENT freed 1050K, 41% free 12333K/20624K, paused 2ms+4ms, total 24ms
04-22 13:54:00.774 12529 12619 D dalvikvm: GC_EXPLICIT freed 310K, 41% free 12333K/20624K, paused 6ms+10ms, total 71ms
04-22 13:54:05.289 12529 12533 D dalvikvm: GC_CONCURRENT freed 1054K, 41% free 12337K/20624K, paused 6ms+2ms, total 53ms
04-22 13:54:06.920 12529 12619 D dalvikvm: GC_EXPLICIT freed 305K, 41% free 12333K/20624K, paused 10ms+6ms, total 56ms
04-22 13:54:11.325 12529 12533 D dalvikvm: GC_CONCURRENT freed 1054K, 41% free 12333K/20624K, paused 3ms+3ms, total 49ms
04-22 13:54:12.987 12529 12619 D dalvikvm: GC_EXPLICIT freed 304K, 41% free 12333K/20624K, paused 6ms+3ms, total 50ms
04-22 13:54:17.401 12529 12533 D dalvikvm: GC_CONCURRENT freed 1050K, 41% free 12337K/20624K, paused 5ms+8ms, total 57ms
04-22 13:54:19.053 12529 12619 D dalvikvm: GC_EXPLICIT freed 310K, 41% free 12333K/20624K, paused 5ms+8ms, total 65ms
04-22 13:54:23.478 12529 12533 D dalvikvm: GC_CONCURRENT freed 1052K, 41% free 12338K/20624K, paused 5ms+9ms, total 60ms
04-22 13:54:25.100 12529 12619 D dalvikvm: GC_EXPLICIT freed 307K, 41% free 12333K/20624K, paused 6ms+9ms, total 67ms
04-22 13:54:29.615 12529 12533 D dalvikvm: GC_CONCURRENT freed 1054K, 41% free 12337K/20624K, paused 6ms+5ms, total 58ms
04-22 13:54:31.226 12529 12619 D dalvikvm: GC_EXPLICIT freed 305K, 41% free 12333K/20624K, paused 7ms+10ms, total 69ms
04-22 13:54:35.571 12529 12533 D dalvikvm: GC_CONCURRENT freed 1054K, 41% free 12334K/20624K, paused 6ms+5ms, total 55ms
04-22 13:54:37.173 12529 12619 D dalvikvm: GC_EXPLICIT freed 304K, 41% free 12333K/20624K, paused 4ms+7ms, total 60ms
04-22 13:54:41.527 12529 12533 D dalvikvm: GC_CONCURRENT freed 1050K, 41% free 12333K/20624K, paused 3ms+1ms, total 25ms
04-22 13:54:43.179 12529 12619 D dalvikvm: GC_EXPLICIT freed 309K, 41% free 12333K/20624K, paused 5ms+8ms, total 61ms
04-22 13:54:47.564 12529 12533 D dalvikvm: GC_CONCURRENT freed 1050K, 41% free 12339K/20624K, paused 3ms+4ms, total 50ms
04-22 13:54:49.215 12529 12619 D dalvikvm: GC_EXPLICIT freed 309K, 41% free 12333K/20624K, paused 10ms+11ms, total 78ms
04-22 13:54:53.690 12529 12533 D dalvikvm: GC_CONCURRENT freed 1060K, 41% free 12341K/20624K, paused 13ms+7ms, total 93ms
04-22 13:54:55.242 12529 12619 D dalvikvm: GC_EXPLICIT freed 300K, 41% free 12333K/20624K, paused 9ms+3ms, total 56ms
04-22 13:54:59.657 12529 12533 D dalvikvm: GC_CONCURRENT freed 1048K, 41% free 12335K/20624K, paused 1ms+1ms, total 22ms
04-22 13:55:01.308 12529 12619 D dalvikvm: GC_EXPLICIT freed 311K, 41% free 12333K/20624K, paused 5ms+7ms, total 61ms
04-22 13:55:05.723 12529 12533 D dalvikvm: GC_CONCURRENT freed 1048K, 41% free 12344K/20624K, paused 5ms+7ms, total 60ms
04-22 13:55:07.365 12529 12619 D dalvikvm: GC_EXPLICIT freed 311K, 41% free 12333K/20624K, paused 4ms+8ms, total 61ms
04-22 13:55:11.780 12529 12533 D dalvikvm: GC_CONCURRENT freed 1049K, 41% free 12336K/20624K, paused 5ms+6ms, total 50ms
04-22 13:55:13.451 12529 12619 D dalvikvm: GC_EXPLICIT freed 309K, 41% free 12333K/20624K, paused 5ms+7ms, total 73ms
04-22 13:55:17.846 12529 12533 D dalvikvm: GC_CONCURRENT freed 1047K, 41% free 12336K/20624K, paused 7ms+4ms, total 40ms
04-22 13:55:19.578 12529 12619 D dalvikvm: GC_EXPLICIT freed 312K, 41% free 12333K/20624K, paused 5ms+3ms, total 47ms
04-22 13:55:24.033 12529 12533 D dalvikvm: GC_CONCURRENT freed 1055K, 41% free 12337K/20624K, paused 6ms+5ms, total 71ms
04-22 13:55:25.634 12529 12619 D dalvikvm: GC_EXPLICIT freed 304K, 41% free 12333K/20624K, paused 8ms+3ms, total 59ms
04-22 13:55:31.060 12529 12533 D dalvikvm: GC_CONCURRENT freed 1046K, 41% free 12334K/20624K, paused 4ms+2ms, total 22ms
04-22 13:55:32.782 12529 12619 D dalvikvm: GC_EXPLICIT freed 314K, 41% free 12333K/20624K, paused 8ms+9ms, total 80ms
04-22 13:55:37.217 12529 12533 D dalvikvm: GC_CONCURRENT freed 1058K, 41% free 12335K/20624K, paused 7ms+5ms, total 75ms
04-22 13:55:38.818 12529 12619 D dalvikvm: GC_EXPLICIT freed 301K, 41% free 12333K/20624K, paused 5ms+9ms, total 68ms
04-22 13:55:43.233 12529 12533 D dalvikvm: GC_CONCURRENT freed 1051K, 41% free 12341K/20624K, paused 4ms+9ms, total 59ms
04-22 13:55:44.865 12529 12619 D dalvikvm: GC_EXPLICIT freed 308K, 41% free 12333K/20624K, paused 6ms+9ms, total 66ms
04-22 13:55:49.320 12529 12533 D dalvikvm: GC_CONCURRENT freed 1054K, 41% free 12333K/20624K, paused 6ms+6ms, total 58ms
04-22 13:55:50.941 12529 12619 D dalvikvm: GC_EXPLICIT freed 306K, 41% free 12333K/20624K, paused 6ms+3ms, total 49ms
04-22 13:55:55.336 12529 12533 D dalvikvm: GC_CONCURRENT freed 1052K, 41% free 12335K/20624K, paused 7ms+3ms, total 50ms
04-22 13:55:56.998 12529 12619 D dalvikvm: GC_EXPLICIT freed 306K, 41% free 12333K/20624K, paused 4ms+6ms, total 53ms
04-22 13:56:01.362 12529 12533 D dalvikvm: GC_CONCURRENT freed 1050K, 41% free 12333K/20624K, paused 3ms+2ms, total 24ms
04-22 13:56:03.024 12529 12619 D dalvikvm: GC_EXPLICIT freed 309K, 41% free 12333K/20624K, paused 8ms+9ms, total 72ms
04-22 13:56:04.686   589   593 D dalvikvm: GC_CONCURRENT freed 2514K, 34% free 19811K/29648K, paused 4ms+9ms, total 76ms
04-22 13:56:07.379 12529 12533 D dalvikvm: GC_CONCURRENT freed 1054K, 41% free 12338K/20624K, paused 5ms+7ms, total 57ms
04-22 13:56:08.981 12529 12619 D dalvikvm: GC_EXPLICIT freed 305K, 41% free 12333K/20624K, paused 6ms+11ms, total 68ms
04-22 13:56:13.165   589   889 W ThrottleService: unable to find stats for iface rmnet_usb0
04-22 13:56:13.385 12529 12533 D dalvikvm: GC_CONCURRENT freed 1049K, 41% free 12334K/20624K, paused 5ms+6ms, total 44ms
04-22 13:56:15.167 12529 12619 D dalvikvm: GC_EXPLICIT freed 310K, 41% free 12333K/20624K, paused 6ms+9ms, total 71ms
04-22 13:56:19.612 12529 12533 D dalvikvm: GC_CONCURRENT freed 1050K, 41% free 12334K/20624K, paused 3ms+4ms, total 39ms
04-22 13:56:21.274   744   744 I wpa_supplicant: wlan0: CTRL-EVENT-DISCONNECTED bssid=c0:62:6b:66:cf:f2 reason=65534
04-22 13:56:21.274   589   715 D Tethering: InitialState.processMessage what=4
04-22 13:56:21.274   589   715 D Tethering: sendTetherStateChangedBroadcast 0, 0, 0
04-22 13:56:21.284   159   515 D CommandListener: Clearing all IP addresses on wlan0
04-22 13:56:21.294   589   713 D ConnectivityService: ConnectivityChange for WIFI: DISCONNECTED/DISCONNECTED
04-22 13:56:21.304   589   713 D ConnectivityService: Attempting to switch to mobile
04-22 13:56:21.304   589   713 D ConnectivityService: Attempting to switch to BLUETOOTH_TETHER
04-22 13:56:21.314   589   713 D NetUtils: android_net_utils_resetConnections in env=0x721450f8 clazz=0xb3300001 iface=wlan0 mask=0x3
04-22 13:56:21.314 12529 12619 D dalvikvm: GC_EXPLICIT freed 309K, 41% free 12333K/20624K, paused 7ms+5ms, total 84ms
04-22 13:56:21.314   589   713 D ConnectivityService: resetConnections(wlan0, 3)
04-22 13:56:21.334  1071 13515 W Smack/Packet: notify conn break (IOEx), close connection
04-22 13:56:21.404   589   713 D ConnectivityService: ConnectivityChange for WIFI: DISCONNECTED/DISCONNECTED
